Component: ARM Compiler 5.06 update 4 (build 422) Tool: armlink [4d35d2]

==============================================================================

Section Cross References

    startup_stm32f10x_hd.o(RESET) refers to startup_stm32f10x_hd.o(.text) for Reset_Handler
    startup_stm32f10x_hd.o(RESET) refers to stm32f10x_it.o(.text) for NMI_Handler
    startup_stm32f10x_hd.o(RESET) refers to timx.o(.text) for TIM2_IRQHandler
    startup_stm32f10x_hd.o(RESET) refers to usart.o(.text) for USART1_IRQHandler
    startup_stm32f10x_hd.o(.text) refers to startup_stm32f10x_hd.o(STACK) for __initial_sp
    startup_stm32f10x_hd.o(.text) refers to entry.o(.ARM.Collect$$$$00000000) for __main
    main.o(.text) refers to stm32f10x_i2c.o(.text) for I2C_GetFlagStatus
    main.o(.text) refers to i2c.o(.text) for I2C1_Conf_Init
    main.o(.text) refers to usart_data.o(.text) for USART_Read_From_Buffer
    main.o(.text) refers to usart.o(.text) for USART_Send_Byte
    main.o(.text) refers to main.o(.data) for t
    main.o(.text) refers to main.o(.bss) for _m_DS3231_USART1_Data
    main.o(.text) refers to timx.o(.text) for TIMx_With_NVIC_Config
    main.o(.text) refers to printf6.o(i.__0sprintf$6) for __2sprintf
    main.o(.text) refers to system_stm32f10x.o(.text) for SystemInit
    timx.o(.text) refers to stm32f10x_rcc.o(.text) for RCC_APB1PeriphClockCmd
    timx.o(.text) refers to stm32f10x_tim.o(.text) for TIM_ClearITPendingBit
    timx.o(.text) refers to misc.o(.text) for NVIC_PriorityGroupConfig
    timx.o(.text) refers to timx.o(.bss) for _m_TIM2_IRQHandler_Ptr
    gpio.o(.text) refers to stm32f10x_rcc.o(.text) for RCC_APB2PeriphClockCmd
    gpio.o(.text) refers to stm32f10x_gpio.o(.text) for GPIO_Init
    gpio.o(.text) refers to gpio.o(.data) for _m_GPIOx_Enable
    flash_led.o(.text) refers to stm32f10x_gpio.o(.text) for GPIO_ResetBits
    flash_led.o(.text) refers to timx.o(.text) for Register_TIMx_Callback
    flash_led.o(.text) refers to gpio.o(.text) for Out_PP_GPIO_Config
    flash_led.o(.text) refers to flash_led.o(.bss) for _m_Flash_LED_GPIO_Pin
    linked_list_data.o(.text) refers to linked_list.o(.text) for Linked_Remove_First
    linked_list_data.o(.text) refers to memcpya.o(.text) for __aeabi_memcpy
    pwm.o(.text) refers to stm32f10x_rcc.o(.text) for RCC_APB1PeriphClockCmd
    pwm.o(.text) refers to stm32f10x_gpio.o(.text) for GPIO_Init
    pwm.o(.text) refers to stm32f10x_tim.o(.text) for TIM_TimeBaseInit
    pwm_led.o(.text) refers to pwm.o(.text) for PWM_Mode_Config
    pwm_led.o(.text) refers to pwm_led.o(.data) for _m_PWM_LED_TIMx
    usart1_test.o(.text) refers to usart_data.o(.text) for USART_Received_To_Buffer
    usart1_test.o(.text) refers to usart.o(.text) for USART_Send_Byte
    usart1_test.o(.text) refers to flash_led.o(.text) for Led_Auto_Off
    usart1_test.o(.text) refers to timx.o(.text) for TIMx_With_NVIC_Config
    usart1_test.o(.text) refers to usart1_test.o(.bss) for _m_USART1_Data
    usart1_test.o(.text) refers to usart1_test.o(.data) for _m_USART1_Prompt_Counter
    i2c_eeprom.o(.text) refers to i2c.o(.text) for I2Cx_Wait
    i2c_eeprom.o(.text) refers to i2c_eeprom.o(.data) for _m_I2C_EE_Error_Code
    i2c.o(.text) refers to stm32f10x_rcc.o(.text) for RCC_APB2PeriphClockCmd
    i2c.o(.text) refers to stm32f10x_gpio.o(.text) for GPIO_Init
    i2c.o(.text) refers to stm32f10x_i2c.o(.text) for I2C_DeInit
    usart_data.o(.text) refers to linked_list.o(.text) for Linked_Add_Last
    usart_data.o(.text) refers to linked_list_data.o(.text) for Linked_List_Data_Add_Char
    usart.o(.text) refers to misc.o(.text) for NVIC_PriorityGroupConfig
    usart.o(.text) refers to stm32f10x_rcc.o(.text) for RCC_APB2PeriphClockCmd
    usart.o(.text) refers to gpio.o(.text) for GPIO_Config
    usart.o(.text) refers to stm32f10x_usart.o(.text) for USART_Init
    usart.o(.text) refers to usart.o(.bss) for _m_USART1_IRQHandler_Ptr
    i2c_eeprom_test.o(.text) refers to usart_data.o(.text) for USART_Read_From_Buffer
    i2c_eeprom_test.o(.text) refers to i2c_eeprom.o(.text) for I2Cx_EE_ReadByte
    i2c_eeprom_test.o(.text) refers to usart.o(.text) for USART_Send_Byte
    i2c_eeprom_test.o(.text) refers to timx.o(.text) for TIMx_With_NVIC_Config
    i2c_eeprom_test.o(.text) refers to i2c.o(.text) for I2C1_Conf_Init
    i2c_eeprom_test.o(.text) refers to i2c_eeprom_test.o(.bss) for _m_I2C_EE_USART1_Data
    i2c_eeprom_test.o(.text) refers to i2c_eeprom_test.o(.data) for _m_Read_EE_Chip_Address
    stm32f10x_gpio.o(.text) refers to stm32f10x_rcc.o(.text) for RCC_APB2PeriphResetCmd
    stm32f10x_rcc.o(.text) refers to stm32f10x_rcc.o(.data) for APBAHBPrescTable
    stm32f10x_usart.o(.text) refers to stm32f10x_rcc.o(.text) for RCC_APB2PeriphResetCmd
    stm32f10x_tim.o(.text) refers to stm32f10x_rcc.o(.text) for RCC_APB2PeriphResetCmd
    stm32f10x_i2c.o(.text) refers to stm32f10x_rcc.o(.text) for RCC_APB1PeriphResetCmd
    entry.o(.ARM.Collect$$$$00000000) refers (Special) to entry10a.o(.ARM.Collect$$$$0000000D) for __rt_final_cpp
    entry.o(.ARM.Collect$$$$00000000) refers (Special) to entry11a.o(.ARM.Collect$$$$0000000F) for __rt_final_exit
    entry.o(.ARM.Collect$$$$00000000) refers (Special) to entry7b.o(.ARM.Collect$$$$00000008) for _main_clock
    entry.o(.ARM.Collect$$$$00000000) refers (Special) to entry8b.o(.ARM.Collect$$$$0000000A) for _main_cpp_init
    entry.o(.ARM.Collect$$$$00000000) refers (Special) to entry9a.o(.ARM.Collect$$$$0000000B) for _main_init
    entry.o(.ARM.Collect$$$$00000000) refers (Special) to entry5.o(.ARM.Collect$$$$00000004) for _main_scatterload
    entry.o(.ARM.Collect$$$$00000000) refers (Special) to entry2.o(.ARM.Collect$$$$00000001) for _main_stk
    printfb.o(i.__0fprintf$bare) refers to printfb.o(i._printf_core) for _printf_core
    printfb.o(i.__0fprintf$bare) refers to fputc.o(i.fputc) for fputc
    printfb.o(i.__0printf$bare) refers to printfb.o(i._printf_core) for _printf_core
    printfb.o(i.__0printf$bare) refers to fputc.o(i.fputc) for fputc
    printfb.o(i.__0printf$bare) refers to stdout.o(.data) for __stdout
    printfb.o(i.__0snprintf$bare) refers to printfb.o(i._printf_core) for _printf_core
    printfb.o(i.__0snprintf$bare) refers to printfb.o(i._snputc) for _snputc
    printfb.o(i.__0sprintf$bare) refers to printfb.o(i._printf_core) for _printf_core
    printfb.o(i.__0sprintf$bare) refers to printfb.o(i._sputc) for _sputc
    printfb.o(i.__0vfprintf$bare) refers to printfb.o(i._printf_core) for _printf_core
    printfb.o(i.__0vfprintf$bare) refers to fputc.o(i.fputc) for fputc
    printfb.o(i.__0vprintf$bare) refers to printfb.o(i._printf_core) for _printf_core
    printfb.o(i.__0vprintf$bare) refers to fputc.o(i.fputc) for fputc
    printfb.o(i.__0vprintf$bare) refers to stdout.o(.data) for __stdout
    printfb.o(i.__0vsnprintf$bare) refers to printfb.o(i._printf_core) for _printf_core
    printfb.o(i.__0vsnprintf$bare) refers to printfb.o(i._snputc) for _snputc
    printfb.o(i.__0vsprintf$bare) refers to printfb.o(i._printf_core) for _printf_core
    printfb.o(i.__0vsprintf$bare) refers to printfb.o(i._sputc) for _sputc
    printf0.o(i.__0fprintf$0) refers to printf0.o(i._printf_core) for _printf_core
    printf0.o(i.__0fprintf$0) refers to fputc.o(i.fputc) for fputc
    printf0.o(i.__0printf$0) refers to printf0.o(i._printf_core) for _printf_core
    printf0.o(i.__0printf$0) refers to fputc.o(i.fputc) for fputc
    printf0.o(i.__0printf$0) refers to stdout.o(.data) for __stdout
    printf0.o(i.__0snprintf$0) refers to printf0.o(i._printf_core) for _printf_core
    printf0.o(i.__0snprintf$0) refers to printf0.o(i._snputc) for _snputc
    printf0.o(i.__0sprintf$0) refers to printf0.o(i._printf_core) for _printf_core
    printf0.o(i.__0sprintf$0) refers to printf0.o(i._sputc) for _sputc
    printf0.o(i.__0vfprintf$0) refers to printf0.o(i._printf_core) for _printf_core
    printf0.o(i.__0vfprintf$0) refers to fputc.o(i.fputc) for fputc
    printf0.o(i.__0vprintf$0) refers to printf0.o(i._printf_core) for _printf_core
    printf0.o(i.__0vprintf$0) refers to fputc.o(i.fputc) for fputc
    printf0.o(i.__0vprintf$0) refers to stdout.o(.data) for __stdout
    printf0.o(i.__0vsnprintf$0) refers to printf0.o(i._printf_core) for _printf_core
    printf0.o(i.__0vsnprintf$0) refers to printf0.o(i._snputc) for _snputc
    printf0.o(i.__0vsprintf$0) refers to printf0.o(i._printf_core) for _printf_core
    printf0.o(i.__0vsprintf$0) refers to printf0.o(i._sputc) for _sputc
    printf1.o(i.__0fprintf$1) refers to printf1.o(i._printf_core) for _printf_core
    printf1.o(i.__0fprintf$1) refers to fputc.o(i.fputc) for fputc
    printf1.o(i.__0printf$1) refers to printf1.o(i._printf_core) for _printf_core
    printf1.o(i.__0printf$1) refers to fputc.o(i.fputc) for fputc
    printf1.o(i.__0printf$1) refers to stdout.o(.data) for __stdout
    printf1.o(i.__0snprintf$1) refers to printf1.o(i._printf_core) for _printf_core
    printf1.o(i.__0snprintf$1) refers to printf1.o(i._snputc) for _snputc
    printf1.o(i.__0sprintf$1) refers to printf1.o(i._printf_core) for _printf_core
    printf1.o(i.__0sprintf$1) refers to printf1.o(i._sputc) for _sputc
    printf1.o(i.__0vfprintf$1) refers to printf1.o(i._printf_core) for _printf_core
    printf1.o(i.__0vfprintf$1) refers to fputc.o(i.fputc) for fputc
    printf1.o(i.__0vprintf$1) refers to printf1.o(i._printf_core) for _printf_core
    printf1.o(i.__0vprintf$1) refers to fputc.o(i.fputc) for fputc
    printf1.o(i.__0vprintf$1) refers to stdout.o(.data) for __stdout
    printf1.o(i.__0vsnprintf$1) refers to printf1.o(i._printf_core) for _printf_core
    printf1.o(i.__0vsnprintf$1) refers to printf1.o(i._snputc) for _snputc
    printf1.o(i.__0vsprintf$1) refers to printf1.o(i._printf_core) for _printf_core
    printf1.o(i.__0vsprintf$1) refers to printf1.o(i._sputc) for _sputc
    printf1.o(i._printf_core) refers to uidiv.o(.text) for __aeabi_uidivmod
    printf2.o(i.__0fprintf$2) refers to printf2.o(i._printf_core) for _printf_core
    printf2.o(i.__0fprintf$2) refers to fputc.o(i.fputc) for fputc
    printf2.o(i.__0printf$2) refers to printf2.o(i._printf_core) for _printf_core
    printf2.o(i.__0printf$2) refers to fputc.o(i.fputc) for fputc
    printf2.o(i.__0printf$2) refers to stdout.o(.data) for __stdout
    printf2.o(i.__0snprintf$2) refers to printf2.o(i._printf_core) for _printf_core
    printf2.o(i.__0snprintf$2) refers to printf2.o(i._snputc) for _snputc
    printf2.o(i.__0sprintf$2) refers to printf2.o(i._printf_core) for _printf_core
    printf2.o(i.__0sprintf$2) refers to printf2.o(i._sputc) for _sputc
    printf2.o(i.__0vfprintf$2) refers to printf2.o(i._printf_core) for _printf_core
    printf2.o(i.__0vfprintf$2) refers to fputc.o(i.fputc) for fputc
    printf2.o(i.__0vprintf$2) refers to printf2.o(i._printf_core) for _printf_core
    printf2.o(i.__0vprintf$2) refers to fputc.o(i.fputc) for fputc
    printf2.o(i.__0vprintf$2) refers to stdout.o(.data) for __stdout
    printf2.o(i.__0vsnprintf$2) refers to printf2.o(i._printf_core) for _printf_core
    printf2.o(i.__0vsnprintf$2) refers to printf2.o(i._snputc) for _snputc
    printf2.o(i.__0vsprintf$2) refers to printf2.o(i._printf_core) for _printf_core
    printf2.o(i.__0vsprintf$2) refers to printf2.o(i._sputc) for _sputc
    printf3.o(i.__0fprintf$3) refers to printf3.o(i._printf_core) for _printf_core
    printf3.o(i.__0fprintf$3) refers to fputc.o(i.fputc) for fputc
    printf3.o(i.__0printf$3) refers to printf3.o(i._printf_core) for _printf_core
    printf3.o(i.__0printf$3) refers to fputc.o(i.fputc) for fputc
    printf3.o(i.__0printf$3) refers to stdout.o(.data) for __stdout
    printf3.o(i.__0snprintf$3) refers to printf3.o(i._printf_core) for _printf_core
    printf3.o(i.__0snprintf$3) refers to printf3.o(i._snputc) for _snputc
    printf3.o(i.__0sprintf$3) refers to printf3.o(i._printf_core) for _printf_core
    printf3.o(i.__0sprintf$3) refers to printf3.o(i._sputc) for _sputc
    printf3.o(i.__0vfprintf$3) refers to printf3.o(i._printf_core) for _printf_core
    printf3.o(i.__0vfprintf$3) refers to fputc.o(i.fputc) for fputc
    printf3.o(i.__0vprintf$3) refers to printf3.o(i._printf_core) for _printf_core
    printf3.o(i.__0vprintf$3) refers to fputc.o(i.fputc) for fputc
    printf3.o(i.__0vprintf$3) refers to stdout.o(.data) for __stdout
    printf3.o(i.__0vsnprintf$3) refers to printf3.o(i._printf_core) for _printf_core
    printf3.o(i.__0vsnprintf$3) refers to printf3.o(i._snputc) for _snputc
    printf3.o(i.__0vsprintf$3) refers to printf3.o(i._printf_core) for _printf_core
    printf3.o(i.__0vsprintf$3) refers to printf3.o(i._sputc) for _sputc
    printf3.o(i._printf_core) refers to uidiv.o(.text) for __aeabi_uidivmod
    printf4.o(i.__0fprintf$4) refers to printf4.o(i._printf_core) for _printf_core
    printf4.o(i.__0fprintf$4) refers to fputc.o(i.fputc) for fputc
    printf4.o(i.__0printf$4) refers to printf4.o(i._printf_core) for _printf_core
    printf4.o(i.__0printf$4) refers to fputc.o(i.fputc) for fputc
    printf4.o(i.__0printf$4) refers to stdout.o(.data) for __stdout
    printf4.o(i.__0snprintf$4) refers to printf4.o(i._printf_core) for _printf_core
    printf4.o(i.__0snprintf$4) refers to printf4.o(i._snputc) for _snputc
    printf4.o(i.__0sprintf$4) refers to printf4.o(i._printf_core) for _printf_core
    printf4.o(i.__0sprintf$4) refers to printf4.o(i._sputc) for _sputc
    printf4.o(i.__0vfprintf$4) refers to printf4.o(i._printf_core) for _printf_core
    printf4.o(i.__0vfprintf$4) refers to fputc.o(i.fputc) for fputc
    printf4.o(i.__0vprintf$4) refers to printf4.o(i._printf_core) for _printf_core
    printf4.o(i.__0vprintf$4) refers to fputc.o(i.fputc) for fputc
    printf4.o(i.__0vprintf$4) refers to stdout.o(.data) for __stdout
    printf4.o(i.__0vsnprintf$4) refers to printf4.o(i._printf_core) for _printf_core
    printf4.o(i.__0vsnprintf$4) refers to printf4.o(i._snputc) for _snputc
    printf4.o(i.__0vsprintf$4) refers to printf4.o(i._printf_core) for _printf_core
    printf4.o(i.__0vsprintf$4) refers to printf4.o(i._sputc) for _sputc
    printf4.o(i._printf_core) refers to uldiv.o(.text) for __aeabi_uldivmod
    printf5.o(i.__0fprintf$5) refers to printf5.o(i._printf_core) for _printf_core
    printf5.o(i.__0fprintf$5) refers to fputc.o(i.fputc) for fputc
    printf5.o(i.__0printf$5) refers to printf5.o(i._printf_core) for _printf_core
    printf5.o(i.__0printf$5) refers to fputc.o(i.fputc) for fputc
    printf5.o(i.__0printf$5) refers to stdout.o(.data) for __stdout
    printf5.o(i.__0snprintf$5) refers to printf5.o(i._printf_core) for _printf_core
    printf5.o(i.__0snprintf$5) refers to printf5.o(i._snputc) for _snputc
    printf5.o(i.__0sprintf$5) refers to printf5.o(i._printf_core) for _printf_core
    printf5.o(i.__0sprintf$5) refers to printf5.o(i._sputc) for _sputc
    printf5.o(i.__0vfprintf$5) refers to printf5.o(i._printf_core) for _printf_core
    printf5.o(i.__0vfprintf$5) refers to fputc.o(i.fputc) for fputc
    printf5.o(i.__0vprintf$5) refers to printf5.o(i._printf_core) for _printf_core
    printf5.o(i.__0vprintf$5) refers to fputc.o(i.fputc) for fputc
    printf5.o(i.__0vprintf$5) refers to stdout.o(.data) for __stdout
    printf5.o(i.__0vsnprintf$5) refers to printf5.o(i._printf_core) for _printf_core
    printf5.o(i.__0vsnprintf$5) refers to printf5.o(i._snputc) for _snputc
    printf5.o(i.__0vsprintf$5) refers to printf5.o(i._printf_core) for _printf_core
    printf5.o(i.__0vsprintf$5) refers to printf5.o(i._sputc) for _sputc
    printf5.o(i._printf_core) refers to uldiv.o(.text) for __aeabi_uldivmod
    printf6.o(i.__0fprintf$6) refers to printf6.o(i._printf_core) for _printf_core
    printf6.o(i.__0fprintf$6) refers to fputc.o(i.fputc) for fputc
    printf6.o(i.__0printf$6) refers to printf6.o(i._printf_core) for _printf_core
    printf6.o(i.__0printf$6) refers to fputc.o(i.fputc) for fputc
    printf6.o(i.__0printf$6) refers to stdout.o(.data) for __stdout
    printf6.o(i.__0snprintf$6) refers to printf6.o(i._printf_core) for _printf_core
    printf6.o(i.__0snprintf$6) refers to printf6.o(i._snputc) for _snputc
    printf6.o(i.__0sprintf$6) refers to printf6.o(i._printf_core) for _printf_core
    printf6.o(i.__0sprintf$6) refers to printf6.o(i._sputc) for _sputc
    printf6.o(i.__0vfprintf$6) refers to printf6.o(i._printf_core) for _printf_core
    printf6.o(i.__0vfprintf$6) refers to fputc.o(i.fputc) for fputc
    printf6.o(i.__0vprintf$6) refers to printf6.o(i._printf_core) for _printf_core
    printf6.o(i.__0vprintf$6) refers to fputc.o(i.fputc) for fputc
    printf6.o(i.__0vprintf$6) refers to stdout.o(.data) for __stdout
    printf6.o(i.__0vsnprintf$6) refers to printf6.o(i._printf_core) for _printf_core
    printf6.o(i.__0vsnprintf$6) refers to printf6.o(i._snputc) for _snputc
    printf6.o(i.__0vsprintf$6) refers to printf6.o(i._printf_core) for _printf_core
    printf6.o(i.__0vsprintf$6) refers to printf6.o(i._sputc) for _sputc
    printf6.o(i._printf_core) refers to printf6.o(i._printf_pre_padding) for _printf_pre_padding
    printf6.o(i._printf_core) refers to uidiv.o(.text) for __aeabi_uidivmod
    printf6.o(i._printf_core) refers to printf6.o(i._printf_post_padding) for _printf_post_padding
    printf7.o(i.__0fprintf$7) refers to printf7.o(i._printf_core) for _printf_core
    printf7.o(i.__0fprintf$7) refers to fputc.o(i.fputc) for fputc
    printf7.o(i.__0printf$7) refers to printf7.o(i._printf_core) for _printf_core
    printf7.o(i.__0printf$7) refers to fputc.o(i.fputc) for fputc
    printf7.o(i.__0printf$7) refers to stdout.o(.data) for __stdout
    printf7.o(i.__0snprintf$7) refers to printf7.o(i._printf_core) for _printf_core
    printf7.o(i.__0snprintf$7) refers to printf7.o(i._snputc) for _snputc
    printf7.o(i.__0sprintf$7) refers to printf7.o(i._printf_core) for _printf_core
    printf7.o(i.__0sprintf$7) refers to printf7.o(i._sputc) for _sputc
    printf7.o(i.__0vfprintf$7) refers to printf7.o(i._printf_core) for _printf_core
    printf7.o(i.__0vfprintf$7) refers to fputc.o(i.fputc) for fputc
    printf7.o(i.__0vprintf$7) refers to printf7.o(i._printf_core) for _printf_core
    printf7.o(i.__0vprintf$7) refers to fputc.o(i.fputc) for fputc
    printf7.o(i.__0vprintf$7) refers to stdout.o(.data) for __stdout
    printf7.o(i.__0vsnprintf$7) refers to printf7.o(i._printf_core) for _printf_core
    printf7.o(i.__0vsnprintf$7) refers to printf7.o(i._snputc) for _snputc
    printf7.o(i.__0vsprintf$7) refers to printf7.o(i._printf_core) for _printf_core
    printf7.o(i.__0vsprintf$7) refers to printf7.o(i._sputc) for _sputc
    printf7.o(i._printf_core) refers to printf7.o(i._printf_pre_padding) for _printf_pre_padding
    printf7.o(i._printf_core) refers to uldiv.o(.text) for __aeabi_uldivmod
    printf7.o(i._printf_core) refers to printf7.o(i._printf_post_padding) for _printf_post_padding
    printf8.o(i.__0fprintf$8) refers to printf8.o(i._printf_core) for _printf_core
    printf8.o(i.__0fprintf$8) refers to fputc.o(i.fputc) for fputc
    printf8.o(i.__0printf$8) refers to printf8.o(i._printf_core) for _printf_core
    printf8.o(i.__0printf$8) refers to fputc.o(i.fputc) for fputc
    printf8.o(i.__0printf$8) refers to stdout.o(.data) for __stdout
    printf8.o(i.__0snprintf$8) refers to printf8.o(i._printf_core) for _printf_core
    printf8.o(i.__0snprintf$8) refers to printf8.o(i._snputc) for _snputc
    printf8.o(i.__0sprintf$8) refers to printf8.o(i._printf_core) for _printf_core
    printf8.o(i.__0sprintf$8) refers to printf8.o(i._sputc) for _sputc
    printf8.o(i.__0vfprintf$8) refers to printf8.o(i._printf_core) for _printf_core
    printf8.o(i.__0vfprintf$8) refers to fputc.o(i.fputc) for fputc
    printf8.o(i.__0vprintf$8) refers to printf8.o(i._printf_core) for _printf_core
    printf8.o(i.__0vprintf$8) refers to fputc.o(i.fputc) for fputc
    printf8.o(i.__0vprintf$8) refers to stdout.o(.data) for __stdout
    printf8.o(i.__0vsnprintf$8) refers to printf8.o(i._printf_core) for _printf_core
    printf8.o(i.__0vsnprintf$8) refers to printf8.o(i._snputc) for _snputc
    printf8.o(i.__0vsprintf$8) refers to printf8.o(i._printf_core) for _printf_core
    printf8.o(i.__0vsprintf$8) refers to printf8.o(i._sputc) for _sputc
    printf8.o(i._printf_core) refers to printf8.o(i._printf_pre_padding) for _printf_pre_padding
    printf8.o(i._printf_core) refers to uldiv.o(.text) for __aeabi_uldivmod
    printf8.o(i._printf_core) refers to printf8.o(i._printf_post_padding) for _printf_post_padding
    printfa.o(i.__0fprintf) refers (Special) to iusefp.o(.text) for __I$use$fp
    printfa.o(i.__0fprintf) refers to printfa.o(i._printf_core) for _printf_core
    printfa.o(i.__0fprintf) refers to fputc.o(i.fputc) for fputc
    printfa.o(i.__0printf) refers (Special) to iusefp.o(.text) for __I$use$fp
    printfa.o(i.__0printf) refers to printfa.o(i._printf_core) for _printf_core
    printfa.o(i.__0printf) refers to fputc.o(i.fputc) for fputc
    printfa.o(i.__0printf) refers to stdout.o(.data) for __stdout
    printfa.o(i.__0snprintf) refers (Special) to iusefp.o(.text) for __I$use$fp
    printfa.o(i.__0snprintf) refers to printfa.o(i._printf_core) for _printf_core
    printfa.o(i.__0snprintf) refers to printfa.o(i._snputc) for _snputc
    printfa.o(i.__0sprintf) refers (Special) to iusefp.o(.text) for __I$use$fp
    printfa.o(i.__0sprintf) refers to printfa.o(i._printf_core) for _printf_core
    printfa.o(i.__0sprintf) refers to printfa.o(i._sputc) for _sputc
    printfa.o(i.__0vfprintf) refers (Special) to iusefp.o(.text) for __I$use$fp
    printfa.o(i.__0vfprintf) refers to printfa.o(i._printf_core) for _printf_core
    printfa.o(i.__0vfprintf) refers to fputc.o(i.fputc) for fputc
    printfa.o(i.__0vprintf) refers (Special) to iusefp.o(.text) for __I$use$fp
    printfa.o(i.__0vprintf) refers to printfa.o(i._printf_core) for _printf_core
    printfa.o(i.__0vprintf) refers to fputc.o(i.fputc) for fputc
    printfa.o(i.__0vprintf) refers to stdout.o(.data) for __stdout
    printfa.o(i.__0vsnprintf) refers (Special) to iusefp.o(.text) for __I$use$fp
    printfa.o(i.__0vsnprintf) refers to printfa.o(i._printf_core) for _printf_core
    printfa.o(i.__0vsnprintf) refers to printfa.o(i._snputc) for _snputc
    printfa.o(i.__0vsprintf) refers (Special) to iusefp.o(.text) for __I$use$fp
    printfa.o(i.__0vsprintf) refers to printfa.o(i._printf_core) for _printf_core
    printfa.o(i.__0vsprintf) refers to printfa.o(i._sputc) for _sputc
    printfa.o(i._fp_digits) refers (Special) to iusefp.o(.text) for __I$use$fp
    printfa.o(i._fp_digits) refers to dmul.o(.text) for __aeabi_dmul
    printfa.o(i._fp_digits) refers to ddiv.o(.text) for __aeabi_ddiv
    printfa.o(i._fp_digits) refers to cdrcmple.o(.text) for __aeabi_cdrcmple
    printfa.o(i._fp_digits) refers to dadd.o(.text) for __aeabi_dadd
    printfa.o(i._fp_digits) refers to dfixul.o(.text) for __aeabi_d2ulz
    printfa.o(i._fp_digits) refers to uldiv.o(.text) for __aeabi_uldivmod
    printfa.o(i._printf_core) refers (Special) to iusefp.o(.text) for __I$use$fp
    printfa.o(i._printf_core) refers to printfa.o(i._printf_pre_padding) for _printf_pre_padding
    printfa.o(i._printf_core) refers to uldiv.o(.text) for __aeabi_uldivmod
    printfa.o(i._printf_core) refers to printfa.o(i._printf_post_padding) for _printf_post_padding
    printfa.o(i._printf_core) refers to printfa.o(i._fp_digits) for _fp_digits
    printfa.o(i._printf_core) refers to uidiv.o(.text) for __aeabi_uidivmod
    printfa.o(i._printf_post_padding) refers (Special) to iusefp.o(.text) for __I$use$fp
    printfa.o(i._printf_pre_padding) refers (Special) to iusefp.o(.text) for __I$use$fp
    printfa.o(i._snputc) refers (Special) to iusefp.o(.text) for __I$use$fp
    printfa.o(i._sputc) refers (Special) to iusefp.o(.text) for __I$use$fp
    entry2.o(.ARM.Collect$$$$00000001) refers to entry2.o(.ARM.Collect$$$$00002712) for __lit__00000000
    entry2.o(.ARM.Collect$$$$00002712) refers to startup_stm32f10x_hd.o(STACK) for __initial_sp
    entry2.o(__vectab_stack_and_reset_area) refers to startup_stm32f10x_hd.o(STACK) for __initial_sp
    entry2.o(__vectab_stack_and_reset_area) refers to entry.o(.ARM.Collect$$$$00000000) for __main
    entry5.o(.ARM.Collect$$$$00000004) refers to init.o(.text) for __scatterload
    entry9a.o(.ARM.Collect$$$$0000000B) refers to main.o(.text) for main
    entry9b.o(.ARM.Collect$$$$0000000C) refers to main.o(.text) for main
    fputc.o(i.fputc) refers (Special) to iusesemip.o(.text) for __I$use$semihosting$fputc
    fputc.o(i.fputc) refers (Special) to semi.o(.text) for __semihosting_library_function
    uldiv.o(.text) refers to llushr.o(.text) for __aeabi_llsr
    uldiv.o(.text) refers to llshl.o(.text) for __aeabi_llsl
    dadd.o(.text) refers to llshl.o(.text) for __aeabi_llsl
    dadd.o(.text) refers to llsshr.o(.text) for __aeabi_lasr
    dadd.o(.text) refers to depilogue.o(.text) for _double_epilogue
    dmul.o(.text) refers to depilogue.o(.text) for _double_epilogue
    ddiv.o(.text) refers to depilogue.o(.text) for _double_round
    dfixul.o(.text) refers to llushr.o(.text) for __aeabi_llsr
    dfixul.o(.text) refers to llshl.o(.text) for __aeabi_llsl
    init.o(.text) refers to entry5.o(.ARM.Collect$$$$00000004) for __main_after_scatterload
    depilogue.o(.text) refers to llshl.o(.text) for __aeabi_llsl
    depilogue.o(.text) refers to llushr.o(.text) for __aeabi_llsr


==============================================================================

Removing Unused input sections from the image.

    Removing startup_stm32f10x_hd.o(HEAP), (0 bytes).
    Removing flash_led.o(.text), (228 bytes).
    Removing flash_led.o(.bss), (100 bytes).
    Removing pwm.o(.text), (344 bytes).
    Removing pwm_led.o(.text), (124 bytes).
    Removing pwm_led.o(.data), (10 bytes).
    Removing usart1_test.o(.text), (844 bytes).
    Removing usart1_test.o(.bss), (224 bytes).
    Removing usart1_test.o(.data), (82 bytes).
    Removing i2c_eeprom.o(.text), (372 bytes).
    Removing i2c_eeprom.o(.data), (1 bytes).
    Removing i2c_eeprom_test.o(.text), (460 bytes).
    Removing i2c_eeprom_test.o(.bss), (132 bytes).
    Removing i2c_eeprom_test.o(.data), (30 bytes).
    Removing core_cm3.o(.emb_text), (32 bytes).
    Removing system_stm32f10x.o(.constdata), (20 bytes).
    Removing dadd.o(.text), (334 bytes).
    Removing dmul.o(.text), (228 bytes).
    Removing ddiv.o(.text), (222 bytes).
    Removing dfixul.o(.text), (48 bytes).
    Removing cdrcmple.o(.text), (48 bytes).
    Removing depilogue.o(.text), (186 bytes).

22 unused section(s) (total 4069 bytes) removed from the image.

==============================================================================

Image Symbol Table

    Local Symbols

    Symbol Name                              Value     Ov Type        Size  Object(Section)

    ../clib/microlib/division.c              0x00000000   Number         0  uldiv.o ABSOLUTE
    ../clib/microlib/division.c              0x00000000   Number         0  uidiv.o ABSOLUTE
    ../clib/microlib/init/entry.s            0x00000000   Number         0  entry7a.o ABSOLUTE
    ../clib/microlib/init/entry.s            0x00000000   Number         0  entry5.o ABSOLUTE
    ../clib/microlib/init/entry.s            0x00000000   Number         0  entry7b.o ABSOLUTE
    ../clib/microlib/init/entry.s            0x00000000   Number         0  entry2.o ABSOLUTE
    ../clib/microlib/init/entry.s            0x00000000   Number         0  entry.o ABSOLUTE
    ../clib/microlib/init/entry.s            0x00000000   Number         0  entry11b.o ABSOLUTE
    ../clib/microlib/init/entry.s            0x00000000   Number         0  entry8a.o ABSOLUTE
    ../clib/microlib/init/entry.s            0x00000000   Number         0  entry11a.o ABSOLUTE
    ../clib/microlib/init/entry.s            0x00000000   Number         0  entry10b.o ABSOLUTE
    ../clib/microlib/init/entry.s            0x00000000   Number         0  entry8b.o ABSOLUTE
    ../clib/microlib/init/entry.s            0x00000000   Number         0  entry10a.o ABSOLUTE
    ../clib/microlib/init/entry.s            0x00000000   Number         0  entry9b.o ABSOLUTE
    ../clib/microlib/init/entry.s            0x00000000   Number         0  entry9a.o ABSOLUTE
    ../clib/microlib/longlong.c              0x00000000   Number         0  llsshr.o ABSOLUTE
    ../clib/microlib/longlong.c              0x00000000   Number         0  llushr.o ABSOLUTE
    ../clib/microlib/longlong.c              0x00000000   Number         0  llshl.o ABSOLUTE
    ../clib/microlib/printf/printf.c         0x00000000   Number         0  printf7.o ABSOLUTE
    ../clib/microlib/printf/printf.c         0x00000000   Number         0  printf0.o ABSOLUTE
    ../clib/microlib/printf/printf.c         0x00000000   Number         0  printf1.o ABSOLUTE
    ../clib/microlib/printf/printf.c         0x00000000   Number         0  printf2.o ABSOLUTE
    ../clib/microlib/printf/printf.c         0x00000000   Number         0  printf3.o ABSOLUTE
    ../clib/microlib/printf/printf.c         0x00000000   Number         0  printf4.o ABSOLUTE
    ../clib/microlib/printf/printf.c         0x00000000   Number         0  printf5.o ABSOLUTE
    ../clib/microlib/printf/printf.c         0x00000000   Number         0  printfb.o ABSOLUTE
    ../clib/microlib/printf/printf.c         0x00000000   Number         0  printf6.o ABSOLUTE
    ../clib/microlib/printf/printf.c         0x00000000   Number         0  printf8.o ABSOLUTE
    ../clib/microlib/printf/printf.c         0x00000000   Number         0  printfa.o ABSOLUTE
    ../clib/microlib/printf/stubs.s          0x00000000   Number         0  stubs.o ABSOLUTE
    ../clib/microlib/stdio/fputc.c           0x00000000   Number         0  fputc.o ABSOLUTE
    ../clib/microlib/stdio/semi.s            0x00000000   Number         0  semi.o ABSOLUTE
    ../clib/microlib/stdio/streams.c         0x00000000   Number         0  stdout.o ABSOLUTE
    ../clib/microlib/string/memcpy.c         0x00000000   Number         0  memcpyb.o ABSOLUTE
    ../clib/microlib/string/memcpy.c         0x00000000   Number         0  memcpya.o ABSOLUTE
    ../clib/microlib/stubs.s                 0x00000000   Number         0  iusefp.o ABSOLUTE
    ../clib/microlib/stubs.s                 0x00000000   Number         0  iusesemip.o ABSOLUTE
    ../fplib/microlib/fpadd.c                0x00000000   Number         0  dadd.o ABSOLUTE
    ../fplib/microlib/fpdiv.c                0x00000000   Number         0  ddiv.o ABSOLUTE
    ../fplib/microlib/fpepilogue.c           0x00000000   Number         0  depilogue.o ABSOLUTE
    ../fplib/microlib/fpfix.c                0x00000000   Number         0  dfixul.o ABSOLUTE
    ../fplib/microlib/fpmul.c                0x00000000   Number         0  dmul.o ABSOLUTE
    ..\CMSIS\core_cm3.c                      0x00000000   Number         0  core_cm3.o ABSOLUTE
    ..\CMSIS\startup\startup_stm32f10x_hd.s  0x00000000   Number         0  startup_stm32f10x_hd.o ABSOLUTE
    ..\CMSIS\system_stm32f10x.c              0x00000000   Number         0  system_stm32f10x.o ABSOLUTE
    ..\FWlib\src\misc.c                      0x00000000   Number         0  misc.o ABSOLUTE
    ..\FWlib\src\stm32f10x_gpio.c            0x00000000   Number         0  stm32f10x_gpio.o ABSOLUTE
    ..\FWlib\src\stm32f10x_i2c.c             0x00000000   Number         0  stm32f10x_i2c.o ABSOLUTE
    ..\FWlib\src\stm32f10x_rcc.c             0x00000000   Number         0  stm32f10x_rcc.o ABSOLUTE
    ..\FWlib\src\stm32f10x_tim.c             0x00000000   Number         0  stm32f10x_tim.o ABSOLUTE
    ..\FWlib\src\stm32f10x_usart.c           0x00000000   Number         0  stm32f10x_usart.o ABSOLUTE
    ..\\CMSIS\\core_cm3.c                    0x00000000   Number         0  core_cm3.o ABSOLUTE
    cdrcmple.s                               0x00000000   Number         0  cdrcmple.o ABSOLUTE
    dc.s                                     0x00000000   Number         0  dc.o ABSOLUTE
    flash_led.c                              0x00000000   Number         0  flash_led.o ABSOLUTE
    gpio.c                                   0x00000000   Number         0  gpio.o ABSOLUTE
    handlers.s                               0x00000000   Number         0  handlers.o ABSOLUTE
    i2c.c                                    0x00000000   Number         0  i2c.o ABSOLUTE
    i2c_eeprom.c                             0x00000000   Number         0  i2c_eeprom.o ABSOLUTE
    i2c_eeprom_test.c                        0x00000000   Number         0  i2c_eeprom_test.o ABSOLUTE
    init.s                                   0x00000000   Number         0  init.o ABSOLUTE
    linked_list.c                            0x00000000   Number         0  linked_list.o ABSOLUTE
    linked_list_data.c                       0x00000000   Number         0  linked_list_data.o ABSOLUTE
    main.c                                   0x00000000   Number         0  main.o ABSOLUTE
    pwm.c                                    0x00000000   Number         0  pwm.o ABSOLUTE
    pwm_led.c                                0x00000000   Number         0  pwm_led.o ABSOLUTE
    stm32f10x_it.c                           0x00000000   Number         0  stm32f10x_it.o ABSOLUTE
    timx.c                                   0x00000000   Number         0  timx.o ABSOLUTE
    usart.c                                  0x00000000   Number         0  usart.o ABSOLUTE
    usart1_test.c                            0x00000000   Number         0  usart1_test.o ABSOLUTE
    usart_data.c                             0x00000000   Number         0  usart_data.o ABSOLUTE
    RESET                                    0x08000000   Section      304  startup_stm32f10x_hd.o(RESET)
    .ARM.Collect$$$$00000000                 0x08000130   Section        0  entry.o(.ARM.Collect$$$$00000000)
    .ARM.Collect$$$$00000001                 0x08000130   Section        4  entry2.o(.ARM.Collect$$$$00000001)
    .ARM.Collect$$$$00000004                 0x08000134   Section        4  entry5.o(.ARM.Collect$$$$00000004)
    .ARM.Collect$$$$00000008                 0x08000138   Section        0  entry7b.o(.ARM.Collect$$$$00000008)
    .ARM.Collect$$$$0000000A                 0x08000138   Section        0  entry8b.o(.ARM.Collect$$$$0000000A)
    .ARM.Collect$$$$0000000B                 0x08000138   Section        8  entry9a.o(.ARM.Collect$$$$0000000B)
    .ARM.Collect$$$$0000000D                 0x08000140   Section        0  entry10a.o(.ARM.Collect$$$$0000000D)
    .ARM.Collect$$$$0000000F                 0x08000140   Section        0  entry11a.o(.ARM.Collect$$$$0000000F)
    .ARM.Collect$$$$00002712                 0x08000140   Section        4  entry2.o(.ARM.Collect$$$$00002712)
    __lit__00000000                          0x08000140   Data           4  entry2.o(.ARM.Collect$$$$00002712)
    .text                                    0x08000144   Section       48  startup_stm32f10x_hd.o(.text)
    .text                                    0x08000174   Section        0  main.o(.text)
    .text                                    0x08000c70   Section        0  stm32f10x_it.o(.text)
    .text                                    0x08000c8c   Section        0  timx.o(.text)
    .text                                    0x08000ed8   Section        0  gpio.o(.text)
    .text                                    0x08000f8c   Section        0  linked_list.o(.text)
    .text                                    0x08000ffc   Section        0  linked_list_data.o(.text)
    .text                                    0x08001184   Section        0  i2c.o(.text)
    .text                                    0x080014d4   Section        0  usart_data.o(.text)
    .text                                    0x08001554   Section        0  usart.o(.text)
    .text                                    0x0800171c   Section        0  stm32f10x_gpio.o(.text)
    .text                                    0x08001a4c   Section        0  stm32f10x_rcc.o(.text)
    .text                                    0x08001dec   Section        0  stm32f10x_usart.o(.text)
    .text                                    0x0800215c   Section        0  stm32f10x_tim.o(.text)
    TI4_Config                               0x0800247b   Thumb Code    82  stm32f10x_tim.o(.text)
    TI3_Config                               0x080024df   Thumb Code    72  stm32f10x_tim.o(.text)
    TI2_Config                               0x08002551   Thumb Code    80  stm32f10x_tim.o(.text)
    TI1_Config                               0x080025b3   Thumb Code    56  stm32f10x_tim.o(.text)
    .text                                    0x08002d24   Section        0  misc.o(.text)
    .text                                    0x08002e00   Section        0  stm32f10x_i2c.o(.text)
    .text                                    0x080031e4   Section        0  system_stm32f10x.o(.text)
    SetSysClockTo72                          0x080031e5   Thumb Code   220  system_stm32f10x.o(.text)
    SetSysClock                              0x080032c1   Thumb Code     8  system_stm32f10x.o(.text)
    .text                                    0x0800331c   Section        0  memcpya.o(.text)
    .text                                    0x08003340   Section        0  uidiv.o(.text)
    .text                                    0x0800336c   Section       36  init.o(.text)
    i.__0sprintf$6                           0x08003390   Section        0  printf6.o(i.__0sprintf$6)
    i.__scatterload_copy                     0x080033b8   Section       14  handlers.o(i.__scatterload_copy)
    i.__scatterload_null                     0x080033c6   Section        2  handlers.o(i.__scatterload_null)
    i.__scatterload_zeroinit                 0x080033c8   Section       14  handlers.o(i.__scatterload_zeroinit)
    i._printf_core                           0x080033d8   Section        0  printf6.o(i._printf_core)
    _printf_core                             0x080033d9   Thumb Code   748  printf6.o(i._printf_core)
    i._printf_post_padding                   0x080036c8   Section        0  printf6.o(i._printf_post_padding)
    _printf_post_padding                     0x080036c9   Thumb Code    36  printf6.o(i._printf_post_padding)
    i._printf_pre_padding                    0x080036ec   Section        0  printf6.o(i._printf_pre_padding)
    _printf_pre_padding                      0x080036ed   Thumb Code    46  printf6.o(i._printf_pre_padding)
    i._sputc                                 0x0800371a   Section        0  printf6.o(i._sputc)
    _sputc                                   0x0800371b   Thumb Code    10  printf6.o(i._sputc)
    .data                                    0x20000000   Section      108  main.o(.data)
    t                                        0x2000003c   Data          48  main.o(.data)
    .data                                    0x2000006c   Section        2  gpio.o(.data)
    .data                                    0x2000006e   Section       20  stm32f10x_rcc.o(.data)
    APBAHBPrescTable                         0x2000006e   Data          16  stm32f10x_rcc.o(.data)
    ADCPrescTable                            0x2000007e   Data           4  stm32f10x_rcc.o(.data)
    .bss                                     0x20000084   Section      264  main.o(.bss)
    .bss                                     0x2000018c   Section      160  timx.o(.bss)
    .bss                                     0x2000022c   Section       80  usart.o(.bss)
    STACK                                    0x20000280   Section      512  startup_stm32f10x_hd.o(STACK)

    Global Symbols

    Symbol Name                              Value     Ov Type        Size  Object(Section)

    BuildAttributes$$THM_ISAv4$P$D$K$B$S$PE$A:L22UL41UL21$X:L11$S22US41US21$IEEE1$IW$USESV6$~STKCKD$USESV7$~SHL$OSPACE$ROPI$EBA8$MICROLIB$REQ8$PRES8$EABIv2 0x00000000   Number         0  anon$$obj.o ABSOLUTE
    __ARM_use_no_argv                        0x00000000   Number         0  main.o ABSOLUTE
    _printf_a                                0x00000000   Number         0  stubs.o ABSOLUTE
    _printf_c                                0x00000000   Number         0  stubs.o ABSOLUTE
    _printf_charcount                        0x00000000   Number         0  stubs.o ABSOLUTE
    _printf_d                                0x00000000   Number         0  stubs.o ABSOLUTE
    _printf_e                                0x00000000   Number         0  stubs.o ABSOLUTE
    _printf_f                                0x00000000   Number         0  stubs.o ABSOLUTE
    _printf_flags                            0x00000000   Number         0  stubs.o ABSOLUTE
    _printf_fp_dec                           0x00000000   Number         0  stubs.o ABSOLUTE
    _printf_fp_hex                           0x00000000   Number         0  stubs.o ABSOLUTE
    _printf_g                                0x00000000   Number         0  stubs.o ABSOLUTE
    _printf_i                                0x00000000   Number         0  stubs.o ABSOLUTE
    _printf_int_dec                          0x00000000   Number         0  stubs.o ABSOLUTE
    _printf_l                                0x00000000   Number         0  stubs.o ABSOLUTE
    _printf_lc                               0x00000000   Number         0  stubs.o ABSOLUTE
    _printf_ll                               0x00000000   Number         0  stubs.o ABSOLUTE
    _printf_lld                              0x00000000   Number         0  stubs.o ABSOLUTE
    _printf_lli                              0x00000000   Number         0  stubs.o ABSOLUTE
    _printf_llo                              0x00000000   Number         0  stubs.o ABSOLUTE
    _printf_llu                              0x00000000   Number         0  stubs.o ABSOLUTE
    _printf_llx                              0x00000000   Number         0  stubs.o ABSOLUTE
    _printf_longlong_dec                     0x00000000   Number         0  stubs.o ABSOLUTE
    _printf_longlong_hex                     0x00000000   Number         0  stubs.o ABSOLUTE
    _printf_longlong_oct                     0x00000000   Number         0  stubs.o ABSOLUTE
    _printf_ls                               0x00000000   Number         0  stubs.o ABSOLUTE
    _printf_mbtowc                           0x00000000   Number         0  stubs.o ABSOLUTE
    _printf_n                                0x00000000   Number         0  stubs.o ABSOLUTE
    _printf_o                                0x00000000   Number         0  stubs.o ABSOLUTE
    _printf_p                                0x00000000   Number         0  stubs.o ABSOLUTE
    _printf_percent                          0x00000000   Number         0  stubs.o ABSOLUTE
    _printf_pre_padding                      0x00000000   Number         0  stubs.o ABSOLUTE
    _printf_return_value                     0x00000000   Number         0  stubs.o ABSOLUTE
    _printf_s                                0x00000000   Number         0  stubs.o ABSOLUTE
    _printf_sizespec                         0x00000000   Number         0  stubs.o ABSOLUTE
    _printf_str                              0x00000000   Number         0  stubs.o ABSOLUTE
    _printf_truncate_signed                  0x00000000   Number         0  stubs.o ABSOLUTE
    _printf_truncate_unsigned                0x00000000   Number         0  stubs.o ABSOLUTE
    _printf_u                                0x00000000   Number         0  stubs.o ABSOLUTE
    _printf_wc                               0x00000000   Number         0  stubs.o ABSOLUTE
    _printf_wctomb                           0x00000000   Number         0  stubs.o ABSOLUTE
    _printf_widthprec                        0x00000000   Number         0  stubs.o ABSOLUTE
    _printf_x                                0x00000000   Number         0  stubs.o ABSOLUTE
    __cpp_initialize__aeabi_                  - Undefined Weak Reference
    __cxa_finalize                            - Undefined Weak Reference
    __decompress                              - Undefined Weak Reference
    _clock_init                               - Undefined Weak Reference
    _microlib_exit                            - Undefined Weak Reference
    __Vectors_Size                           0x00000130   Number         0  startup_stm32f10x_hd.o ABSOLUTE
    __Vectors                                0x08000000   Data           4  startup_stm32f10x_hd.o(RESET)
    __Vectors_End                            0x08000130   Data           0  startup_stm32f10x_hd.o(RESET)
    __main                                   0x08000131   Thumb Code     0  entry.o(.ARM.Collect$$$$00000000)
    _main_stk                                0x08000131   Thumb Code     0  entry2.o(.ARM.Collect$$$$00000001)
    _main_scatterload                        0x08000135   Thumb Code     0  entry5.o(.ARM.Collect$$$$00000004)
    __main_after_scatterload                 0x08000139   Thumb Code     0  entry5.o(.ARM.Collect$$$$00000004)
    _main_clock                              0x08000139   Thumb Code     0  entry7b.o(.ARM.Collect$$$$00000008)
    _main_cpp_init                           0x08000139   Thumb Code     0  entry8b.o(.ARM.Collect$$$$0000000A)
    _main_init                               0x08000139   Thumb Code     0  entry9a.o(.ARM.Collect$$$$0000000B)
    __rt_final_cpp                           0x08000141   Thumb Code     0  entry10a.o(.ARM.Collect$$$$0000000D)
    __rt_final_exit                          0x08000141   Thumb Code     0  entry11a.o(.ARM.Collect$$$$0000000F)
    SystemInit_ExtMemCtl                     0x08000145   Thumb Code     2  startup_stm32f10x_hd.o(.text)
    Reset_Handler                            0x08000147   Thumb Code    14  startup_stm32f10x_hd.o(.text)
    ADC1_2_IRQHandler                        0x08000167   Thumb Code     0  startup_stm32f10x_hd.o(.text)
    ADC3_IRQHandler                          0x08000167   Thumb Code     0  startup_stm32f10x_hd.o(.text)
    CAN1_RX1_IRQHandler                      0x08000167   Thumb Code     0  startup_stm32f10x_hd.o(.text)
    CAN1_SCE_IRQHandler                      0x08000167   Thumb Code     0  startup_stm32f10x_hd.o(.text)
    DMA1_Channel1_IRQHandler                 0x08000167   Thumb Code     0  startup_stm32f10x_hd.o(.text)
    DMA1_Channel2_IRQHandler                 0x08000167   Thumb Code     0  startup_stm32f10x_hd.o(.text)
    DMA1_Channel3_IRQHandler                 0x08000167   Thumb Code     0  startup_stm32f10x_hd.o(.text)
    DMA1_Channel4_IRQHandler                 0x08000167   Thumb Code     0  startup_stm32f10x_hd.o(.text)
    DMA1_Channel5_IRQHandler                 0x08000167   Thumb Code     0  startup_stm32f10x_hd.o(.text)
    DMA1_Channel6_IRQHandler                 0x08000167   Thumb Code     0  startup_stm32f10x_hd.o(.text)
    DMA1_Channel7_IRQHandler                 0x08000167   Thumb Code     0  startup_stm32f10x_hd.o(.text)
    DMA2_Channel1_IRQHandler                 0x08000167   Thumb Code     0  startup_stm32f10x_hd.o(.text)
    DMA2_Channel2_IRQHandler                 0x08000167   Thumb Code     0  startup_stm32f10x_hd.o(.text)
    DMA2_Channel3_IRQHandler                 0x08000167   Thumb Code     0  startup_stm32f10x_hd.o(.text)
    DMA2_Channel4_5_IRQHandler               0x08000167   Thumb Code     0  startup_stm32f10x_hd.o(.text)
    EXTI0_IRQHandler                         0x08000167   Thumb Code     0  startup_stm32f10x_hd.o(.text)
    EXTI15_10_IRQHandler                     0x08000167   Thumb Code     0  startup_stm32f10x_hd.o(.text)
    EXTI1_IRQHandler                         0x08000167   Thumb Code     0  startup_stm32f10x_hd.o(.text)
    EXTI2_IRQHandler                         0x08000167   Thumb Code     0  startup_stm32f10x_hd.o(.text)
    EXTI3_IRQHandler                         0x08000167   Thumb Code     0  startup_stm32f10x_hd.o(.text)
    EXTI4_IRQHandler                         0x08000167   Thumb Code     0  startup_stm32f10x_hd.o(.text)
    EXTI9_5_IRQHandler                       0x08000167   Thumb Code     0  startup_stm32f10x_hd.o(.text)
    FLASH_IRQHandler                         0x08000167   Thumb Code     0  startup_stm32f10x_hd.o(.text)
    FSMC_IRQHandler                          0x08000167   Thumb Code     0  startup_stm32f10x_hd.o(.text)
    I2C1_ER_IRQHandler                       0x08000167   Thumb Code     0  startup_stm32f10x_hd.o(.text)
    I2C1_EV_IRQHandler                       0x08000167   Thumb Code     0  startup_stm32f10x_hd.o(.text)
    I2C2_ER_IRQHandler                       0x08000167   Thumb Code     0  startup_stm32f10x_hd.o(.text)
    I2C2_EV_IRQHandler                       0x08000167   Thumb Code     0  startup_stm32f10x_hd.o(.text)
    PVD_IRQHandler                           0x08000167   Thumb Code     0  startup_stm32f10x_hd.o(.text)
    RCC_IRQHandler                           0x08000167   Thumb Code     0  startup_stm32f10x_hd.o(.text)
    RTCAlarm_IRQHandler                      0x08000167   Thumb Code     0  startup_stm32f10x_hd.o(.text)
    RTC_IRQHandler                           0x08000167   Thumb Code     0  startup_stm32f10x_hd.o(.text)
    SDIO_IRQHandler                          0x08000167   Thumb Code     0  startup_stm32f10x_hd.o(.text)
    SPI1_IRQHandler                          0x08000167   Thumb Code     0  startup_stm32f10x_hd.o(.text)
    SPI2_IRQHandler                          0x08000167   Thumb Code     0  startup_stm32f10x_hd.o(.text)
    SPI3_IRQHandler                          0x08000167   Thumb Code     0  startup_stm32f10x_hd.o(.text)
    TAMPER_IRQHandler                        0x08000167   Thumb Code     0  startup_stm32f10x_hd.o(.text)
    TIM1_BRK_IRQHandler                      0x08000167   Thumb Code     0  startup_stm32f10x_hd.o(.text)
    TIM1_CC_IRQHandler                       0x08000167   Thumb Code     0  startup_stm32f10x_hd.o(.text)
    TIM1_TRG_COM_IRQHandler                  0x08000167   Thumb Code     0  startup_stm32f10x_hd.o(.text)
    TIM1_UP_IRQHandler                       0x08000167   Thumb Code     0  startup_stm32f10x_hd.o(.text)
    TIM6_IRQHandler                          0x08000167   Thumb Code     0  startup_stm32f10x_hd.o(.text)
    TIM7_IRQHandler                          0x08000167   Thumb Code     0  startup_stm32f10x_hd.o(.text)
    TIM8_BRK_IRQHandler                      0x08000167   Thumb Code     0  startup_stm32f10x_hd.o(.text)
    TIM8_CC_IRQHandler                       0x08000167   Thumb Code     0  startup_stm32f10x_hd.o(.text)
    TIM8_TRG_COM_IRQHandler                  0x08000167   Thumb Code     0  startup_stm32f10x_hd.o(.text)
    TIM8_UP_IRQHandler                       0x08000167   Thumb Code     0  startup_stm32f10x_hd.o(.text)
    UART4_IRQHandler                         0x08000167   Thumb Code     0  startup_stm32f10x_hd.o(.text)
    UART5_IRQHandler                         0x08000167   Thumb Code     0  startup_stm32f10x_hd.o(.text)
    USART3_IRQHandler                        0x08000167   Thumb Code     0  startup_stm32f10x_hd.o(.text)
    USBWakeUp_IRQHandler                     0x08000167   Thumb Code     0  startup_stm32f10x_hd.o(.text)
    USB_HP_CAN1_TX_IRQHandler                0x08000167   Thumb Code     0  startup_stm32f10x_hd.o(.text)
    USB_LP_CAN1_RX0_IRQHandler               0x08000167   Thumb Code     0  startup_stm32f10x_hd.o(.text)
    WWDG_IRQHandler                          0x08000167   Thumb Code     0  startup_stm32f10x_hd.o(.text)
    bcd_to_dec                               0x08000175   Thumb Code    20  main.o(.text)
    dec_to_bcd                               0x08000189   Thumb Code    26  main.o(.text)
    dayOfWeek                                0x080001a3   Thumb Code    76  main.o(.text)
    DS3231_Init                              0x080001ef   Thumb Code   266  main.o(.text)
    DS3231_Read                              0x080002f9   Thumb Code   192  main.o(.text)
    DS3231_Write                             0x080003b9   Thumb Code   170  main.o(.text)
    DS3231_I2C_Error_Code                    0x08000463   Thumb Code     8  main.o(.text)
    DS3231_USART1_Recieve_Processor          0x0800046b   Thumb Code   308  main.o(.text)
    DS3231_USART_Received_Data               0x0800059f   Thumb Code    62  main.o(.text)
    ds3231_test                              0x080005dd   Thumb Code   178  main.o(.text)
    LCD1602_Write                            0x0800068f   Thumb Code   108  main.o(.text)
    LCD1602_PulseEnable                      0x080006fb   Thumb Code    52  main.o(.text)
    LCD1602_Write4bits                       0x0800072f   Thumb Code    16  main.o(.text)
    LCD1602_Send                             0x0800073f   Thumb Code    44  main.o(.text)
    LCD1602_Send_Char                        0x0800076b   Thumb Code    18  main.o(.text)
    LCD1602_Command                          0x0800077d   Thumb Code    18  main.o(.text)
    LCD1602_SetCursor                        0x0800078f   Thumb Code    40  main.o(.text)
    LCD1602_USART1_Recieve_Processor         0x080007b7   Thumb Code    26  main.o(.text)
    LCD1602_Flash                            0x080007d1   Thumb Code   120  main.o(.text)
    LCD1602_USART_Received_Data              0x08000849   Thumb Code    22  main.o(.text)
    lcd1602_test                             0x0800085f   Thumb Code   188  main.o(.text)
    display_time                             0x0800091b   Thumb Code   532  main.o(.text)
    ds3231_with_lcd1602_test                 0x08000b2f   Thumb Code   250  main.o(.text)
    main                                     0x08000c29   Thumb Code    12  main.o(.text)
    NMI_Handler                              0x08000c71   Thumb Code     2  stm32f10x_it.o(.text)
    HardFault_Handler                        0x08000c73   Thumb Code     4  stm32f10x_it.o(.text)
    MemManage_Handler                        0x08000c77   Thumb Code     4  stm32f10x_it.o(.text)
    BusFault_Handler                         0x08000c7b   Thumb Code     4  stm32f10x_it.o(.text)
    UsageFault_Handler                       0x08000c7f   Thumb Code     4  stm32f10x_it.o(.text)
    SVC_Handler                              0x08000c83   Thumb Code     2  stm32f10x_it.o(.text)
    DebugMon_Handler                         0x08000c85   Thumb Code     2  stm32f10x_it.o(.text)
    PendSV_Handler                           0x08000c87   Thumb Code     2  stm32f10x_it.o(.text)
    SysTick_Handler                          0x08000c89   Thumb Code     2  stm32f10x_it.o(.text)
    TIMx_Config                              0x08000c8d   Thumb Code   124  timx.o(.text)
    TIMx_With_NVIC_Config                    0x08000d09   Thumb Code   110  timx.o(.text)
    Register_TIMx_Callback                   0x08000d77   Thumb Code    80  timx.o(.text)
    TIM2_IRQHandler                          0x08000dc7   Thumb Code    42  timx.o(.text)
    TIM3_IRQHandler                          0x08000df1   Thumb Code    42  timx.o(.text)
    TIM4_IRQHandler                          0x08000e1b   Thumb Code    42  timx.o(.text)
    TIM5_IRQHandler                          0x08000e45   Thumb Code    42  timx.o(.text)
    Delay_Nus                                0x08000e6f   Thumb Code    54  timx.o(.text)
    Delay_Nms                                0x08000ea5   Thumb Code    24  timx.o(.text)
    GPIO_Config                              0x08000ed9   Thumb Code   144  gpio.o(.text)
    Out_PP_GPIO_Config                       0x08000f69   Thumb Code    20  gpio.o(.text)
    Linked_Add_Last                          0x08000f8d   Thumb Code    44  linked_list.o(.text)
    Linked_Remove_First                      0x08000fb9   Thumb Code    40  linked_list.o(.text)
    Linked_Size                              0x08000fe1   Thumb Code    28  linked_list.o(.text)
    Linked_List_Data_Add_Char0               0x08000ffd   Thumb Code   204  linked_list_data.o(.text)
    Linked_List_Data_Add_Char                0x080010c9   Thumb Code   112  linked_list_data.o(.text)
    Linked_List_Data_Read                    0x08001139   Thumb Code    74  linked_list_data.o(.text)
    I2Cx_Init                                0x08001185   Thumb Code   116  i2c.o(.text)
    I2C1_Conf_Init                           0x080011f9   Thumb Code    38  i2c.o(.text)
    I2C2_Conf_Init                           0x0800121f   Thumb Code    38  i2c.o(.text)
    I2Cx_Wait                                0x08001245   Thumb Code    40  i2c.o(.text)
    I2Cx_Start                               0x0800126d   Thumb Code    46  i2c.o(.text)
    I2Cx_Stop                                0x0800129b   Thumb Code    46  i2c.o(.text)
    I2Cx_Address_Direction                   0x080012c9   Thumb Code    96  i2c.o(.text)
    I2Cx_Transmit                            0x08001329   Thumb Code    50  i2c.o(.text)
    I2Cx_Ack_Enable                          0x0800135b   Thumb Code    14  i2c.o(.text)
    I2Cx_Ack_Disable                         0x08001369   Thumb Code    14  i2c.o(.text)
    I2Cx_Receive_Ack                         0x08001377   Thumb Code    58  i2c.o(.text)
    I2Cx_Receives                            0x080013b1   Thumb Code    74  i2c.o(.text)
    I2Cx_Receive_Nack                        0x080013fb   Thumb Code    58  i2c.o(.text)
    I2Cx_Write                               0x08001435   Thumb Code    66  i2c.o(.text)
    I2Cx_Read                                0x08001477   Thumb Code    66  i2c.o(.text)
    USART_Data_Init                          0x080014d5   Thumb Code    80  usart_data.o(.text)
    USART_Received_To_Buffer_Ignore_Error    0x08001525   Thumb Code    16  usart_data.o(.text)
    USART_Received_To_Buffer                 0x08001535   Thumb Code    16  usart_data.o(.text)
    USART_Read_From_Buffer                   0x08001545   Thumb Code    16  usart_data.o(.text)
    USART_Config                             0x08001555   Thumb Code   200  usart.o(.text)
    USART_Send_Byte                          0x0800161d   Thumb Code    30  usart.o(.text)
    USART_Get_Byte                           0x0800163b   Thumb Code    32  usart.o(.text)
    USART1_IRQHandler                        0x0800165b   Thumb Code    58  usart.o(.text)
    USART2_IRQHandler                        0x08001695   Thumb Code    58  usart.o(.text)
    Register_USART_Callback                  0x080016cf   Thumb Code    60  usart.o(.text)
    GPIO_DeInit                              0x0800171d   Thumb Code   188  stm32f10x_gpio.o(.text)
    GPIO_AFIODeInit                          0x080017d9   Thumb Code    20  stm32f10x_gpio.o(.text)
    GPIO_Init                                0x080017ed   Thumb Code   278  stm32f10x_gpio.o(.text)
    GPIO_StructInit                          0x08001903   Thumb Code    16  stm32f10x_gpio.o(.text)
    GPIO_ReadInputDataBit                    0x08001913   Thumb Code    18  stm32f10x_gpio.o(.text)
    GPIO_ReadInputData                       0x08001925   Thumb Code     8  stm32f10x_gpio.o(.text)
    GPIO_ReadOutputDataBit                   0x0800192d   Thumb Code    18  stm32f10x_gpio.o(.text)
    GPIO_ReadOutputData                      0x0800193f   Thumb Code     8  stm32f10x_gpio.o(.text)
    GPIO_SetBits                             0x08001947   Thumb Code     4  stm32f10x_gpio.o(.text)
    GPIO_ResetBits                           0x0800194b   Thumb Code     4  stm32f10x_gpio.o(.text)
    GPIO_WriteBit                            0x0800194f   Thumb Code    10  stm32f10x_gpio.o(.text)
    GPIO_Write                               0x08001959   Thumb Code     4  stm32f10x_gpio.o(.text)
    GPIO_PinLockConfig                       0x0800195d   Thumb Code    18  stm32f10x_gpio.o(.text)
    GPIO_EventOutputConfig                   0x0800196f   Thumb Code    26  stm32f10x_gpio.o(.text)
    GPIO_EventOutputCmd                      0x08001989   Thumb Code     6  stm32f10x_gpio.o(.text)
    GPIO_PinRemapConfig                      0x0800198f   Thumb Code   106  stm32f10x_gpio.o(.text)
    GPIO_EXTILineConfig                      0x080019f9   Thumb Code    66  stm32f10x_gpio.o(.text)
    RCC_DeInit                               0x08001a4d   Thumb Code    62  stm32f10x_rcc.o(.text)
    RCC_HSEConfig                            0x08001a8b   Thumb Code    70  stm32f10x_rcc.o(.text)
    RCC_GetFlagStatus                        0x08001ad1   Thumb Code    56  stm32f10x_rcc.o(.text)
    RCC_WaitForHSEStartUp                    0x08001b09   Thumb Code    54  stm32f10x_rcc.o(.text)
    RCC_AdjustHSICalibrationValue            0x08001b3f   Thumb Code    20  stm32f10x_rcc.o(.text)
    RCC_HSICmd                               0x08001b53   Thumb Code     6  stm32f10x_rcc.o(.text)
    RCC_PLLConfig                            0x08001b59   Thumb Code    24  stm32f10x_rcc.o(.text)
    RCC_PLLCmd                               0x08001b71   Thumb Code     6  stm32f10x_rcc.o(.text)
    RCC_SYSCLKConfig                         0x08001b77   Thumb Code    18  stm32f10x_rcc.o(.text)
    RCC_GetSYSCLKSource                      0x08001b89   Thumb Code    10  stm32f10x_rcc.o(.text)
    RCC_HCLKConfig                           0x08001b93   Thumb Code    18  stm32f10x_rcc.o(.text)
    RCC_PCLK1Config                          0x08001ba5   Thumb Code    18  stm32f10x_rcc.o(.text)
    RCC_PCLK2Config                          0x08001bb7   Thumb Code    20  stm32f10x_rcc.o(.text)
    RCC_ITConfig                             0x08001bcb   Thumb Code    26  stm32f10x_rcc.o(.text)
    RCC_USBCLKConfig                         0x08001be5   Thumb Code     8  stm32f10x_rcc.o(.text)
    RCC_ADCCLKConfig                         0x08001bed   Thumb Code    18  stm32f10x_rcc.o(.text)
    RCC_LSEConfig                            0x08001bff   Thumb Code    50  stm32f10x_rcc.o(.text)
    RCC_LSICmd                               0x08001c31   Thumb Code     6  stm32f10x_rcc.o(.text)
    RCC_RTCCLKConfig                         0x08001c37   Thumb Code    12  stm32f10x_rcc.o(.text)
    RCC_RTCCLKCmd                            0x08001c43   Thumb Code     8  stm32f10x_rcc.o(.text)
    RCC_GetClocksFreq                        0x08001c4b   Thumb Code   192  stm32f10x_rcc.o(.text)
    RCC_AHBPeriphClockCmd                    0x08001d0b   Thumb Code    26  stm32f10x_rcc.o(.text)
    RCC_APB2PeriphClockCmd                   0x08001d25   Thumb Code    26  stm32f10x_rcc.o(.text)
    RCC_APB1PeriphClockCmd                   0x08001d3f   Thumb Code    26  stm32f10x_rcc.o(.text)
    RCC_APB2PeriphResetCmd                   0x08001d59   Thumb Code    26  stm32f10x_rcc.o(.text)
    RCC_APB1PeriphResetCmd                   0x08001d73   Thumb Code    26  stm32f10x_rcc.o(.text)
    RCC_BackupResetCmd                       0x08001d8d   Thumb Code     8  stm32f10x_rcc.o(.text)
    RCC_ClockSecuritySystemCmd               0x08001d95   Thumb Code     6  stm32f10x_rcc.o(.text)
    RCC_MCOConfig                            0x08001d9b   Thumb Code     6  stm32f10x_rcc.o(.text)
    RCC_ClearFlag                            0x08001da1   Thumb Code    14  stm32f10x_rcc.o(.text)
    RCC_GetITStatus                          0x08001daf   Thumb Code    20  stm32f10x_rcc.o(.text)
    RCC_ClearITPendingBit                    0x08001dc3   Thumb Code     6  stm32f10x_rcc.o(.text)
    USART_DeInit                             0x08001ded   Thumb Code   146  stm32f10x_usart.o(.text)
    USART_Init                               0x08001e7f   Thumb Code   150  stm32f10x_usart.o(.text)
    USART_StructInit                         0x08001f15   Thumb Code    24  stm32f10x_usart.o(.text)
    USART_ClockInit                          0x08001f2d   Thumb Code    34  stm32f10x_usart.o(.text)
    USART_ClockStructInit                    0x08001f4f   Thumb Code    12  stm32f10x_usart.o(.text)
    USART_Cmd                                0x08001f5b   Thumb Code    24  stm32f10x_usart.o(.text)
    USART_ITConfig                           0x08001f73   Thumb Code    64  stm32f10x_usart.o(.text)
    USART_DMACmd                             0x08001fb3   Thumb Code    18  stm32f10x_usart.o(.text)
    USART_SetAddress                         0x08001fc5   Thumb Code    18  stm32f10x_usart.o(.text)
    USART_WakeUpConfig                       0x08001fd7   Thumb Code    18  stm32f10x_usart.o(.text)
    USART_ReceiverWakeUpCmd                  0x08001fe9   Thumb Code    24  stm32f10x_usart.o(.text)
    USART_LINBreakDetectLengthConfig         0x08002001   Thumb Code    18  stm32f10x_usart.o(.text)
    USART_LINCmd                             0x08002013   Thumb Code    24  stm32f10x_usart.o(.text)
    USART_SendData                           0x0800202b   Thumb Code     8  stm32f10x_usart.o(.text)
    USART_ReceiveData                        0x08002033   Thumb Code    10  stm32f10x_usart.o(.text)
    USART_SendBreak                          0x0800203d   Thumb Code    10  stm32f10x_usart.o(.text)
    USART_SetGuardTime                       0x08002047   Thumb Code    16  stm32f10x_usart.o(.text)
    USART_SetPrescaler                       0x08002057   Thumb Code    16  stm32f10x_usart.o(.text)
    USART_SmartCardCmd                       0x08002067   Thumb Code    24  stm32f10x_usart.o(.text)
    USART_SmartCardNACKCmd                   0x0800207f   Thumb Code    24  stm32f10x_usart.o(.text)
    USART_HalfDuplexCmd                      0x08002097   Thumb Code    24  stm32f10x_usart.o(.text)
    USART_IrDAConfig                         0x080020af   Thumb Code    18  stm32f10x_usart.o(.text)
    USART_IrDACmd                            0x080020c1   Thumb Code    24  stm32f10x_usart.o(.text)
    USART_GetFlagStatus                      0x080020d9   Thumb Code    18  stm32f10x_usart.o(.text)
    USART_ClearFlag                          0x080020eb   Thumb Code     6  stm32f10x_usart.o(.text)
    USART_GetITStatus                        0x080020f1   Thumb Code    76  stm32f10x_usart.o(.text)
    USART_ClearITPendingBit                  0x0800213d   Thumb Code    20  stm32f10x_usart.o(.text)
    TIM_DeInit                               0x0800215d   Thumb Code   214  stm32f10x_tim.o(.text)
    TIM_TimeBaseInit                         0x08002233   Thumb Code    50  stm32f10x_tim.o(.text)
    TIM_OC1Init                              0x08002265   Thumb Code   110  stm32f10x_tim.o(.text)
    TIM_OC2Init                              0x080022d3   Thumb Code   148  stm32f10x_tim.o(.text)
    TIM_OC3Init                              0x08002367   Thumb Code   144  stm32f10x_tim.o(.text)
    TIM_OC4Init                              0x080023f7   Thumb Code   106  stm32f10x_tim.o(.text)
    TIM_SetIC4Prescaler                      0x08002461   Thumb Code    26  stm32f10x_tim.o(.text)
    TIM_SetIC3Prescaler                      0x080024cd   Thumb Code    18  stm32f10x_tim.o(.text)
    TIM_SetIC2Prescaler                      0x08002527   Thumb Code    42  stm32f10x_tim.o(.text)
    TIM_SetIC1Prescaler                      0x080025a1   Thumb Code    18  stm32f10x_tim.o(.text)
    TIM_ICInit                               0x080025eb   Thumb Code   110  stm32f10x_tim.o(.text)
    TIM_PWMIConfig                           0x08002659   Thumb Code   124  stm32f10x_tim.o(.text)
    TIM_BDTRConfig                           0x080026d5   Thumb Code    32  stm32f10x_tim.o(.text)
    TIM_TimeBaseStructInit                   0x080026f5   Thumb Code    18  stm32f10x_tim.o(.text)
    TIM_OCStructInit                         0x08002707   Thumb Code    20  stm32f10x_tim.o(.text)
    TIM_ICStructInit                         0x0800271b   Thumb Code    18  stm32f10x_tim.o(.text)
    TIM_BDTRStructInit                       0x0800272d   Thumb Code    18  stm32f10x_tim.o(.text)
    TIM_Cmd                                  0x0800273f   Thumb Code    24  stm32f10x_tim.o(.text)
    TIM_CtrlPWMOutputs                       0x08002757   Thumb Code    30  stm32f10x_tim.o(.text)
    TIM_ITConfig                             0x08002775   Thumb Code    18  stm32f10x_tim.o(.text)
    TIM_GenerateEvent                        0x08002787   Thumb Code     4  stm32f10x_tim.o(.text)
    TIM_DMAConfig                            0x0800278b   Thumb Code    10  stm32f10x_tim.o(.text)
    TIM_DMACmd                               0x08002795   Thumb Code    18  stm32f10x_tim.o(.text)
    TIM_InternalClockConfig                  0x080027a7   Thumb Code    12  stm32f10x_tim.o(.text)
    TIM_SelectInputTrigger                   0x080027b3   Thumb Code    18  stm32f10x_tim.o(.text)
    TIM_ITRxExternalClockConfig              0x080027c5   Thumb Code    24  stm32f10x_tim.o(.text)
    TIM_TIxExternalClockConfig               0x080027dd   Thumb Code    62  stm32f10x_tim.o(.text)
    TIM_ETRConfig                            0x0800281b   Thumb Code    30  stm32f10x_tim.o(.text)
    TIM_ETRClockMode1Config                  0x08002839   Thumb Code    54  stm32f10x_tim.o(.text)
    TIM_ETRClockMode2Config                  0x0800286f   Thumb Code    32  stm32f10x_tim.o(.text)
    TIM_PrescalerConfig                      0x0800288f   Thumb Code     6  stm32f10x_tim.o(.text)
    TIM_CounterModeConfig                    0x08002895   Thumb Code    18  stm32f10x_tim.o(.text)
    TIM_EncoderInterfaceConfig               0x080028a7   Thumb Code    66  stm32f10x_tim.o(.text)
    TIM_ForcedOC1Config                      0x080028e9   Thumb Code    18  stm32f10x_tim.o(.text)
    TIM_ForcedOC2Config                      0x080028fb   Thumb Code    26  stm32f10x_tim.o(.text)
    TIM_ForcedOC3Config                      0x08002915   Thumb Code    18  stm32f10x_tim.o(.text)
    TIM_ForcedOC4Config                      0x08002927   Thumb Code    26  stm32f10x_tim.o(.text)
    TIM_ARRPreloadConfig                     0x08002941   Thumb Code    24  stm32f10x_tim.o(.text)
    TIM_SelectCOM                            0x08002959   Thumb Code    24  stm32f10x_tim.o(.text)
    TIM_SelectCCDMA                          0x08002971   Thumb Code    24  stm32f10x_tim.o(.text)
    TIM_CCPreloadControl                     0x08002989   Thumb Code    24  stm32f10x_tim.o(.text)
    TIM_OC1PreloadConfig                     0x080029a1   Thumb Code    18  stm32f10x_tim.o(.text)
    TIM_OC2PreloadConfig                     0x080029b3   Thumb Code    26  stm32f10x_tim.o(.text)
    TIM_OC3PreloadConfig                     0x080029cd   Thumb Code    18  stm32f10x_tim.o(.text)
    TIM_OC4PreloadConfig                     0x080029df   Thumb Code    26  stm32f10x_tim.o(.text)
    TIM_OC1FastConfig                        0x080029f9   Thumb Code    18  stm32f10x_tim.o(.text)
    TIM_OC2FastConfig                        0x08002a0b   Thumb Code    26  stm32f10x_tim.o(.text)
    TIM_OC3FastConfig                        0x08002a25   Thumb Code    18  stm32f10x_tim.o(.text)
    TIM_OC4FastConfig                        0x08002a37   Thumb Code    26  stm32f10x_tim.o(.text)
    TIM_ClearOC1Ref                          0x08002a51   Thumb Code    18  stm32f10x_tim.o(.text)
    TIM_ClearOC2Ref                          0x08002a63   Thumb Code    24  stm32f10x_tim.o(.text)
    TIM_ClearOC3Ref                          0x08002a7b   Thumb Code    18  stm32f10x_tim.o(.text)
    TIM_ClearOC4Ref                          0x08002a8d   Thumb Code    24  stm32f10x_tim.o(.text)
    TIM_OC1PolarityConfig                    0x08002aa5   Thumb Code    18  stm32f10x_tim.o(.text)
    TIM_OC1NPolarityConfig                   0x08002ab7   Thumb Code    18  stm32f10x_tim.o(.text)
    TIM_OC2PolarityConfig                    0x08002ac9   Thumb Code    26  stm32f10x_tim.o(.text)
    TIM_OC2NPolarityConfig                   0x08002ae3   Thumb Code    26  stm32f10x_tim.o(.text)
    TIM_OC3PolarityConfig                    0x08002afd   Thumb Code    26  stm32f10x_tim.o(.text)
    TIM_OC3NPolarityConfig                   0x08002b17   Thumb Code    26  stm32f10x_tim.o(.text)
    TIM_OC4PolarityConfig                    0x08002b31   Thumb Code    26  stm32f10x_tim.o(.text)
    TIM_CCxCmd                               0x08002b4b   Thumb Code    26  stm32f10x_tim.o(.text)
    TIM_CCxNCmd                              0x08002b65   Thumb Code    26  stm32f10x_tim.o(.text)
    TIM_SelectOCxM                           0x08002b7f   Thumb Code   134  stm32f10x_tim.o(.text)
    TIM_UpdateDisableConfig                  0x08002c05   Thumb Code    24  stm32f10x_tim.o(.text)
    TIM_UpdateRequestConfig                  0x08002c1d   Thumb Code    24  stm32f10x_tim.o(.text)
    TIM_SelectHallSensor                     0x08002c35   Thumb Code    24  stm32f10x_tim.o(.text)
    TIM_SelectOnePulseMode                   0x08002c4d   Thumb Code    18  stm32f10x_tim.o(.text)
    TIM_SelectOutputTrigger                  0x08002c5f   Thumb Code    18  stm32f10x_tim.o(.text)
    TIM_SelectSlaveMode                      0x08002c71   Thumb Code    18  stm32f10x_tim.o(.text)
    TIM_SelectMasterSlaveMode                0x08002c83   Thumb Code    18  stm32f10x_tim.o(.text)
    TIM_SetCounter                           0x08002c95   Thumb Code     4  stm32f10x_tim.o(.text)
    TIM_SetAutoreload                        0x08002c99   Thumb Code     4  stm32f10x_tim.o(.text)
    TIM_SetCompare1                          0x08002c9d   Thumb Code     4  stm32f10x_tim.o(.text)
    TIM_SetCompare2                          0x08002ca1   Thumb Code     4  stm32f10x_tim.o(.text)
    TIM_SetCompare3                          0x08002ca5   Thumb Code     4  stm32f10x_tim.o(.text)
    TIM_SetCompare4                          0x08002ca9   Thumb Code     6  stm32f10x_tim.o(.text)
    TIM_SetClockDivision                     0x08002caf   Thumb Code    14  stm32f10x_tim.o(.text)
    TIM_GetCapture1                          0x08002cbd   Thumb Code     6  stm32f10x_tim.o(.text)
    TIM_GetCapture2                          0x08002cc3   Thumb Code     6  stm32f10x_tim.o(.text)
    TIM_GetCapture3                          0x08002cc9   Thumb Code     6  stm32f10x_tim.o(.text)
    TIM_GetCapture4                          0x08002ccf   Thumb Code     8  stm32f10x_tim.o(.text)
    TIM_GetCounter                           0x08002cd7   Thumb Code     6  stm32f10x_tim.o(.text)
    TIM_GetPrescaler                         0x08002cdd   Thumb Code     6  stm32f10x_tim.o(.text)
    TIM_GetFlagStatus                        0x08002ce3   Thumb Code    18  stm32f10x_tim.o(.text)
    TIM_ClearFlag                            0x08002cf5   Thumb Code     6  stm32f10x_tim.o(.text)
    TIM_GetITStatus                          0x08002cfb   Thumb Code    34  stm32f10x_tim.o(.text)
    TIM_ClearITPendingBit                    0x08002d1d   Thumb Code     6  stm32f10x_tim.o(.text)
    NVIC_PriorityGroupConfig                 0x08002d25   Thumb Code    10  misc.o(.text)
    NVIC_Init                                0x08002d2f   Thumb Code   100  misc.o(.text)
    NVIC_SetVectorTable                      0x08002d93   Thumb Code    14  misc.o(.text)
    NVIC_SystemLPConfig                      0x08002da1   Thumb Code    34  misc.o(.text)
    SysTick_CLKSourceConfig                  0x08002dc3   Thumb Code    40  misc.o(.text)
    I2C_DeInit                               0x08002e01   Thumb Code    64  stm32f10x_i2c.o(.text)
    I2C_Init                                 0x08002e41   Thumb Code   222  stm32f10x_i2c.o(.text)
    I2C_StructInit                           0x08002f1f   Thumb Code    30  stm32f10x_i2c.o(.text)
    I2C_Cmd                                  0x08002f3d   Thumb Code    24  stm32f10x_i2c.o(.text)
    I2C_DMACmd                               0x08002f55   Thumb Code    24  stm32f10x_i2c.o(.text)
    I2C_DMALastTransferCmd                   0x08002f6d   Thumb Code    24  stm32f10x_i2c.o(.text)
    I2C_GenerateSTART                        0x08002f85   Thumb Code    24  stm32f10x_i2c.o(.text)
    I2C_GenerateSTOP                         0x08002f9d   Thumb Code    24  stm32f10x_i2c.o(.text)
    I2C_AcknowledgeConfig                    0x08002fb5   Thumb Code    24  stm32f10x_i2c.o(.text)
    I2C_OwnAddress2Config                    0x08002fcd   Thumb Code    22  stm32f10x_i2c.o(.text)
    I2C_DualAddressCmd                       0x08002fe3   Thumb Code    24  stm32f10x_i2c.o(.text)
    I2C_GeneralCallCmd                       0x08002ffb   Thumb Code    24  stm32f10x_i2c.o(.text)
    I2C_ITConfig                             0x08003013   Thumb Code    18  stm32f10x_i2c.o(.text)
    I2C_SendData                             0x08003025   Thumb Code     4  stm32f10x_i2c.o(.text)
    I2C_ReceiveData                          0x08003029   Thumb Code     8  stm32f10x_i2c.o(.text)
    I2C_Send7bitAddress                      0x08003031   Thumb Code    18  stm32f10x_i2c.o(.text)
    I2C_ReadRegister                         0x08003043   Thumb Code     6  stm32f10x_i2c.o(.text)
    I2C_SoftwareResetCmd                     0x08003049   Thumb Code    22  stm32f10x_i2c.o(.text)
    I2C_SMBusAlertConfig                     0x0800305f   Thumb Code    28  stm32f10x_i2c.o(.text)
    I2C_TransmitPEC                          0x0800307b   Thumb Code    24  stm32f10x_i2c.o(.text)
    I2C_PECPositionConfig                    0x08003093   Thumb Code    28  stm32f10x_i2c.o(.text)
    I2C_CalculatePEC                         0x080030af   Thumb Code    24  stm32f10x_i2c.o(.text)
    I2C_GetPEC                               0x080030c7   Thumb Code     8  stm32f10x_i2c.o(.text)
    I2C_ARPCmd                               0x080030cf   Thumb Code    24  stm32f10x_i2c.o(.text)
    I2C_StretchClockCmd                      0x080030e7   Thumb Code    24  stm32f10x_i2c.o(.text)
    I2C_FastModeDutyCycleConfig              0x080030ff   Thumb Code    28  stm32f10x_i2c.o(.text)
    I2C_GetLastEvent                         0x0800311b   Thumb Code    26  stm32f10x_i2c.o(.text)
    I2C_CheckEvent                           0x08003135   Thumb Code    38  stm32f10x_i2c.o(.text)
    I2C_GetFlagStatus                        0x0800315b   Thumb Code    58  stm32f10x_i2c.o(.text)
    I2C_ClearFlag                            0x08003195   Thumb Code    12  stm32f10x_i2c.o(.text)
    I2C_GetITStatus                          0x080031a1   Thumb Code    38  stm32f10x_i2c.o(.text)
    I2C_ClearITPendingBit                    0x080031c7   Thumb Code    12  stm32f10x_i2c.o(.text)
    SystemInit                               0x080032c9   Thumb Code    68  system_stm32f10x.o(.text)
    __aeabi_memcpy                           0x0800331d   Thumb Code    36  memcpya.o(.text)
    __aeabi_memcpy4                          0x0800331d   Thumb Code     0  memcpya.o(.text)
    __aeabi_memcpy8                          0x0800331d   Thumb Code     0  memcpya.o(.text)
    __aeabi_uidiv                            0x08003341   Thumb Code     0  uidiv.o(.text)
    __aeabi_uidivmod                         0x08003341   Thumb Code    44  uidiv.o(.text)
    __scatterload                            0x0800336d   Thumb Code    28  init.o(.text)
    __scatterload_rt2                        0x0800336d   Thumb Code     0  init.o(.text)
    __0sprintf$6                             0x08003391   Thumb Code    34  printf6.o(i.__0sprintf$6)
    __1sprintf$6                             0x08003391   Thumb Code     0  printf6.o(i.__0sprintf$6)
    __2sprintf                               0x08003391   Thumb Code     0  printf6.o(i.__0sprintf$6)
    __scatterload_copy                       0x080033b9   Thumb Code    14  handlers.o(i.__scatterload_copy)
    __scatterload_null                       0x080033c7   Thumb Code     2  handlers.o(i.__scatterload_null)
    __scatterload_zeroinit                   0x080033c9   Thumb Code    14  handlers.o(i.__scatterload_zeroinit)
    Region$$Table$$Base                      0x08003724   Number         0  anon$$obj.o(Region$$Table)
    Region$$Table$$Limit                     0x08003744   Number         0  anon$$obj.o(Region$$Table)
    _m_DS3231_USART_Callback_TIMx            0x20000000   Data           4  main.o(.data)
    _m_DS3231_USART1_BaudRate                0x20000004   Data           4  main.o(.data)
    _m_DS3231_USART1_Tx_GPIOx                0x20000008   Data           4  main.o(.data)
    _m_DS3231_USART1_Tx_GPIO_Pin             0x2000000c   Data           2  main.o(.data)
    _m_DS3231_USART1_Rx_GPIOx                0x20000010   Data           4  main.o(.data)
    _m_DS3231_USART1_Rx_GPIO_Pin             0x20000014   Data           2  main.o(.data)
    _m_DS3231_USART1_Data_Eof                0x20000016   Data           2  main.o(.data)
    _m_DS3231_USART1_Eof_Len                 0x20000018   Data           2  main.o(.data)
    _m_DS3231_Chip_Address                   0x2000001a   Data           1  main.o(.data)
    _m_DS3231_Sub_Address                    0x2000001b   Data           1  main.o(.data)
    _m_DS3231_I2C_Error_Code                 0x2000001c   Data           1  main.o(.data)
    _m_LCD1602_Chip_Address                  0x2000001d   Data           1  main.o(.data)
    _m_LCD1602_I2C_Error_Code                0x2000001e   Data           1  main.o(.data)
    _m_LCD1602_USART_Callback_TIMx           0x20000020   Data           4  main.o(.data)
    _m_LCD1602_USART1_BaudRate               0x20000024   Data           4  main.o(.data)
    _m_LCD1602_USART1_Tx_GPIOx               0x20000028   Data           4  main.o(.data)
    _m_LCD1602_USART1_Tx_GPIO_Pin            0x2000002c   Data           2  main.o(.data)
    _m_LCD1602_USART1_Rx_GPIOx               0x20000030   Data           4  main.o(.data)
    _m_LCD1602_USART1_Rx_GPIO_Pin            0x20000034   Data           2  main.o(.data)
    _m_LCD1602_USART1_Data_Eof               0x20000036   Data           2  main.o(.data)
    _m_LCD1602_USART1_Eof_Len                0x20000038   Data           2  main.o(.data)
    delay                                    0x2000003a   Data           1  main.o(.data)
    _m_GPIOx_Enable                          0x2000006c   Data           2  gpio.o(.data)
    _m_DS3231_USART1_Data                    0x20000084   Data          48  main.o(.bss)
    _m_DS3231_USART1_Data_Nodes              0x200000b4   Data          32  main.o(.bss)
    _m_DS3231_USART1_Data_Node_Chars         0x200000d4   Data          32  main.o(.bss)
    DS3231_I2C1_Conf                         0x200000f4   Data          20  main.o(.bss)
    LCD1602_I2C_Conf                         0x20000108   Data          20  main.o(.bss)
    _m_LCD1602_USART1_Data                   0x2000011c   Data          48  main.o(.bss)
    _m_LCD1602_USART1_Data_Nodes             0x2000014c   Data          32  main.o(.bss)
    _m_LCD1602_USART1_Data_Node_Chars        0x2000016c   Data          32  main.o(.bss)
    _m_TIM2_IRQHandler_Ptr                   0x2000018c   Data          40  timx.o(.bss)
    _m_TIM3_IRQHandler_Ptr                   0x200001b4   Data          40  timx.o(.bss)
    _m_TIM4_IRQHandler_Ptr                   0x200001dc   Data          40  timx.o(.bss)
    _m_TIM5_IRQHandler_Ptr                   0x20000204   Data          40  timx.o(.bss)
    _m_USART1_IRQHandler_Ptr                 0x2000022c   Data          40  usart.o(.bss)
    _m_USART2_IRQHandler_Ptr                 0x20000254   Data          40  usart.o(.bss)
    __initial_sp                             0x20000480   Data           0  startup_stm32f10x_hd.o(STACK)



==============================================================================

Memory Map of the image

  Image Entry point : 0x08000147

  Load Region LR_1 (Base: 0x08000000, Size: 0x000037c8, Max: 0xffffffff, ABSOLUTE)

    Execution Region ER_RO (Base: 0x08000000, Size: 0x00003744, Max: 0xffffffff, ABSOLUTE)

    Base Addr    Size         Type   Attr      Idx    E Section Name        Object

    0x08000000   0x00000130   Data   RO            3    RESET               startup_stm32f10x_hd.o
    0x08000130   0x00000000   Code   RO          427  * .ARM.Collect$$$$00000000  mc_w.l(entry.o)
    0x08000130   0x00000004   Code   RO          695    .ARM.Collect$$$$00000001  mc_w.l(entry2.o)
    0x08000134   0x00000004   Code   RO          698    .ARM.Collect$$$$00000004  mc_w.l(entry5.o)
    0x08000138   0x00000000   Code   RO          700    .ARM.Collect$$$$00000008  mc_w.l(entry7b.o)
    0x08000138   0x00000000   Code   RO          702    .ARM.Collect$$$$0000000A  mc_w.l(entry8b.o)
    0x08000138   0x00000008   Code   RO          703    .ARM.Collect$$$$0000000B  mc_w.l(entry9a.o)
    0x08000140   0x00000000   Code   RO          705    .ARM.Collect$$$$0000000D  mc_w.l(entry10a.o)
    0x08000140   0x00000000   Code   RO          707    .ARM.Collect$$$$0000000F  mc_w.l(entry11a.o)
    0x08000140   0x00000004   Code   RO          696    .ARM.Collect$$$$00002712  mc_w.l(entry2.o)
    0x08000144   0x00000030   Code   RO            4  * .text               startup_stm32f10x_hd.o
    0x08000174   0x00000afc   Code   RO           10    .text               main.o
    0x08000c70   0x0000001a   Code   RO          101    .text               stm32f10x_it.o
    0x08000c8a   0x00000002   PAD
    0x08000c8c   0x0000024c   Code   RO          116    .text               timx.o
    0x08000ed8   0x000000b4   Code   RO          131    .text               gpio.o
    0x08000f8c   0x00000070   Code   RO          164    .text               linked_list.o
    0x08000ffc   0x00000186   Code   RO          179    .text               linked_list_data.o
    0x08001182   0x00000002   PAD
    0x08001184   0x00000350   Code   RO          267    .text               i2c.o
    0x080014d4   0x00000080   Code   RO          279    .text               usart_data.o
    0x08001554   0x000001c8   Code   RO          291    .text               usart.o
    0x0800171c   0x00000330   Code   RO          325    .text               stm32f10x_gpio.o
    0x08001a4c   0x000003a0   Code   RO          337    .text               stm32f10x_rcc.o
    0x08001dec   0x00000370   Code   RO          351    .text               stm32f10x_usart.o
    0x0800215c   0x00000bc6   Code   RO          363    .text               stm32f10x_tim.o
    0x08002d22   0x00000002   PAD
    0x08002d24   0x000000dc   Code   RO          375    .text               misc.o
    0x08002e00   0x000003e4   Code   RO          387    .text               stm32f10x_i2c.o
    0x080031e4   0x00000138   Code   RO          409    .text               system_stm32f10x.o
    0x0800331c   0x00000024   Code   RO          430    .text               mc_w.l(memcpya.o)
    0x08003340   0x0000002c   Code   RO          712    .text               mc_w.l(uidiv.o)
    0x0800336c   0x00000024   Code   RO          727    .text               mc_w.l(init.o)
    0x08003390   0x00000028   Code   RO          591    i.__0sprintf$6      mc_w.l(printf6.o)
    0x080033b8   0x0000000e   Code   RO          741    i.__scatterload_copy  mc_w.l(handlers.o)
    0x080033c6   0x00000002   Code   RO          742    i.__scatterload_null  mc_w.l(handlers.o)
    0x080033c8   0x0000000e   Code   RO          743    i.__scatterload_zeroinit  mc_w.l(handlers.o)
    0x080033d6   0x00000002   PAD
    0x080033d8   0x000002f0   Code   RO          596    i._printf_core      mc_w.l(printf6.o)
    0x080036c8   0x00000024   Code   RO          597    i._printf_post_padding  mc_w.l(printf6.o)
    0x080036ec   0x0000002e   Code   RO          598    i._printf_pre_padding  mc_w.l(printf6.o)
    0x0800371a   0x0000000a   Code   RO          600    i._sputc            mc_w.l(printf6.o)
    0x08003724   0x00000020   Data   RO          739    Region$$Table       anon$$obj.o


    Execution Region ER_RW (Base: 0x20000000, Size: 0x00000084, Max: 0xffffffff, ABSOLUTE)

    Base Addr    Size         Type   Attr      Idx    E Section Name        Object

    0x20000000   0x0000006c   Data   RW           12    .data               main.o
    0x2000006c   0x00000002   Data   RW          132    .data               gpio.o
    0x2000006e   0x00000014   Data   RW          338    .data               stm32f10x_rcc.o


    Execution Region ER_ZI (Base: 0x20000084, Size: 0x000003fc, Max: 0xffffffff, ABSOLUTE)

    Base Addr    Size         Type   Attr      Idx    E Section Name        Object

    0x20000084   0x00000108   Zero   RW           11    .bss                main.o
    0x2000018c   0x000000a0   Zero   RW          117    .bss                timx.o
    0x2000022c   0x00000050   Zero   RW          292    .bss                usart.o
    0x2000027c   0x00000004   PAD
    0x20000280   0x00000200   Zero   RW            1    STACK               startup_stm32f10x_hd.o


==============================================================================

Image component sizes


      Code (inc. data)   RO Data    RW Data    ZI Data      Debug   Object Name

       180         16          0          2          0       1363   gpio.o
       848         28          0          0          0       5133   i2c.o
       112          0          0          0          0       1358   linked_list.o
       390          0          0          0          0       1921   linked_list_data.o
      2812        230          0        108        264     268982   main.o
       220         22          0          0          0       1689   misc.o
        48         12        304          0        512        864   startup_stm32f10x_hd.o
       816         18          0          0          0       5147   stm32f10x_gpio.o
       996         18          0          0          0       8836   stm32f10x_i2c.o
        26          0          0          0          0       1158   stm32f10x_it.o
       928         36          0         20          0       8760   stm32f10x_rcc.o
      3014         16          0          0          0      24468   stm32f10x_tim.o
       880         12          0          0          0       7779   stm32f10x_usart.o
       312         16          0          0          0       1121   system_stm32f10x.o
       588         28          0          0        160       3381   timx.o
       456         18          0          0         80       2842   usart.o
       128          0          0          0          0       1984   usart_data.o

    ----------------------------------------------------------------------
     12760        470        336        132       1020     346786   Object Totals
         0          0         32          0          0          0   (incl. Generated)
         6          0          0          2          4          0   (incl. Padding)

    ----------------------------------------------------------------------

      Code (inc. data)   RO Data    RW Data    ZI Data      Debug   Library Member Name

         0          0          0          0          0          0   entry.o
         0          0          0          0          0          0   entry10a.o
         0          0          0          0          0          0   entry11a.o
         8          4          0          0          0          0   entry2.o
         4          0          0          0          0          0   entry5.o
         0          0          0          0          0          0   entry7b.o
         0          0          0          0          0          0   entry8b.o
         8          4          0          0          0          0   entry9a.o
        30          0          0          0          0          0   handlers.o
        36          8          0          0          0         68   init.o
        36          0          0          0          0         68   memcpya.o
       884         10          0          0          0        420   printf6.o
        44          0          0          0          0         80   uidiv.o

    ----------------------------------------------------------------------
      1052         26          0          0          0        636   Library Totals
         2          0          0          0          0          0   (incl. Padding)

    ----------------------------------------------------------------------

      Code (inc. data)   RO Data    RW Data    ZI Data      Debug   Library Name

      1050         26          0          0          0        636   mc_w.l

    ----------------------------------------------------------------------
      1052         26          0          0          0        636   Library Totals

    ----------------------------------------------------------------------

==============================================================================


      Code (inc. data)   RO Data    RW Data    ZI Data      Debug   

     13812        496        336        132       1020     345962   Grand Totals
     13812        496        336        132       1020     345962   ELF Image Totals
     13812        496        336        132          0          0   ROM Totals

==============================================================================

    Total RO  Size (Code + RO Data)                14148 (  13.82kB)
    Total RW  Size (RW Data + ZI Data)              1152 (   1.13kB)
    Total ROM Size (Code + RO Data + RW Data)      14280 (  13.95kB)

==============================================================================

