Component: ARM Compiler 5.06 update 4 (build 422) Tool: armlink [4d35d2]

==============================================================================

Section Cross References

    startup_stm32f10x_hd.o(RESET) refers to startup_stm32f10x_hd.o(.text) for Reset_Handler
    startup_stm32f10x_hd.o(RESET) refers to stm32f10x_it.o(.text) for NMI_Handler
    startup_stm32f10x_hd.o(RESET) refers to timx.o(.text) for TIM2_IRQHandler
    startup_stm32f10x_hd.o(RESET) refers to usart1.o(.text) for USART1_IRQHandler
    startup_stm32f10x_hd.o(.text) refers to startup_stm32f10x_hd.o(STACK) for __initial_sp
    startup_stm32f10x_hd.o(.text) refers to entry.o(.ARM.Collect$$$$00000000) for __main
    main.o(.text) refers to stm32f10x_gpio.o(.text) for GPIO_SetBits
    main.o(.text) refers to stm32f10x_rcc.o(.text) for RCC_APB2PeriphClockCmd
    main.o(.text) refers to ffltui.o(.text) for __aeabi_ui2f
    main.o(.text) refers to f2d.o(.text) for __aeabi_f2d
    main.o(.text) refers to dmul.o(.text) for __aeabi_dmul
    main.o(.text) refers to d2f.o(.text) for __aeabi_d2f
    main.o(.text) refers to timx.o(.text) for TIMx_With_NVIC_Config
    main.o(.text) refers to usart1.o(.text) for USART1_Config
    main.o(.text) refers to usart1_data.o(.text) for USART1_Data_Init
    main.o(.text) refers to printfa.o(i.__0sprintf) for __2sprintf
    main.o(.text) refers to system_stm32f10x.o(.text) for SystemInit
    usart1.o(.text) refers to misc.o(.text) for NVIC_PriorityGroupConfig
    usart1.o(.text) refers to stm32f10x_rcc.o(.text) for RCC_APB2PeriphClockCmd
    usart1.o(.text) refers to gpio.o(.text) for GPIO_Config
    usart1.o(.text) refers to stm32f10x_usart.o(.text) for USART_Init
    usart1.o(.text) refers to usart1.o(.bss) for _m_USART1_IRQHandler_Ptr
    timx.o(.text) refers to stm32f10x_rcc.o(.text) for RCC_APB1PeriphClockCmd
    timx.o(.text) refers to stm32f10x_tim.o(.text) for TIM_ClearITPendingBit
    timx.o(.text) refers to misc.o(.text) for NVIC_PriorityGroupConfig
    timx.o(.text) refers to timx.o(.bss) for _m_TIM2_IRQHandler_Ptr
    gpio.o(.text) refers to stm32f10x_rcc.o(.text) for RCC_APB2PeriphClockCmd
    gpio.o(.text) refers to stm32f10x_gpio.o(.text) for GPIO_Init
    gpio.o(.text) refers to gpio.o(.data) for _m_GPIOx_Enable
    usart1_util.o(.text) refers to flash_led.o(.text) for Led_Auto_Off
    usart1_util.o(.text) refers to usart1.o(.text) for USART1_Send_Byte
    usart1_util.o(.text) refers to usart1_data.o(.text) for USART1_Data_Init
    usart1_util.o(.text) refers to usart1_util.o(.data) for _m_USART1_W_LED_GPIO_Pin
    flash_led.o(.text) refers to stm32f10x_gpio.o(.text) for GPIO_ResetBits
    flash_led.o(.text) refers to timx.o(.text) for Register_TIMx_Callback
    flash_led.o(.text) refers to gpio.o(.text) for Out_PP_GPIO_Config
    flash_led.o(.text) refers to flash_led.o(.bss) for _m_Flash_LED_GPIO_Pin
    usart1_data.o(.text) refers to linked_list.o(.text) for Linked_Add_Last
    usart1_data.o(.text) refers to linked_list_data.o(.text) for Linked_List_Data_Add_Char
    usart1_data.o(.text) refers to usart1_data.o(.bss) for USART1_Data
    usart1_data.o(.text) refers to usart1_data.o(.data) for _m_USART1_Data_Eof
    linked_list_data.o(.text) refers to linked_list.o(.text) for Linked_Remove_First
    linked_list_data.o(.text) refers to memcpya.o(.text) for __aeabi_memcpy
    pwm.o(.text) refers to stm32f10x_rcc.o(.text) for RCC_APB1PeriphClockCmd
    pwm.o(.text) refers to stm32f10x_gpio.o(.text) for GPIO_Init
    pwm.o(.text) refers to stm32f10x_tim.o(.text) for TIM_TimeBaseInit
    pwm_led.o(.text) refers to pwm.o(.text) for PWM_Mode_Config
    pwm_led.o(.text) refers to pwm_led.o(.data) for _m_PWM_LED_TIMx
    usart1_test.o(.text) refers to usart1_data.o(.text) for USART1_Received_To_Buffer
    usart1_test.o(.text) refers to usart1_util.o(.text) for Flash_LED_USART1_Send_Byte
    usart1_test.o(.text) refers to usart1.o(.text) for Register_USART1_Callback
    usart1_test.o(.text) refers to timx.o(.text) for Register_TIMx_Callback
    usart1_test.o(.text) refers to flash_led.o(.text) for Flash_Led_Config
    usart1_test.o(.text) refers to usart1_test.o(.data) for _m_USART1_Received_Count
    i2c_eeprom.o(.text) refers to i2c.o(.text) for I2Cx_Wait
    i2c_eeprom.o(.text) refers to i2c_eeprom.o(.data) for _m_I2C_EE_Error_Code
    i2c.o(.text) refers to stm32f10x_rcc.o(.text) for RCC_APB2PeriphClockCmd
    i2c.o(.text) refers to stm32f10x_gpio.o(.text) for GPIO_Init
    i2c.o(.text) refers to stm32f10x_i2c.o(.text) for I2C_DeInit
    stm32f10x_gpio.o(.text) refers to stm32f10x_rcc.o(.text) for RCC_APB2PeriphResetCmd
    stm32f10x_rcc.o(.text) refers to stm32f10x_rcc.o(.data) for APBAHBPrescTable
    stm32f10x_usart.o(.text) refers to stm32f10x_rcc.o(.text) for RCC_APB2PeriphResetCmd
    stm32f10x_tim.o(.text) refers to stm32f10x_rcc.o(.text) for RCC_APB2PeriphResetCmd
    stm32f10x_i2c.o(.text) refers to stm32f10x_rcc.o(.text) for RCC_APB1PeriphResetCmd
    entry.o(.ARM.Collect$$$$00000000) refers (Special) to entry10a.o(.ARM.Collect$$$$0000000D) for __rt_final_cpp
    entry.o(.ARM.Collect$$$$00000000) refers (Special) to entry11a.o(.ARM.Collect$$$$0000000F) for __rt_final_exit
    entry.o(.ARM.Collect$$$$00000000) refers (Special) to entry7b.o(.ARM.Collect$$$$00000008) for _main_clock
    entry.o(.ARM.Collect$$$$00000000) refers (Special) to entry8b.o(.ARM.Collect$$$$0000000A) for _main_cpp_init
    entry.o(.ARM.Collect$$$$00000000) refers (Special) to entry9a.o(.ARM.Collect$$$$0000000B) for _main_init
    entry.o(.ARM.Collect$$$$00000000) refers (Special) to entry5.o(.ARM.Collect$$$$00000004) for _main_scatterload
    entry.o(.ARM.Collect$$$$00000000) refers (Special) to entry2.o(.ARM.Collect$$$$00000001) for _main_stk
    printfb.o(i.__0fprintf$bare) refers to printfb.o(i._printf_core) for _printf_core
    printfb.o(i.__0fprintf$bare) refers to fputc.o(i.fputc) for fputc
    printfb.o(i.__0printf$bare) refers to printfb.o(i._printf_core) for _printf_core
    printfb.o(i.__0printf$bare) refers to fputc.o(i.fputc) for fputc
    printfb.o(i.__0printf$bare) refers to stdout.o(.data) for __stdout
    printfb.o(i.__0snprintf$bare) refers to printfb.o(i._printf_core) for _printf_core
    printfb.o(i.__0snprintf$bare) refers to printfb.o(i._snputc) for _snputc
    printfb.o(i.__0sprintf$bare) refers to printfb.o(i._printf_core) for _printf_core
    printfb.o(i.__0sprintf$bare) refers to printfb.o(i._sputc) for _sputc
    printfb.o(i.__0vfprintf$bare) refers to printfb.o(i._printf_core) for _printf_core
    printfb.o(i.__0vfprintf$bare) refers to fputc.o(i.fputc) for fputc
    printfb.o(i.__0vprintf$bare) refers to printfb.o(i._printf_core) for _printf_core
    printfb.o(i.__0vprintf$bare) refers to fputc.o(i.fputc) for fputc
    printfb.o(i.__0vprintf$bare) refers to stdout.o(.data) for __stdout
    printfb.o(i.__0vsnprintf$bare) refers to printfb.o(i._printf_core) for _printf_core
    printfb.o(i.__0vsnprintf$bare) refers to printfb.o(i._snputc) for _snputc
    printfb.o(i.__0vsprintf$bare) refers to printfb.o(i._printf_core) for _printf_core
    printfb.o(i.__0vsprintf$bare) refers to printfb.o(i._sputc) for _sputc
    printf0.o(i.__0fprintf$0) refers to printf0.o(i._printf_core) for _printf_core
    printf0.o(i.__0fprintf$0) refers to fputc.o(i.fputc) for fputc
    printf0.o(i.__0printf$0) refers to printf0.o(i._printf_core) for _printf_core
    printf0.o(i.__0printf$0) refers to fputc.o(i.fputc) for fputc
    printf0.o(i.__0printf$0) refers to stdout.o(.data) for __stdout
    printf0.o(i.__0snprintf$0) refers to printf0.o(i._printf_core) for _printf_core
    printf0.o(i.__0snprintf$0) refers to printf0.o(i._snputc) for _snputc
    printf0.o(i.__0sprintf$0) refers to printf0.o(i._printf_core) for _printf_core
    printf0.o(i.__0sprintf$0) refers to printf0.o(i._sputc) for _sputc
    printf0.o(i.__0vfprintf$0) refers to printf0.o(i._printf_core) for _printf_core
    printf0.o(i.__0vfprintf$0) refers to fputc.o(i.fputc) for fputc
    printf0.o(i.__0vprintf$0) refers to printf0.o(i._printf_core) for _printf_core
    printf0.o(i.__0vprintf$0) refers to fputc.o(i.fputc) for fputc
    printf0.o(i.__0vprintf$0) refers to stdout.o(.data) for __stdout
    printf0.o(i.__0vsnprintf$0) refers to printf0.o(i._printf_core) for _printf_core
    printf0.o(i.__0vsnprintf$0) refers to printf0.o(i._snputc) for _snputc
    printf0.o(i.__0vsprintf$0) refers to printf0.o(i._printf_core) for _printf_core
    printf0.o(i.__0vsprintf$0) refers to printf0.o(i._sputc) for _sputc
    printf1.o(i.__0fprintf$1) refers to printf1.o(i._printf_core) for _printf_core
    printf1.o(i.__0fprintf$1) refers to fputc.o(i.fputc) for fputc
    printf1.o(i.__0printf$1) refers to printf1.o(i._printf_core) for _printf_core
    printf1.o(i.__0printf$1) refers to fputc.o(i.fputc) for fputc
    printf1.o(i.__0printf$1) refers to stdout.o(.data) for __stdout
    printf1.o(i.__0snprintf$1) refers to printf1.o(i._printf_core) for _printf_core
    printf1.o(i.__0snprintf$1) refers to printf1.o(i._snputc) for _snputc
    printf1.o(i.__0sprintf$1) refers to printf1.o(i._printf_core) for _printf_core
    printf1.o(i.__0sprintf$1) refers to printf1.o(i._sputc) for _sputc
    printf1.o(i.__0vfprintf$1) refers to printf1.o(i._printf_core) for _printf_core
    printf1.o(i.__0vfprintf$1) refers to fputc.o(i.fputc) for fputc
    printf1.o(i.__0vprintf$1) refers to printf1.o(i._printf_core) for _printf_core
    printf1.o(i.__0vprintf$1) refers to fputc.o(i.fputc) for fputc
    printf1.o(i.__0vprintf$1) refers to stdout.o(.data) for __stdout
    printf1.o(i.__0vsnprintf$1) refers to printf1.o(i._printf_core) for _printf_core
    printf1.o(i.__0vsnprintf$1) refers to printf1.o(i._snputc) for _snputc
    printf1.o(i.__0vsprintf$1) refers to printf1.o(i._printf_core) for _printf_core
    printf1.o(i.__0vsprintf$1) refers to printf1.o(i._sputc) for _sputc
    printf1.o(i._printf_core) refers to uidiv.o(.text) for __aeabi_uidivmod
    printf2.o(i.__0fprintf$2) refers to printf2.o(i._printf_core) for _printf_core
    printf2.o(i.__0fprintf$2) refers to fputc.o(i.fputc) for fputc
    printf2.o(i.__0printf$2) refers to printf2.o(i._printf_core) for _printf_core
    printf2.o(i.__0printf$2) refers to fputc.o(i.fputc) for fputc
    printf2.o(i.__0printf$2) refers to stdout.o(.data) for __stdout
    printf2.o(i.__0snprintf$2) refers to printf2.o(i._printf_core) for _printf_core
    printf2.o(i.__0snprintf$2) refers to printf2.o(i._snputc) for _snputc
    printf2.o(i.__0sprintf$2) refers to printf2.o(i._printf_core) for _printf_core
    printf2.o(i.__0sprintf$2) refers to printf2.o(i._sputc) for _sputc
    printf2.o(i.__0vfprintf$2) refers to printf2.o(i._printf_core) for _printf_core
    printf2.o(i.__0vfprintf$2) refers to fputc.o(i.fputc) for fputc
    printf2.o(i.__0vprintf$2) refers to printf2.o(i._printf_core) for _printf_core
    printf2.o(i.__0vprintf$2) refers to fputc.o(i.fputc) for fputc
    printf2.o(i.__0vprintf$2) refers to stdout.o(.data) for __stdout
    printf2.o(i.__0vsnprintf$2) refers to printf2.o(i._printf_core) for _printf_core
    printf2.o(i.__0vsnprintf$2) refers to printf2.o(i._snputc) for _snputc
    printf2.o(i.__0vsprintf$2) refers to printf2.o(i._printf_core) for _printf_core
    printf2.o(i.__0vsprintf$2) refers to printf2.o(i._sputc) for _sputc
    printf3.o(i.__0fprintf$3) refers to printf3.o(i._printf_core) for _printf_core
    printf3.o(i.__0fprintf$3) refers to fputc.o(i.fputc) for fputc
    printf3.o(i.__0printf$3) refers to printf3.o(i._printf_core) for _printf_core
    printf3.o(i.__0printf$3) refers to fputc.o(i.fputc) for fputc
    printf3.o(i.__0printf$3) refers to stdout.o(.data) for __stdout
    printf3.o(i.__0snprintf$3) refers to printf3.o(i._printf_core) for _printf_core
    printf3.o(i.__0snprintf$3) refers to printf3.o(i._snputc) for _snputc
    printf3.o(i.__0sprintf$3) refers to printf3.o(i._printf_core) for _printf_core
    printf3.o(i.__0sprintf$3) refers to printf3.o(i._sputc) for _sputc
    printf3.o(i.__0vfprintf$3) refers to printf3.o(i._printf_core) for _printf_core
    printf3.o(i.__0vfprintf$3) refers to fputc.o(i.fputc) for fputc
    printf3.o(i.__0vprintf$3) refers to printf3.o(i._printf_core) for _printf_core
    printf3.o(i.__0vprintf$3) refers to fputc.o(i.fputc) for fputc
    printf3.o(i.__0vprintf$3) refers to stdout.o(.data) for __stdout
    printf3.o(i.__0vsnprintf$3) refers to printf3.o(i._printf_core) for _printf_core
    printf3.o(i.__0vsnprintf$3) refers to printf3.o(i._snputc) for _snputc
    printf3.o(i.__0vsprintf$3) refers to printf3.o(i._printf_core) for _printf_core
    printf3.o(i.__0vsprintf$3) refers to printf3.o(i._sputc) for _sputc
    printf3.o(i._printf_core) refers to uidiv.o(.text) for __aeabi_uidivmod
    printf4.o(i.__0fprintf$4) refers to printf4.o(i._printf_core) for _printf_core
    printf4.o(i.__0fprintf$4) refers to fputc.o(i.fputc) for fputc
    printf4.o(i.__0printf$4) refers to printf4.o(i._printf_core) for _printf_core
    printf4.o(i.__0printf$4) refers to fputc.o(i.fputc) for fputc
    printf4.o(i.__0printf$4) refers to stdout.o(.data) for __stdout
    printf4.o(i.__0snprintf$4) refers to printf4.o(i._printf_core) for _printf_core
    printf4.o(i.__0snprintf$4) refers to printf4.o(i._snputc) for _snputc
    printf4.o(i.__0sprintf$4) refers to printf4.o(i._printf_core) for _printf_core
    printf4.o(i.__0sprintf$4) refers to printf4.o(i._sputc) for _sputc
    printf4.o(i.__0vfprintf$4) refers to printf4.o(i._printf_core) for _printf_core
    printf4.o(i.__0vfprintf$4) refers to fputc.o(i.fputc) for fputc
    printf4.o(i.__0vprintf$4) refers to printf4.o(i._printf_core) for _printf_core
    printf4.o(i.__0vprintf$4) refers to fputc.o(i.fputc) for fputc
    printf4.o(i.__0vprintf$4) refers to stdout.o(.data) for __stdout
    printf4.o(i.__0vsnprintf$4) refers to printf4.o(i._printf_core) for _printf_core
    printf4.o(i.__0vsnprintf$4) refers to printf4.o(i._snputc) for _snputc
    printf4.o(i.__0vsprintf$4) refers to printf4.o(i._printf_core) for _printf_core
    printf4.o(i.__0vsprintf$4) refers to printf4.o(i._sputc) for _sputc
    printf4.o(i._printf_core) refers to uldiv.o(.text) for __aeabi_uldivmod
    printf5.o(i.__0fprintf$5) refers to printf5.o(i._printf_core) for _printf_core
    printf5.o(i.__0fprintf$5) refers to fputc.o(i.fputc) for fputc
    printf5.o(i.__0printf$5) refers to printf5.o(i._printf_core) for _printf_core
    printf5.o(i.__0printf$5) refers to fputc.o(i.fputc) for fputc
    printf5.o(i.__0printf$5) refers to stdout.o(.data) for __stdout
    printf5.o(i.__0snprintf$5) refers to printf5.o(i._printf_core) for _printf_core
    printf5.o(i.__0snprintf$5) refers to printf5.o(i._snputc) for _snputc
    printf5.o(i.__0sprintf$5) refers to printf5.o(i._printf_core) for _printf_core
    printf5.o(i.__0sprintf$5) refers to printf5.o(i._sputc) for _sputc
    printf5.o(i.__0vfprintf$5) refers to printf5.o(i._printf_core) for _printf_core
    printf5.o(i.__0vfprintf$5) refers to fputc.o(i.fputc) for fputc
    printf5.o(i.__0vprintf$5) refers to printf5.o(i._printf_core) for _printf_core
    printf5.o(i.__0vprintf$5) refers to fputc.o(i.fputc) for fputc
    printf5.o(i.__0vprintf$5) refers to stdout.o(.data) for __stdout
    printf5.o(i.__0vsnprintf$5) refers to printf5.o(i._printf_core) for _printf_core
    printf5.o(i.__0vsnprintf$5) refers to printf5.o(i._snputc) for _snputc
    printf5.o(i.__0vsprintf$5) refers to printf5.o(i._printf_core) for _printf_core
    printf5.o(i.__0vsprintf$5) refers to printf5.o(i._sputc) for _sputc
    printf5.o(i._printf_core) refers to uldiv.o(.text) for __aeabi_uldivmod
    printf6.o(i.__0fprintf$6) refers to printf6.o(i._printf_core) for _printf_core
    printf6.o(i.__0fprintf$6) refers to fputc.o(i.fputc) for fputc
    printf6.o(i.__0printf$6) refers to printf6.o(i._printf_core) for _printf_core
    printf6.o(i.__0printf$6) refers to fputc.o(i.fputc) for fputc
    printf6.o(i.__0printf$6) refers to stdout.o(.data) for __stdout
    printf6.o(i.__0snprintf$6) refers to printf6.o(i._printf_core) for _printf_core
    printf6.o(i.__0snprintf$6) refers to printf6.o(i._snputc) for _snputc
    printf6.o(i.__0sprintf$6) refers to printf6.o(i._printf_core) for _printf_core
    printf6.o(i.__0sprintf$6) refers to printf6.o(i._sputc) for _sputc
    printf6.o(i.__0vfprintf$6) refers to printf6.o(i._printf_core) for _printf_core
    printf6.o(i.__0vfprintf$6) refers to fputc.o(i.fputc) for fputc
    printf6.o(i.__0vprintf$6) refers to printf6.o(i._printf_core) for _printf_core
    printf6.o(i.__0vprintf$6) refers to fputc.o(i.fputc) for fputc
    printf6.o(i.__0vprintf$6) refers to stdout.o(.data) for __stdout
    printf6.o(i.__0vsnprintf$6) refers to printf6.o(i._printf_core) for _printf_core
    printf6.o(i.__0vsnprintf$6) refers to printf6.o(i._snputc) for _snputc
    printf6.o(i.__0vsprintf$6) refers to printf6.o(i._printf_core) for _printf_core
    printf6.o(i.__0vsprintf$6) refers to printf6.o(i._sputc) for _sputc
    printf6.o(i._printf_core) refers to printf6.o(i._printf_pre_padding) for _printf_pre_padding
    printf6.o(i._printf_core) refers to uidiv.o(.text) for __aeabi_uidivmod
    printf6.o(i._printf_core) refers to printf6.o(i._printf_post_padding) for _printf_post_padding
    printf7.o(i.__0fprintf$7) refers to printf7.o(i._printf_core) for _printf_core
    printf7.o(i.__0fprintf$7) refers to fputc.o(i.fputc) for fputc
    printf7.o(i.__0printf$7) refers to printf7.o(i._printf_core) for _printf_core
    printf7.o(i.__0printf$7) refers to fputc.o(i.fputc) for fputc
    printf7.o(i.__0printf$7) refers to stdout.o(.data) for __stdout
    printf7.o(i.__0snprintf$7) refers to printf7.o(i._printf_core) for _printf_core
    printf7.o(i.__0snprintf$7) refers to printf7.o(i._snputc) for _snputc
    printf7.o(i.__0sprintf$7) refers to printf7.o(i._printf_core) for _printf_core
    printf7.o(i.__0sprintf$7) refers to printf7.o(i._sputc) for _sputc
    printf7.o(i.__0vfprintf$7) refers to printf7.o(i._printf_core) for _printf_core
    printf7.o(i.__0vfprintf$7) refers to fputc.o(i.fputc) for fputc
    printf7.o(i.__0vprintf$7) refers to printf7.o(i._printf_core) for _printf_core
    printf7.o(i.__0vprintf$7) refers to fputc.o(i.fputc) for fputc
    printf7.o(i.__0vprintf$7) refers to stdout.o(.data) for __stdout
    printf7.o(i.__0vsnprintf$7) refers to printf7.o(i._printf_core) for _printf_core
    printf7.o(i.__0vsnprintf$7) refers to printf7.o(i._snputc) for _snputc
    printf7.o(i.__0vsprintf$7) refers to printf7.o(i._printf_core) for _printf_core
    printf7.o(i.__0vsprintf$7) refers to printf7.o(i._sputc) for _sputc
    printf7.o(i._printf_core) refers to printf7.o(i._printf_pre_padding) for _printf_pre_padding
    printf7.o(i._printf_core) refers to uldiv.o(.text) for __aeabi_uldivmod
    printf7.o(i._printf_core) refers to printf7.o(i._printf_post_padding) for _printf_post_padding
    printf8.o(i.__0fprintf$8) refers to printf8.o(i._printf_core) for _printf_core
    printf8.o(i.__0fprintf$8) refers to fputc.o(i.fputc) for fputc
    printf8.o(i.__0printf$8) refers to printf8.o(i._printf_core) for _printf_core
    printf8.o(i.__0printf$8) refers to fputc.o(i.fputc) for fputc
    printf8.o(i.__0printf$8) refers to stdout.o(.data) for __stdout
    printf8.o(i.__0snprintf$8) refers to printf8.o(i._printf_core) for _printf_core
    printf8.o(i.__0snprintf$8) refers to printf8.o(i._snputc) for _snputc
    printf8.o(i.__0sprintf$8) refers to printf8.o(i._printf_core) for _printf_core
    printf8.o(i.__0sprintf$8) refers to printf8.o(i._sputc) for _sputc
    printf8.o(i.__0vfprintf$8) refers to printf8.o(i._printf_core) for _printf_core
    printf8.o(i.__0vfprintf$8) refers to fputc.o(i.fputc) for fputc
    printf8.o(i.__0vprintf$8) refers to printf8.o(i._printf_core) for _printf_core
    printf8.o(i.__0vprintf$8) refers to fputc.o(i.fputc) for fputc
    printf8.o(i.__0vprintf$8) refers to stdout.o(.data) for __stdout
    printf8.o(i.__0vsnprintf$8) refers to printf8.o(i._printf_core) for _printf_core
    printf8.o(i.__0vsnprintf$8) refers to printf8.o(i._snputc) for _snputc
    printf8.o(i.__0vsprintf$8) refers to printf8.o(i._printf_core) for _printf_core
    printf8.o(i.__0vsprintf$8) refers to printf8.o(i._sputc) for _sputc
    printf8.o(i._printf_core) refers to printf8.o(i._printf_pre_padding) for _printf_pre_padding
    printf8.o(i._printf_core) refers to uldiv.o(.text) for __aeabi_uldivmod
    printf8.o(i._printf_core) refers to printf8.o(i._printf_post_padding) for _printf_post_padding
    printfa.o(i.__0fprintf) refers (Special) to iusefp.o(.text) for __I$use$fp
    printfa.o(i.__0fprintf) refers to printfa.o(i._printf_core) for _printf_core
    printfa.o(i.__0fprintf) refers to fputc.o(i.fputc) for fputc
    printfa.o(i.__0printf) refers (Special) to iusefp.o(.text) for __I$use$fp
    printfa.o(i.__0printf) refers to printfa.o(i._printf_core) for _printf_core
    printfa.o(i.__0printf) refers to fputc.o(i.fputc) for fputc
    printfa.o(i.__0printf) refers to stdout.o(.data) for __stdout
    printfa.o(i.__0snprintf) refers (Special) to iusefp.o(.text) for __I$use$fp
    printfa.o(i.__0snprintf) refers to printfa.o(i._printf_core) for _printf_core
    printfa.o(i.__0snprintf) refers to printfa.o(i._snputc) for _snputc
    printfa.o(i.__0sprintf) refers (Special) to iusefp.o(.text) for __I$use$fp
    printfa.o(i.__0sprintf) refers to printfa.o(i._printf_core) for _printf_core
    printfa.o(i.__0sprintf) refers to printfa.o(i._sputc) for _sputc
    printfa.o(i.__0vfprintf) refers (Special) to iusefp.o(.text) for __I$use$fp
    printfa.o(i.__0vfprintf) refers to printfa.o(i._printf_core) for _printf_core
    printfa.o(i.__0vfprintf) refers to fputc.o(i.fputc) for fputc
    printfa.o(i.__0vprintf) refers (Special) to iusefp.o(.text) for __I$use$fp
    printfa.o(i.__0vprintf) refers to printfa.o(i._printf_core) for _printf_core
    printfa.o(i.__0vprintf) refers to fputc.o(i.fputc) for fputc
    printfa.o(i.__0vprintf) refers to stdout.o(.data) for __stdout
    printfa.o(i.__0vsnprintf) refers (Special) to iusefp.o(.text) for __I$use$fp
    printfa.o(i.__0vsnprintf) refers to printfa.o(i._printf_core) for _printf_core
    printfa.o(i.__0vsnprintf) refers to printfa.o(i._snputc) for _snputc
    printfa.o(i.__0vsprintf) refers (Special) to iusefp.o(.text) for __I$use$fp
    printfa.o(i.__0vsprintf) refers to printfa.o(i._printf_core) for _printf_core
    printfa.o(i.__0vsprintf) refers to printfa.o(i._sputc) for _sputc
    printfa.o(i._fp_digits) refers (Special) to iusefp.o(.text) for __I$use$fp
    printfa.o(i._fp_digits) refers to dmul.o(.text) for __aeabi_dmul
    printfa.o(i._fp_digits) refers to ddiv.o(.text) for __aeabi_ddiv
    printfa.o(i._fp_digits) refers to cdrcmple.o(.text) for __aeabi_cdrcmple
    printfa.o(i._fp_digits) refers to dadd.o(.text) for __aeabi_dadd
    printfa.o(i._fp_digits) refers to dfixul.o(.text) for __aeabi_d2ulz
    printfa.o(i._fp_digits) refers to uldiv.o(.text) for __aeabi_uldivmod
    printfa.o(i._printf_core) refers (Special) to iusefp.o(.text) for __I$use$fp
    printfa.o(i._printf_core) refers to printfa.o(i._printf_pre_padding) for _printf_pre_padding
    printfa.o(i._printf_core) refers to uldiv.o(.text) for __aeabi_uldivmod
    printfa.o(i._printf_core) refers to printfa.o(i._printf_post_padding) for _printf_post_padding
    printfa.o(i._printf_core) refers to printfa.o(i._fp_digits) for _fp_digits
    printfa.o(i._printf_core) refers to uidiv.o(.text) for __aeabi_uidivmod
    printfa.o(i._printf_post_padding) refers (Special) to iusefp.o(.text) for __I$use$fp
    printfa.o(i._printf_pre_padding) refers (Special) to iusefp.o(.text) for __I$use$fp
    printfa.o(i._snputc) refers (Special) to iusefp.o(.text) for __I$use$fp
    printfa.o(i._sputc) refers (Special) to iusefp.o(.text) for __I$use$fp
    dmul.o(.text) refers (Special) to iusefp.o(.text) for __I$use$fp
    dmul.o(.text) refers to depilogue.o(.text) for _double_epilogue
    ffltui.o(.text) refers (Special) to iusefp.o(.text) for __I$use$fp
    ffltui.o(.text) refers to fepilogue.o(.text) for _float_epilogue
    f2d.o(.text) refers (Special) to iusefp.o(.text) for __I$use$fp
    d2f.o(.text) refers (Special) to iusefp.o(.text) for __I$use$fp
    d2f.o(.text) refers to fepilogue.o(.text) for _float_round
    entry2.o(.ARM.Collect$$$$00000001) refers to entry2.o(.ARM.Collect$$$$00002712) for __lit__00000000
    entry2.o(.ARM.Collect$$$$00002712) refers to startup_stm32f10x_hd.o(STACK) for __initial_sp
    entry2.o(__vectab_stack_and_reset_area) refers to startup_stm32f10x_hd.o(STACK) for __initial_sp
    entry2.o(__vectab_stack_and_reset_area) refers to entry.o(.ARM.Collect$$$$00000000) for __main
    entry5.o(.ARM.Collect$$$$00000004) refers to init.o(.text) for __scatterload
    entry9a.o(.ARM.Collect$$$$0000000B) refers to main.o(.text) for main
    entry9b.o(.ARM.Collect$$$$0000000C) refers to main.o(.text) for main
    fputc.o(i.fputc) refers (Special) to iusesemip.o(.text) for __I$use$semihosting$fputc
    fputc.o(i.fputc) refers (Special) to semi.o(.text) for __semihosting_library_function
    uldiv.o(.text) refers to llushr.o(.text) for __aeabi_llsr
    uldiv.o(.text) refers to llshl.o(.text) for __aeabi_llsl
    depilogue.o(.text) refers to llshl.o(.text) for __aeabi_llsl
    depilogue.o(.text) refers to llushr.o(.text) for __aeabi_llsr
    dadd.o(.text) refers to llshl.o(.text) for __aeabi_llsl
    dadd.o(.text) refers to llsshr.o(.text) for __aeabi_lasr
    dadd.o(.text) refers to depilogue.o(.text) for _double_epilogue
    ddiv.o(.text) refers to depilogue.o(.text) for _double_round
    dfixul.o(.text) refers to llushr.o(.text) for __aeabi_llsr
    dfixul.o(.text) refers to llshl.o(.text) for __aeabi_llsl
    init.o(.text) refers to entry5.o(.ARM.Collect$$$$00000004) for __main_after_scatterload


==============================================================================

Removing Unused input sections from the image.

    Removing startup_stm32f10x_hd.o(HEAP), (0 bytes).
    Removing main.o(.data), (16 bytes).
    Removing usart1_util.o(.text), (184 bytes).
    Removing usart1_util.o(.data), (12 bytes).
    Removing flash_led.o(.text), (228 bytes).
    Removing flash_led.o(.bss), (100 bytes).
    Removing pwm.o(.text), (344 bytes).
    Removing pwm_led.o(.text), (124 bytes).
    Removing pwm_led.o(.data), (10 bytes).
    Removing usart1_test.o(.text), (356 bytes).
    Removing usart1_test.o(.data), (4 bytes).
    Removing i2c_eeprom.o(.text), (372 bytes).
    Removing i2c_eeprom.o(.data), (1 bytes).
    Removing i2c.o(.text), (808 bytes).
    Removing stm32f10x_i2c.o(.text), (996 bytes).
    Removing core_cm3.o(.emb_text), (32 bytes).
    Removing system_stm32f10x.o(.constdata), (20 bytes).

17 unused section(s) (total 3607 bytes) removed from the image.

==============================================================================

Image Symbol Table

    Local Symbols

    Symbol Name                              Value     Ov Type        Size  Object(Section)

    ../clib/microlib/division.c              0x00000000   Number         0  uidiv.o ABSOLUTE
    ../clib/microlib/division.c              0x00000000   Number         0  uldiv.o ABSOLUTE
    ../clib/microlib/init/entry.s            0x00000000   Number         0  entry2.o ABSOLUTE
    ../clib/microlib/init/entry.s            0x00000000   Number         0  entry10a.o ABSOLUTE
    ../clib/microlib/init/entry.s            0x00000000   Number         0  entry11a.o ABSOLUTE
    ../clib/microlib/init/entry.s            0x00000000   Number         0  entry11b.o ABSOLUTE
    ../clib/microlib/init/entry.s            0x00000000   Number         0  entry10b.o ABSOLUTE
    ../clib/microlib/init/entry.s            0x00000000   Number         0  entry5.o ABSOLUTE
    ../clib/microlib/init/entry.s            0x00000000   Number         0  entry.o ABSOLUTE
    ../clib/microlib/init/entry.s            0x00000000   Number         0  entry7a.o ABSOLUTE
    ../clib/microlib/init/entry.s            0x00000000   Number         0  entry7b.o ABSOLUTE
    ../clib/microlib/init/entry.s            0x00000000   Number         0  entry8a.o ABSOLUTE
    ../clib/microlib/init/entry.s            0x00000000   Number         0  entry8b.o ABSOLUTE
    ../clib/microlib/init/entry.s            0x00000000   Number         0  entry9a.o ABSOLUTE
    ../clib/microlib/init/entry.s            0x00000000   Number         0  entry9b.o ABSOLUTE
    ../clib/microlib/longlong.c              0x00000000   Number         0  llsshr.o ABSOLUTE
    ../clib/microlib/longlong.c              0x00000000   Number         0  llushr.o ABSOLUTE
    ../clib/microlib/longlong.c              0x00000000   Number         0  llshl.o ABSOLUTE
    ../clib/microlib/printf/printf.c         0x00000000   Number         0  printf2.o ABSOLUTE
    ../clib/microlib/printf/printf.c         0x00000000   Number         0  printf1.o ABSOLUTE
    ../clib/microlib/printf/printf.c         0x00000000   Number         0  printf0.o ABSOLUTE
    ../clib/microlib/printf/printf.c         0x00000000   Number         0  printfb.o ABSOLUTE
    ../clib/microlib/printf/printf.c         0x00000000   Number         0  printf4.o ABSOLUTE
    ../clib/microlib/printf/printf.c         0x00000000   Number         0  printf3.o ABSOLUTE
    ../clib/microlib/printf/printf.c         0x00000000   Number         0  printf8.o ABSOLUTE
    ../clib/microlib/printf/printf.c         0x00000000   Number         0  printfa.o ABSOLUTE
    ../clib/microlib/printf/printf.c         0x00000000   Number         0  printf5.o ABSOLUTE
    ../clib/microlib/printf/printf.c         0x00000000   Number         0  printf7.o ABSOLUTE
    ../clib/microlib/printf/printf.c         0x00000000   Number         0  printf6.o ABSOLUTE
    ../clib/microlib/printf/stubs.s          0x00000000   Number         0  stubs.o ABSOLUTE
    ../clib/microlib/stdio/fputc.c           0x00000000   Number         0  fputc.o ABSOLUTE
    ../clib/microlib/stdio/semi.s            0x00000000   Number         0  semi.o ABSOLUTE
    ../clib/microlib/stdio/streams.c         0x00000000   Number         0  stdout.o ABSOLUTE
    ../clib/microlib/string/memcpy.c         0x00000000   Number         0  memcpyb.o ABSOLUTE
    ../clib/microlib/string/memcpy.c         0x00000000   Number         0  memcpya.o ABSOLUTE
    ../clib/microlib/stubs.s                 0x00000000   Number         0  iusefp.o ABSOLUTE
    ../clib/microlib/stubs.s                 0x00000000   Number         0  iusesemip.o ABSOLUTE
    ../fplib/microlib/d2f.c                  0x00000000   Number         0  d2f.o ABSOLUTE
    ../fplib/microlib/f2d.c                  0x00000000   Number         0  f2d.o ABSOLUTE
    ../fplib/microlib/fpadd.c                0x00000000   Number         0  dadd.o ABSOLUTE
    ../fplib/microlib/fpdiv.c                0x00000000   Number         0  ddiv.o ABSOLUTE
    ../fplib/microlib/fpepilogue.c           0x00000000   Number         0  fepilogue.o ABSOLUTE
    ../fplib/microlib/fpepilogue.c           0x00000000   Number         0  depilogue.o ABSOLUTE
    ../fplib/microlib/fpfix.c                0x00000000   Number         0  dfixul.o ABSOLUTE
    ../fplib/microlib/fpflt.c                0x00000000   Number         0  ffltui.o ABSOLUTE
    ../fplib/microlib/fpmul.c                0x00000000   Number         0  dmul.o ABSOLUTE
    ..\CMSIS\core_cm3.c                      0x00000000   Number         0  core_cm3.o ABSOLUTE
    ..\CMSIS\startup\startup_stm32f10x_hd.s  0x00000000   Number         0  startup_stm32f10x_hd.o ABSOLUTE
    ..\CMSIS\system_stm32f10x.c              0x00000000   Number         0  system_stm32f10x.o ABSOLUTE
    ..\FWlib\src\misc.c                      0x00000000   Number         0  misc.o ABSOLUTE
    ..\FWlib\src\stm32f10x_gpio.c            0x00000000   Number         0  stm32f10x_gpio.o ABSOLUTE
    ..\FWlib\src\stm32f10x_i2c.c             0x00000000   Number         0  stm32f10x_i2c.o ABSOLUTE
    ..\FWlib\src\stm32f10x_rcc.c             0x00000000   Number         0  stm32f10x_rcc.o ABSOLUTE
    ..\FWlib\src\stm32f10x_tim.c             0x00000000   Number         0  stm32f10x_tim.o ABSOLUTE
    ..\FWlib\src\stm32f10x_usart.c           0x00000000   Number         0  stm32f10x_usart.o ABSOLUTE
    ..\\CMSIS\\core_cm3.c                    0x00000000   Number         0  core_cm3.o ABSOLUTE
    cdrcmple.s                               0x00000000   Number         0  cdrcmple.o ABSOLUTE
    dc.s                                     0x00000000   Number         0  dc.o ABSOLUTE
    flash_led.c                              0x00000000   Number         0  flash_led.o ABSOLUTE
    gpio.c                                   0x00000000   Number         0  gpio.o ABSOLUTE
    handlers.s                               0x00000000   Number         0  handlers.o ABSOLUTE
    i2c.c                                    0x00000000   Number         0  i2c.o ABSOLUTE
    i2c_eeprom.c                             0x00000000   Number         0  i2c_eeprom.o ABSOLUTE
    init.s                                   0x00000000   Number         0  init.o ABSOLUTE
    linked_list.c                            0x00000000   Number         0  linked_list.o ABSOLUTE
    linked_list_data.c                       0x00000000   Number         0  linked_list_data.o ABSOLUTE
    main.c                                   0x00000000   Number         0  main.o ABSOLUTE
    pwm.c                                    0x00000000   Number         0  pwm.o ABSOLUTE
    pwm_led.c                                0x00000000   Number         0  pwm_led.o ABSOLUTE
    stm32f10x_it.c                           0x00000000   Number         0  stm32f10x_it.o ABSOLUTE
    timx.c                                   0x00000000   Number         0  timx.o ABSOLUTE
    usart1.c                                 0x00000000   Number         0  usart1.o ABSOLUTE
    usart1_data.c                            0x00000000   Number         0  usart1_data.o ABSOLUTE
    usart1_test.c                            0x00000000   Number         0  usart1_test.o ABSOLUTE
    usart1_util.c                            0x00000000   Number         0  usart1_util.o ABSOLUTE
    RESET                                    0x08000000   Section      304  startup_stm32f10x_hd.o(RESET)
    .ARM.Collect$$$$00000000                 0x08000130   Section        0  entry.o(.ARM.Collect$$$$00000000)
    .ARM.Collect$$$$00000001                 0x08000130   Section        4  entry2.o(.ARM.Collect$$$$00000001)
    .ARM.Collect$$$$00000004                 0x08000134   Section        4  entry5.o(.ARM.Collect$$$$00000004)
    .ARM.Collect$$$$00000008                 0x08000138   Section        0  entry7b.o(.ARM.Collect$$$$00000008)
    .ARM.Collect$$$$0000000A                 0x08000138   Section        0  entry8b.o(.ARM.Collect$$$$0000000A)
    .ARM.Collect$$$$0000000B                 0x08000138   Section        8  entry9a.o(.ARM.Collect$$$$0000000B)
    .ARM.Collect$$$$0000000D                 0x08000140   Section        0  entry10a.o(.ARM.Collect$$$$0000000D)
    .ARM.Collect$$$$0000000F                 0x08000140   Section        0  entry11a.o(.ARM.Collect$$$$0000000F)
    .ARM.Collect$$$$00002712                 0x08000140   Section        4  entry2.o(.ARM.Collect$$$$00002712)
    __lit__00000000                          0x08000140   Data           4  entry2.o(.ARM.Collect$$$$00002712)
    .text                                    0x08000144   Section       48  startup_stm32f10x_hd.o(.text)
    .text                                    0x08000174   Section        0  main.o(.text)
    .text                                    0x08000484   Section        0  stm32f10x_it.o(.text)
    .text                                    0x080004a0   Section        0  usart1.o(.text)
    .text                                    0x080005d4   Section        0  timx.o(.text)
    .text                                    0x08000820   Section        0  gpio.o(.text)
    .text                                    0x080008d4   Section        0  usart1_data.o(.text)
    .text                                    0x08000954   Section        0  linked_list.o(.text)
    .text                                    0x080009c4   Section        0  linked_list_data.o(.text)
    .text                                    0x08000b4c   Section        0  stm32f10x_gpio.o(.text)
    .text                                    0x08000e7c   Section        0  stm32f10x_rcc.o(.text)
    .text                                    0x0800121c   Section        0  stm32f10x_usart.o(.text)
    .text                                    0x0800158c   Section        0  stm32f10x_tim.o(.text)
    TI4_Config                               0x080018ab   Thumb Code    82  stm32f10x_tim.o(.text)
    TI3_Config                               0x0800190f   Thumb Code    72  stm32f10x_tim.o(.text)
    TI2_Config                               0x08001981   Thumb Code    80  stm32f10x_tim.o(.text)
    TI1_Config                               0x080019e3   Thumb Code    56  stm32f10x_tim.o(.text)
    .text                                    0x08002154   Section        0  misc.o(.text)
    .text                                    0x08002230   Section        0  system_stm32f10x.o(.text)
    SetSysClockTo72                          0x08002231   Thumb Code   220  system_stm32f10x.o(.text)
    SetSysClock                              0x0800230d   Thumb Code     8  system_stm32f10x.o(.text)
    .text                                    0x08002368   Section        0  memcpya.o(.text)
    .text                                    0x0800238c   Section        0  dmul.o(.text)
    .text                                    0x08002470   Section        0  ffltui.o(.text)
    .text                                    0x0800247a   Section        0  f2d.o(.text)
    .text                                    0x080024a0   Section        0  d2f.o(.text)
    .text                                    0x080024d8   Section        0  uidiv.o(.text)
    .text                                    0x08002504   Section        0  uldiv.o(.text)
    .text                                    0x08002566   Section        0  iusefp.o(.text)
    .text                                    0x08002566   Section        0  fepilogue.o(.text)
    .text                                    0x080025d4   Section        0  depilogue.o(.text)
    .text                                    0x0800268e   Section        0  dadd.o(.text)
    .text                                    0x080027dc   Section        0  ddiv.o(.text)
    .text                                    0x080028ba   Section        0  dfixul.o(.text)
    .text                                    0x080028ec   Section       48  cdrcmple.o(.text)
    .text                                    0x0800291c   Section       36  init.o(.text)
    .text                                    0x08002940   Section        0  llshl.o(.text)
    .text                                    0x0800295e   Section        0  llushr.o(.text)
    .text                                    0x0800297e   Section        0  llsshr.o(.text)
    i.__0sprintf                             0x080029a4   Section        0  printfa.o(i.__0sprintf)
    i.__scatterload_copy                     0x080029cc   Section       14  handlers.o(i.__scatterload_copy)
    i.__scatterload_null                     0x080029da   Section        2  handlers.o(i.__scatterload_null)
    i.__scatterload_zeroinit                 0x080029dc   Section       14  handlers.o(i.__scatterload_zeroinit)
    i._fp_digits                             0x080029ec   Section        0  printfa.o(i._fp_digits)
    _fp_digits                               0x080029ed   Thumb Code   366  printfa.o(i._fp_digits)
    i._printf_core                           0x08002b70   Section        0  printfa.o(i._printf_core)
    _printf_core                             0x08002b71   Thumb Code  1744  printfa.o(i._printf_core)
    i._printf_post_padding                   0x0800324c   Section        0  printfa.o(i._printf_post_padding)
    _printf_post_padding                     0x0800324d   Thumb Code    36  printfa.o(i._printf_post_padding)
    i._printf_pre_padding                    0x08003270   Section        0  printfa.o(i._printf_pre_padding)
    _printf_pre_padding                      0x08003271   Thumb Code    46  printfa.o(i._printf_pre_padding)
    i._sputc                                 0x0800329e   Section        0  printfa.o(i._sputc)
    _sputc                                   0x0800329f   Thumb Code    10  printfa.o(i._sputc)
    .data                                    0x20000000   Section        2  gpio.o(.data)
    .data                                    0x20000002   Section        2  usart1_data.o(.data)
    .data                                    0x20000004   Section       20  stm32f10x_rcc.o(.data)
    APBAHBPrescTable                         0x20000004   Data          16  stm32f10x_rcc.o(.data)
    ADCPrescTable                            0x20000014   Data           4  stm32f10x_rcc.o(.data)
    .bss                                     0x20000018   Section       40  usart1.o(.bss)
    .bss                                     0x20000040   Section      160  timx.o(.bss)
    .bss                                     0x200000e0   Section      432  usart1_data.o(.bss)
    STACK                                    0x20000290   Section      512  startup_stm32f10x_hd.o(STACK)

    Global Symbols

    Symbol Name                              Value     Ov Type        Size  Object(Section)

    BuildAttributes$$THM_ISAv4$P$D$K$B$S$PE$A:L22UL41UL21$X:L11$S22US41US21$IEEE1$IW$USESV6$~STKCKD$USESV7$~SHL$OTIME$ROPI$EBA8$MICROLIB$REQ8$PRES8$EABIv2 0x00000000   Number         0  anon$$obj.o ABSOLUTE
    __ARM_use_no_argv                        0x00000000   Number         0  main.o ABSOLUTE
    _printf_a                                0x00000000   Number         0  stubs.o ABSOLUTE
    _printf_c                                0x00000000   Number         0  stubs.o ABSOLUTE
    _printf_charcount                        0x00000000   Number         0  stubs.o ABSOLUTE
    _printf_d                                0x00000000   Number         0  stubs.o ABSOLUTE
    _printf_e                                0x00000000   Number         0  stubs.o ABSOLUTE
    _printf_f                                0x00000000   Number         0  stubs.o ABSOLUTE
    _printf_flags                            0x00000000   Number         0  stubs.o ABSOLUTE
    _printf_fp_dec                           0x00000000   Number         0  stubs.o ABSOLUTE
    _printf_fp_hex                           0x00000000   Number         0  stubs.o ABSOLUTE
    _printf_g                                0x00000000   Number         0  stubs.o ABSOLUTE
    _printf_i                                0x00000000   Number         0  stubs.o ABSOLUTE
    _printf_int_dec                          0x00000000   Number         0  stubs.o ABSOLUTE
    _printf_l                                0x00000000   Number         0  stubs.o ABSOLUTE
    _printf_lc                               0x00000000   Number         0  stubs.o ABSOLUTE
    _printf_ll                               0x00000000   Number         0  stubs.o ABSOLUTE
    _printf_lld                              0x00000000   Number         0  stubs.o ABSOLUTE
    _printf_lli                              0x00000000   Number         0  stubs.o ABSOLUTE
    _printf_llo                              0x00000000   Number         0  stubs.o ABSOLUTE
    _printf_llu                              0x00000000   Number         0  stubs.o ABSOLUTE
    _printf_llx                              0x00000000   Number         0  stubs.o ABSOLUTE
    _printf_longlong_dec                     0x00000000   Number         0  stubs.o ABSOLUTE
    _printf_longlong_hex                     0x00000000   Number         0  stubs.o ABSOLUTE
    _printf_longlong_oct                     0x00000000   Number         0  stubs.o ABSOLUTE
    _printf_ls                               0x00000000   Number         0  stubs.o ABSOLUTE
    _printf_mbtowc                           0x00000000   Number         0  stubs.o ABSOLUTE
    _printf_n                                0x00000000   Number         0  stubs.o ABSOLUTE
    _printf_o                                0x00000000   Number         0  stubs.o ABSOLUTE
    _printf_p                                0x00000000   Number         0  stubs.o ABSOLUTE
    _printf_percent                          0x00000000   Number         0  stubs.o ABSOLUTE
    _printf_pre_padding                      0x00000000   Number         0  stubs.o ABSOLUTE
    _printf_return_value                     0x00000000   Number         0  stubs.o ABSOLUTE
    _printf_s                                0x00000000   Number         0  stubs.o ABSOLUTE
    _printf_sizespec                         0x00000000   Number         0  stubs.o ABSOLUTE
    _printf_str                              0x00000000   Number         0  stubs.o ABSOLUTE
    _printf_truncate_signed                  0x00000000   Number         0  stubs.o ABSOLUTE
    _printf_truncate_unsigned                0x00000000   Number         0  stubs.o ABSOLUTE
    _printf_u                                0x00000000   Number         0  stubs.o ABSOLUTE
    _printf_wc                               0x00000000   Number         0  stubs.o ABSOLUTE
    _printf_wctomb                           0x00000000   Number         0  stubs.o ABSOLUTE
    _printf_widthprec                        0x00000000   Number         0  stubs.o ABSOLUTE
    _printf_x                                0x00000000   Number         0  stubs.o ABSOLUTE
    __cpp_initialize__aeabi_                  - Undefined Weak Reference
    __cxa_finalize                            - Undefined Weak Reference
    __decompress                              - Undefined Weak Reference
    _clock_init                               - Undefined Weak Reference
    _microlib_exit                            - Undefined Weak Reference
    __Vectors_Size                           0x00000130   Number         0  startup_stm32f10x_hd.o ABSOLUTE
    __Vectors                                0x08000000   Data           4  startup_stm32f10x_hd.o(RESET)
    __Vectors_End                            0x08000130   Data           0  startup_stm32f10x_hd.o(RESET)
    __main                                   0x08000131   Thumb Code     0  entry.o(.ARM.Collect$$$$00000000)
    _main_stk                                0x08000131   Thumb Code     0  entry2.o(.ARM.Collect$$$$00000001)
    _main_scatterload                        0x08000135   Thumb Code     0  entry5.o(.ARM.Collect$$$$00000004)
    __main_after_scatterload                 0x08000139   Thumb Code     0  entry5.o(.ARM.Collect$$$$00000004)
    _main_clock                              0x08000139   Thumb Code     0  entry7b.o(.ARM.Collect$$$$00000008)
    _main_cpp_init                           0x08000139   Thumb Code     0  entry8b.o(.ARM.Collect$$$$0000000A)
    _main_init                               0x08000139   Thumb Code     0  entry9a.o(.ARM.Collect$$$$0000000B)
    __rt_final_cpp                           0x08000141   Thumb Code     0  entry10a.o(.ARM.Collect$$$$0000000D)
    __rt_final_exit                          0x08000141   Thumb Code     0  entry11a.o(.ARM.Collect$$$$0000000F)
    SystemInit_ExtMemCtl                     0x08000145   Thumb Code     2  startup_stm32f10x_hd.o(.text)
    Reset_Handler                            0x08000147   Thumb Code    14  startup_stm32f10x_hd.o(.text)
    ADC1_2_IRQHandler                        0x08000167   Thumb Code     0  startup_stm32f10x_hd.o(.text)
    ADC3_IRQHandler                          0x08000167   Thumb Code     0  startup_stm32f10x_hd.o(.text)
    CAN1_RX1_IRQHandler                      0x08000167   Thumb Code     0  startup_stm32f10x_hd.o(.text)
    CAN1_SCE_IRQHandler                      0x08000167   Thumb Code     0  startup_stm32f10x_hd.o(.text)
    DMA1_Channel1_IRQHandler                 0x08000167   Thumb Code     0  startup_stm32f10x_hd.o(.text)
    DMA1_Channel2_IRQHandler                 0x08000167   Thumb Code     0  startup_stm32f10x_hd.o(.text)
    DMA1_Channel3_IRQHandler                 0x08000167   Thumb Code     0  startup_stm32f10x_hd.o(.text)
    DMA1_Channel4_IRQHandler                 0x08000167   Thumb Code     0  startup_stm32f10x_hd.o(.text)
    DMA1_Channel5_IRQHandler                 0x08000167   Thumb Code     0  startup_stm32f10x_hd.o(.text)
    DMA1_Channel6_IRQHandler                 0x08000167   Thumb Code     0  startup_stm32f10x_hd.o(.text)
    DMA1_Channel7_IRQHandler                 0x08000167   Thumb Code     0  startup_stm32f10x_hd.o(.text)
    DMA2_Channel1_IRQHandler                 0x08000167   Thumb Code     0  startup_stm32f10x_hd.o(.text)
    DMA2_Channel2_IRQHandler                 0x08000167   Thumb Code     0  startup_stm32f10x_hd.o(.text)
    DMA2_Channel3_IRQHandler                 0x08000167   Thumb Code     0  startup_stm32f10x_hd.o(.text)
    DMA2_Channel4_5_IRQHandler               0x08000167   Thumb Code     0  startup_stm32f10x_hd.o(.text)
    EXTI0_IRQHandler                         0x08000167   Thumb Code     0  startup_stm32f10x_hd.o(.text)
    EXTI15_10_IRQHandler                     0x08000167   Thumb Code     0  startup_stm32f10x_hd.o(.text)
    EXTI1_IRQHandler                         0x08000167   Thumb Code     0  startup_stm32f10x_hd.o(.text)
    EXTI2_IRQHandler                         0x08000167   Thumb Code     0  startup_stm32f10x_hd.o(.text)
    EXTI3_IRQHandler                         0x08000167   Thumb Code     0  startup_stm32f10x_hd.o(.text)
    EXTI4_IRQHandler                         0x08000167   Thumb Code     0  startup_stm32f10x_hd.o(.text)
    EXTI9_5_IRQHandler                       0x08000167   Thumb Code     0  startup_stm32f10x_hd.o(.text)
    FLASH_IRQHandler                         0x08000167   Thumb Code     0  startup_stm32f10x_hd.o(.text)
    FSMC_IRQHandler                          0x08000167   Thumb Code     0  startup_stm32f10x_hd.o(.text)
    I2C1_ER_IRQHandler                       0x08000167   Thumb Code     0  startup_stm32f10x_hd.o(.text)
    I2C1_EV_IRQHandler                       0x08000167   Thumb Code     0  startup_stm32f10x_hd.o(.text)
    I2C2_ER_IRQHandler                       0x08000167   Thumb Code     0  startup_stm32f10x_hd.o(.text)
    I2C2_EV_IRQHandler                       0x08000167   Thumb Code     0  startup_stm32f10x_hd.o(.text)
    PVD_IRQHandler                           0x08000167   Thumb Code     0  startup_stm32f10x_hd.o(.text)
    RCC_IRQHandler                           0x08000167   Thumb Code     0  startup_stm32f10x_hd.o(.text)
    RTCAlarm_IRQHandler                      0x08000167   Thumb Code     0  startup_stm32f10x_hd.o(.text)
    RTC_IRQHandler                           0x08000167   Thumb Code     0  startup_stm32f10x_hd.o(.text)
    SDIO_IRQHandler                          0x08000167   Thumb Code     0  startup_stm32f10x_hd.o(.text)
    SPI1_IRQHandler                          0x08000167   Thumb Code     0  startup_stm32f10x_hd.o(.text)
    SPI2_IRQHandler                          0x08000167   Thumb Code     0  startup_stm32f10x_hd.o(.text)
    SPI3_IRQHandler                          0x08000167   Thumb Code     0  startup_stm32f10x_hd.o(.text)
    TAMPER_IRQHandler                        0x08000167   Thumb Code     0  startup_stm32f10x_hd.o(.text)
    TIM1_BRK_IRQHandler                      0x08000167   Thumb Code     0  startup_stm32f10x_hd.o(.text)
    TIM1_CC_IRQHandler                       0x08000167   Thumb Code     0  startup_stm32f10x_hd.o(.text)
    TIM1_TRG_COM_IRQHandler                  0x08000167   Thumb Code     0  startup_stm32f10x_hd.o(.text)
    TIM1_UP_IRQHandler                       0x08000167   Thumb Code     0  startup_stm32f10x_hd.o(.text)
    TIM6_IRQHandler                          0x08000167   Thumb Code     0  startup_stm32f10x_hd.o(.text)
    TIM7_IRQHandler                          0x08000167   Thumb Code     0  startup_stm32f10x_hd.o(.text)
    TIM8_BRK_IRQHandler                      0x08000167   Thumb Code     0  startup_stm32f10x_hd.o(.text)
    TIM8_CC_IRQHandler                       0x08000167   Thumb Code     0  startup_stm32f10x_hd.o(.text)
    TIM8_TRG_COM_IRQHandler                  0x08000167   Thumb Code     0  startup_stm32f10x_hd.o(.text)
    TIM8_UP_IRQHandler                       0x08000167   Thumb Code     0  startup_stm32f10x_hd.o(.text)
    UART4_IRQHandler                         0x08000167   Thumb Code     0  startup_stm32f10x_hd.o(.text)
    UART5_IRQHandler                         0x08000167   Thumb Code     0  startup_stm32f10x_hd.o(.text)
    USART2_IRQHandler                        0x08000167   Thumb Code     0  startup_stm32f10x_hd.o(.text)
    USART3_IRQHandler                        0x08000167   Thumb Code     0  startup_stm32f10x_hd.o(.text)
    USBWakeUp_IRQHandler                     0x08000167   Thumb Code     0  startup_stm32f10x_hd.o(.text)
    USB_HP_CAN1_TX_IRQHandler                0x08000167   Thumb Code     0  startup_stm32f10x_hd.o(.text)
    USB_LP_CAN1_RX0_IRQHandler               0x08000167   Thumb Code     0  startup_stm32f10x_hd.o(.text)
    WWDG_IRQHandler                          0x08000167   Thumb Code     0  startup_stm32f10x_hd.o(.text)
    Delay_us                                 0x08000175   Thumb Code    48  main.o(.text)
    ResetDS18B20                             0x080001a5   Thumb Code    80  main.o(.text)
    DS18B20WriteByte                         0x080001f5   Thumb Code    78  main.o(.text)
    DS18B20ReadByte                          0x08000243   Thumb Code    96  main.o(.text)
    ReadRom                                  0x080002a3   Thumb Code    32  main.o(.text)
    DS18B20Init                              0x080002c3   Thumb Code    74  main.o(.text)
    DS18B20StartConvert                      0x0800030d   Thumb Code    20  main.o(.text)
    DS18B20_Configuration                    0x08000321   Thumb Code    38  main.o(.text)
    ds18b20_start                            0x08000347   Thumb Code    22  main.o(.text)
    ds18b20_read                             0x0800035d   Thumb Code   124  main.o(.text)
    ds18b20_test                             0x080003d9   Thumb Code   144  main.o(.text)
    main                                     0x08000469   Thumb Code     8  main.o(.text)
    NMI_Handler                              0x08000485   Thumb Code     2  stm32f10x_it.o(.text)
    HardFault_Handler                        0x08000487   Thumb Code     4  stm32f10x_it.o(.text)
    MemManage_Handler                        0x0800048b   Thumb Code     4  stm32f10x_it.o(.text)
    BusFault_Handler                         0x0800048f   Thumb Code     4  stm32f10x_it.o(.text)
    UsageFault_Handler                       0x08000493   Thumb Code     4  stm32f10x_it.o(.text)
    SVC_Handler                              0x08000497   Thumb Code     2  stm32f10x_it.o(.text)
    DebugMon_Handler                         0x08000499   Thumb Code     2  stm32f10x_it.o(.text)
    PendSV_Handler                           0x0800049b   Thumb Code     2  stm32f10x_it.o(.text)
    SysTick_Handler                          0x0800049d   Thumb Code     2  stm32f10x_it.o(.text)
    USART1_Config                            0x080004a1   Thumb Code   144  usart1.o(.text)
    USART1_Send_Byte                         0x08000531   Thumb Code    28  usart1.o(.text)
    USART1_Get_Byte                          0x0800054d   Thumb Code    30  usart1.o(.text)
    USART1_IRQHandler                        0x0800056b   Thumb Code    54  usart1.o(.text)
    Register_USART1_Callback                 0x080005a1   Thumb Code    44  usart1.o(.text)
    TIMx_Config                              0x080005d5   Thumb Code   124  timx.o(.text)
    TIMx_With_NVIC_Config                    0x08000651   Thumb Code   110  timx.o(.text)
    Register_TIMx_Callback                   0x080006bf   Thumb Code    80  timx.o(.text)
    TIM2_IRQHandler                          0x0800070f   Thumb Code    42  timx.o(.text)
    TIM3_IRQHandler                          0x08000739   Thumb Code    42  timx.o(.text)
    TIM4_IRQHandler                          0x08000763   Thumb Code    42  timx.o(.text)
    TIM5_IRQHandler                          0x0800078d   Thumb Code    42  timx.o(.text)
    Delay_Nus                                0x080007b7   Thumb Code    54  timx.o(.text)
    Delay_Nms                                0x080007ed   Thumb Code    24  timx.o(.text)
    GPIO_Config                              0x08000821   Thumb Code   144  gpio.o(.text)
    Out_PP_GPIO_Config                       0x080008b1   Thumb Code    20  gpio.o(.text)
    USART1_Data_Init                         0x080008d5   Thumb Code    70  usart1_data.o(.text)
    USART1_Received_To_Buffer_Ignore_Error   0x0800091b   Thumb Code    14  usart1_data.o(.text)
    USART1_Received_To_Buffer                0x08000929   Thumb Code    14  usart1_data.o(.text)
    USART1_Read_To_Buffer                    0x08000937   Thumb Code    14  usart1_data.o(.text)
    Linked_Add_Last                          0x08000955   Thumb Code    44  linked_list.o(.text)
    Linked_Remove_First                      0x08000981   Thumb Code    40  linked_list.o(.text)
    Linked_Size                              0x080009a9   Thumb Code    28  linked_list.o(.text)
    Linked_List_Data_Add_Char0               0x080009c5   Thumb Code   204  linked_list_data.o(.text)
    Linked_List_Data_Add_Char                0x08000a91   Thumb Code   112  linked_list_data.o(.text)
    Linked_List_Data_Read                    0x08000b01   Thumb Code    74  linked_list_data.o(.text)
    GPIO_DeInit                              0x08000b4d   Thumb Code   188  stm32f10x_gpio.o(.text)
    GPIO_AFIODeInit                          0x08000c09   Thumb Code    20  stm32f10x_gpio.o(.text)
    GPIO_Init                                0x08000c1d   Thumb Code   278  stm32f10x_gpio.o(.text)
    GPIO_StructInit                          0x08000d33   Thumb Code    16  stm32f10x_gpio.o(.text)
    GPIO_ReadInputDataBit                    0x08000d43   Thumb Code    18  stm32f10x_gpio.o(.text)
    GPIO_ReadInputData                       0x08000d55   Thumb Code     8  stm32f10x_gpio.o(.text)
    GPIO_ReadOutputDataBit                   0x08000d5d   Thumb Code    18  stm32f10x_gpio.o(.text)
    GPIO_ReadOutputData                      0x08000d6f   Thumb Code     8  stm32f10x_gpio.o(.text)
    GPIO_SetBits                             0x08000d77   Thumb Code     4  stm32f10x_gpio.o(.text)
    GPIO_ResetBits                           0x08000d7b   Thumb Code     4  stm32f10x_gpio.o(.text)
    GPIO_WriteBit                            0x08000d7f   Thumb Code    10  stm32f10x_gpio.o(.text)
    GPIO_Write                               0x08000d89   Thumb Code     4  stm32f10x_gpio.o(.text)
    GPIO_PinLockConfig                       0x08000d8d   Thumb Code    18  stm32f10x_gpio.o(.text)
    GPIO_EventOutputConfig                   0x08000d9f   Thumb Code    26  stm32f10x_gpio.o(.text)
    GPIO_EventOutputCmd                      0x08000db9   Thumb Code     6  stm32f10x_gpio.o(.text)
    GPIO_PinRemapConfig                      0x08000dbf   Thumb Code   106  stm32f10x_gpio.o(.text)
    GPIO_EXTILineConfig                      0x08000e29   Thumb Code    66  stm32f10x_gpio.o(.text)
    RCC_DeInit                               0x08000e7d   Thumb Code    62  stm32f10x_rcc.o(.text)
    RCC_HSEConfig                            0x08000ebb   Thumb Code    70  stm32f10x_rcc.o(.text)
    RCC_GetFlagStatus                        0x08000f01   Thumb Code    56  stm32f10x_rcc.o(.text)
    RCC_WaitForHSEStartUp                    0x08000f39   Thumb Code    54  stm32f10x_rcc.o(.text)
    RCC_AdjustHSICalibrationValue            0x08000f6f   Thumb Code    20  stm32f10x_rcc.o(.text)
    RCC_HSICmd                               0x08000f83   Thumb Code     6  stm32f10x_rcc.o(.text)
    RCC_PLLConfig                            0x08000f89   Thumb Code    24  stm32f10x_rcc.o(.text)
    RCC_PLLCmd                               0x08000fa1   Thumb Code     6  stm32f10x_rcc.o(.text)
    RCC_SYSCLKConfig                         0x08000fa7   Thumb Code    18  stm32f10x_rcc.o(.text)
    RCC_GetSYSCLKSource                      0x08000fb9   Thumb Code    10  stm32f10x_rcc.o(.text)
    RCC_HCLKConfig                           0x08000fc3   Thumb Code    18  stm32f10x_rcc.o(.text)
    RCC_PCLK1Config                          0x08000fd5   Thumb Code    18  stm32f10x_rcc.o(.text)
    RCC_PCLK2Config                          0x08000fe7   Thumb Code    20  stm32f10x_rcc.o(.text)
    RCC_ITConfig                             0x08000ffb   Thumb Code    26  stm32f10x_rcc.o(.text)
    RCC_USBCLKConfig                         0x08001015   Thumb Code     8  stm32f10x_rcc.o(.text)
    RCC_ADCCLKConfig                         0x0800101d   Thumb Code    18  stm32f10x_rcc.o(.text)
    RCC_LSEConfig                            0x0800102f   Thumb Code    50  stm32f10x_rcc.o(.text)
    RCC_LSICmd                               0x08001061   Thumb Code     6  stm32f10x_rcc.o(.text)
    RCC_RTCCLKConfig                         0x08001067   Thumb Code    12  stm32f10x_rcc.o(.text)
    RCC_RTCCLKCmd                            0x08001073   Thumb Code     8  stm32f10x_rcc.o(.text)
    RCC_GetClocksFreq                        0x0800107b   Thumb Code   192  stm32f10x_rcc.o(.text)
    RCC_AHBPeriphClockCmd                    0x0800113b   Thumb Code    26  stm32f10x_rcc.o(.text)
    RCC_APB2PeriphClockCmd                   0x08001155   Thumb Code    26  stm32f10x_rcc.o(.text)
    RCC_APB1PeriphClockCmd                   0x0800116f   Thumb Code    26  stm32f10x_rcc.o(.text)
    RCC_APB2PeriphResetCmd                   0x08001189   Thumb Code    26  stm32f10x_rcc.o(.text)
    RCC_APB1PeriphResetCmd                   0x080011a3   Thumb Code    26  stm32f10x_rcc.o(.text)
    RCC_BackupResetCmd                       0x080011bd   Thumb Code     8  stm32f10x_rcc.o(.text)
    RCC_ClockSecuritySystemCmd               0x080011c5   Thumb Code     6  stm32f10x_rcc.o(.text)
    RCC_MCOConfig                            0x080011cb   Thumb Code     6  stm32f10x_rcc.o(.text)
    RCC_ClearFlag                            0x080011d1   Thumb Code    14  stm32f10x_rcc.o(.text)
    RCC_GetITStatus                          0x080011df   Thumb Code    20  stm32f10x_rcc.o(.text)
    RCC_ClearITPendingBit                    0x080011f3   Thumb Code     6  stm32f10x_rcc.o(.text)
    USART_DeInit                             0x0800121d   Thumb Code   146  stm32f10x_usart.o(.text)
    USART_Init                               0x080012af   Thumb Code   150  stm32f10x_usart.o(.text)
    USART_StructInit                         0x08001345   Thumb Code    24  stm32f10x_usart.o(.text)
    USART_ClockInit                          0x0800135d   Thumb Code    34  stm32f10x_usart.o(.text)
    USART_ClockStructInit                    0x0800137f   Thumb Code    12  stm32f10x_usart.o(.text)
    USART_Cmd                                0x0800138b   Thumb Code    24  stm32f10x_usart.o(.text)
    USART_ITConfig                           0x080013a3   Thumb Code    64  stm32f10x_usart.o(.text)
    USART_DMACmd                             0x080013e3   Thumb Code    18  stm32f10x_usart.o(.text)
    USART_SetAddress                         0x080013f5   Thumb Code    18  stm32f10x_usart.o(.text)
    USART_WakeUpConfig                       0x08001407   Thumb Code    18  stm32f10x_usart.o(.text)
    USART_ReceiverWakeUpCmd                  0x08001419   Thumb Code    24  stm32f10x_usart.o(.text)
    USART_LINBreakDetectLengthConfig         0x08001431   Thumb Code    18  stm32f10x_usart.o(.text)
    USART_LINCmd                             0x08001443   Thumb Code    24  stm32f10x_usart.o(.text)
    USART_SendData                           0x0800145b   Thumb Code     8  stm32f10x_usart.o(.text)
    USART_ReceiveData                        0x08001463   Thumb Code    10  stm32f10x_usart.o(.text)
    USART_SendBreak                          0x0800146d   Thumb Code    10  stm32f10x_usart.o(.text)
    USART_SetGuardTime                       0x08001477   Thumb Code    16  stm32f10x_usart.o(.text)
    USART_SetPrescaler                       0x08001487   Thumb Code    16  stm32f10x_usart.o(.text)
    USART_SmartCardCmd                       0x08001497   Thumb Code    24  stm32f10x_usart.o(.text)
    USART_SmartCardNACKCmd                   0x080014af   Thumb Code    24  stm32f10x_usart.o(.text)
    USART_HalfDuplexCmd                      0x080014c7   Thumb Code    24  stm32f10x_usart.o(.text)
    USART_IrDAConfig                         0x080014df   Thumb Code    18  stm32f10x_usart.o(.text)
    USART_IrDACmd                            0x080014f1   Thumb Code    24  stm32f10x_usart.o(.text)
    USART_GetFlagStatus                      0x08001509   Thumb Code    18  stm32f10x_usart.o(.text)
    USART_ClearFlag                          0x0800151b   Thumb Code     6  stm32f10x_usart.o(.text)
    USART_GetITStatus                        0x08001521   Thumb Code    76  stm32f10x_usart.o(.text)
    USART_ClearITPendingBit                  0x0800156d   Thumb Code    20  stm32f10x_usart.o(.text)
    TIM_DeInit                               0x0800158d   Thumb Code   214  stm32f10x_tim.o(.text)
    TIM_TimeBaseInit                         0x08001663   Thumb Code    50  stm32f10x_tim.o(.text)
    TIM_OC1Init                              0x08001695   Thumb Code   110  stm32f10x_tim.o(.text)
    TIM_OC2Init                              0x08001703   Thumb Code   148  stm32f10x_tim.o(.text)
    TIM_OC3Init                              0x08001797   Thumb Code   144  stm32f10x_tim.o(.text)
    TIM_OC4Init                              0x08001827   Thumb Code   106  stm32f10x_tim.o(.text)
    TIM_SetIC4Prescaler                      0x08001891   Thumb Code    26  stm32f10x_tim.o(.text)
    TIM_SetIC3Prescaler                      0x080018fd   Thumb Code    18  stm32f10x_tim.o(.text)
    TIM_SetIC2Prescaler                      0x08001957   Thumb Code    42  stm32f10x_tim.o(.text)
    TIM_SetIC1Prescaler                      0x080019d1   Thumb Code    18  stm32f10x_tim.o(.text)
    TIM_ICInit                               0x08001a1b   Thumb Code   110  stm32f10x_tim.o(.text)
    TIM_PWMIConfig                           0x08001a89   Thumb Code   124  stm32f10x_tim.o(.text)
    TIM_BDTRConfig                           0x08001b05   Thumb Code    32  stm32f10x_tim.o(.text)
    TIM_TimeBaseStructInit                   0x08001b25   Thumb Code    18  stm32f10x_tim.o(.text)
    TIM_OCStructInit                         0x08001b37   Thumb Code    20  stm32f10x_tim.o(.text)
    TIM_ICStructInit                         0x08001b4b   Thumb Code    18  stm32f10x_tim.o(.text)
    TIM_BDTRStructInit                       0x08001b5d   Thumb Code    18  stm32f10x_tim.o(.text)
    TIM_Cmd                                  0x08001b6f   Thumb Code    24  stm32f10x_tim.o(.text)
    TIM_CtrlPWMOutputs                       0x08001b87   Thumb Code    30  stm32f10x_tim.o(.text)
    TIM_ITConfig                             0x08001ba5   Thumb Code    18  stm32f10x_tim.o(.text)
    TIM_GenerateEvent                        0x08001bb7   Thumb Code     4  stm32f10x_tim.o(.text)
    TIM_DMAConfig                            0x08001bbb   Thumb Code    10  stm32f10x_tim.o(.text)
    TIM_DMACmd                               0x08001bc5   Thumb Code    18  stm32f10x_tim.o(.text)
    TIM_InternalClockConfig                  0x08001bd7   Thumb Code    12  stm32f10x_tim.o(.text)
    TIM_SelectInputTrigger                   0x08001be3   Thumb Code    18  stm32f10x_tim.o(.text)
    TIM_ITRxExternalClockConfig              0x08001bf5   Thumb Code    24  stm32f10x_tim.o(.text)
    TIM_TIxExternalClockConfig               0x08001c0d   Thumb Code    62  stm32f10x_tim.o(.text)
    TIM_ETRConfig                            0x08001c4b   Thumb Code    30  stm32f10x_tim.o(.text)
    TIM_ETRClockMode1Config                  0x08001c69   Thumb Code    54  stm32f10x_tim.o(.text)
    TIM_ETRClockMode2Config                  0x08001c9f   Thumb Code    32  stm32f10x_tim.o(.text)
    TIM_PrescalerConfig                      0x08001cbf   Thumb Code     6  stm32f10x_tim.o(.text)
    TIM_CounterModeConfig                    0x08001cc5   Thumb Code    18  stm32f10x_tim.o(.text)
    TIM_EncoderInterfaceConfig               0x08001cd7   Thumb Code    66  stm32f10x_tim.o(.text)
    TIM_ForcedOC1Config                      0x08001d19   Thumb Code    18  stm32f10x_tim.o(.text)
    TIM_ForcedOC2Config                      0x08001d2b   Thumb Code    26  stm32f10x_tim.o(.text)
    TIM_ForcedOC3Config                      0x08001d45   Thumb Code    18  stm32f10x_tim.o(.text)
    TIM_ForcedOC4Config                      0x08001d57   Thumb Code    26  stm32f10x_tim.o(.text)
    TIM_ARRPreloadConfig                     0x08001d71   Thumb Code    24  stm32f10x_tim.o(.text)
    TIM_SelectCOM                            0x08001d89   Thumb Code    24  stm32f10x_tim.o(.text)
    TIM_SelectCCDMA                          0x08001da1   Thumb Code    24  stm32f10x_tim.o(.text)
    TIM_CCPreloadControl                     0x08001db9   Thumb Code    24  stm32f10x_tim.o(.text)
    TIM_OC1PreloadConfig                     0x08001dd1   Thumb Code    18  stm32f10x_tim.o(.text)
    TIM_OC2PreloadConfig                     0x08001de3   Thumb Code    26  stm32f10x_tim.o(.text)
    TIM_OC3PreloadConfig                     0x08001dfd   Thumb Code    18  stm32f10x_tim.o(.text)
    TIM_OC4PreloadConfig                     0x08001e0f   Thumb Code    26  stm32f10x_tim.o(.text)
    TIM_OC1FastConfig                        0x08001e29   Thumb Code    18  stm32f10x_tim.o(.text)
    TIM_OC2FastConfig                        0x08001e3b   Thumb Code    26  stm32f10x_tim.o(.text)
    TIM_OC3FastConfig                        0x08001e55   Thumb Code    18  stm32f10x_tim.o(.text)
    TIM_OC4FastConfig                        0x08001e67   Thumb Code    26  stm32f10x_tim.o(.text)
    TIM_ClearOC1Ref                          0x08001e81   Thumb Code    18  stm32f10x_tim.o(.text)
    TIM_ClearOC2Ref                          0x08001e93   Thumb Code    24  stm32f10x_tim.o(.text)
    TIM_ClearOC3Ref                          0x08001eab   Thumb Code    18  stm32f10x_tim.o(.text)
    TIM_ClearOC4Ref                          0x08001ebd   Thumb Code    24  stm32f10x_tim.o(.text)
    TIM_OC1PolarityConfig                    0x08001ed5   Thumb Code    18  stm32f10x_tim.o(.text)
    TIM_OC1NPolarityConfig                   0x08001ee7   Thumb Code    18  stm32f10x_tim.o(.text)
    TIM_OC2PolarityConfig                    0x08001ef9   Thumb Code    26  stm32f10x_tim.o(.text)
    TIM_OC2NPolarityConfig                   0x08001f13   Thumb Code    26  stm32f10x_tim.o(.text)
    TIM_OC3PolarityConfig                    0x08001f2d   Thumb Code    26  stm32f10x_tim.o(.text)
    TIM_OC3NPolarityConfig                   0x08001f47   Thumb Code    26  stm32f10x_tim.o(.text)
    TIM_OC4PolarityConfig                    0x08001f61   Thumb Code    26  stm32f10x_tim.o(.text)
    TIM_CCxCmd                               0x08001f7b   Thumb Code    26  stm32f10x_tim.o(.text)
    TIM_CCxNCmd                              0x08001f95   Thumb Code    26  stm32f10x_tim.o(.text)
    TIM_SelectOCxM                           0x08001faf   Thumb Code   134  stm32f10x_tim.o(.text)
    TIM_UpdateDisableConfig                  0x08002035   Thumb Code    24  stm32f10x_tim.o(.text)
    TIM_UpdateRequestConfig                  0x0800204d   Thumb Code    24  stm32f10x_tim.o(.text)
    TIM_SelectHallSensor                     0x08002065   Thumb Code    24  stm32f10x_tim.o(.text)
    TIM_SelectOnePulseMode                   0x0800207d   Thumb Code    18  stm32f10x_tim.o(.text)
    TIM_SelectOutputTrigger                  0x0800208f   Thumb Code    18  stm32f10x_tim.o(.text)
    TIM_SelectSlaveMode                      0x080020a1   Thumb Code    18  stm32f10x_tim.o(.text)
    TIM_SelectMasterSlaveMode                0x080020b3   Thumb Code    18  stm32f10x_tim.o(.text)
    TIM_SetCounter                           0x080020c5   Thumb Code     4  stm32f10x_tim.o(.text)
    TIM_SetAutoreload                        0x080020c9   Thumb Code     4  stm32f10x_tim.o(.text)
    TIM_SetCompare1                          0x080020cd   Thumb Code     4  stm32f10x_tim.o(.text)
    TIM_SetCompare2                          0x080020d1   Thumb Code     4  stm32f10x_tim.o(.text)
    TIM_SetCompare3                          0x080020d5   Thumb Code     4  stm32f10x_tim.o(.text)
    TIM_SetCompare4                          0x080020d9   Thumb Code     6  stm32f10x_tim.o(.text)
    TIM_SetClockDivision                     0x080020df   Thumb Code    14  stm32f10x_tim.o(.text)
    TIM_GetCapture1                          0x080020ed   Thumb Code     6  stm32f10x_tim.o(.text)
    TIM_GetCapture2                          0x080020f3   Thumb Code     6  stm32f10x_tim.o(.text)
    TIM_GetCapture3                          0x080020f9   Thumb Code     6  stm32f10x_tim.o(.text)
    TIM_GetCapture4                          0x080020ff   Thumb Code     8  stm32f10x_tim.o(.text)
    TIM_GetCounter                           0x08002107   Thumb Code     6  stm32f10x_tim.o(.text)
    TIM_GetPrescaler                         0x0800210d   Thumb Code     6  stm32f10x_tim.o(.text)
    TIM_GetFlagStatus                        0x08002113   Thumb Code    18  stm32f10x_tim.o(.text)
    TIM_ClearFlag                            0x08002125   Thumb Code     6  stm32f10x_tim.o(.text)
    TIM_GetITStatus                          0x0800212b   Thumb Code    34  stm32f10x_tim.o(.text)
    TIM_ClearITPendingBit                    0x0800214d   Thumb Code     6  stm32f10x_tim.o(.text)
    NVIC_PriorityGroupConfig                 0x08002155   Thumb Code    10  misc.o(.text)
    NVIC_Init                                0x0800215f   Thumb Code   100  misc.o(.text)
    NVIC_SetVectorTable                      0x080021c3   Thumb Code    14  misc.o(.text)
    NVIC_SystemLPConfig                      0x080021d1   Thumb Code    34  misc.o(.text)
    SysTick_CLKSourceConfig                  0x080021f3   Thumb Code    40  misc.o(.text)
    SystemInit                               0x08002315   Thumb Code    68  system_stm32f10x.o(.text)
    __aeabi_memcpy                           0x08002369   Thumb Code    36  memcpya.o(.text)
    __aeabi_memcpy4                          0x08002369   Thumb Code     0  memcpya.o(.text)
    __aeabi_memcpy8                          0x08002369   Thumb Code     0  memcpya.o(.text)
    __aeabi_dmul                             0x0800238d   Thumb Code   228  dmul.o(.text)
    __aeabi_ui2f                             0x08002471   Thumb Code    10  ffltui.o(.text)
    __aeabi_f2d                              0x0800247b   Thumb Code    38  f2d.o(.text)
    __aeabi_d2f                              0x080024a1   Thumb Code    56  d2f.o(.text)
    __aeabi_uidiv                            0x080024d9   Thumb Code     0  uidiv.o(.text)
    __aeabi_uidivmod                         0x080024d9   Thumb Code    44  uidiv.o(.text)
    __aeabi_uldivmod                         0x08002505   Thumb Code    98  uldiv.o(.text)
    __I$use$fp                               0x08002567   Thumb Code     0  iusefp.o(.text)
    _float_round                             0x08002567   Thumb Code    18  fepilogue.o(.text)
    _float_epilogue                          0x08002579   Thumb Code    92  fepilogue.o(.text)
    _double_round                            0x080025d5   Thumb Code    30  depilogue.o(.text)
    _double_epilogue                         0x080025f3   Thumb Code   156  depilogue.o(.text)
    __aeabi_dadd                             0x0800268f   Thumb Code   322  dadd.o(.text)
    __aeabi_dsub                             0x080027d1   Thumb Code     6  dadd.o(.text)
    __aeabi_drsub                            0x080027d7   Thumb Code     6  dadd.o(.text)
    __aeabi_ddiv                             0x080027dd   Thumb Code   222  ddiv.o(.text)
    __aeabi_d2ulz                            0x080028bb   Thumb Code    48  dfixul.o(.text)
    __aeabi_cdrcmple                         0x080028ed   Thumb Code    48  cdrcmple.o(.text)
    __scatterload                            0x0800291d   Thumb Code    28  init.o(.text)
    __scatterload_rt2                        0x0800291d   Thumb Code     0  init.o(.text)
    __aeabi_llsl                             0x08002941   Thumb Code    30  llshl.o(.text)
    _ll_shift_l                              0x08002941   Thumb Code     0  llshl.o(.text)
    __aeabi_llsr                             0x0800295f   Thumb Code    32  llushr.o(.text)
    _ll_ushift_r                             0x0800295f   Thumb Code     0  llushr.o(.text)
    __aeabi_lasr                             0x0800297f   Thumb Code    36  llsshr.o(.text)
    _ll_sshift_r                             0x0800297f   Thumb Code     0  llsshr.o(.text)
    __0sprintf                               0x080029a5   Thumb Code    34  printfa.o(i.__0sprintf)
    __1sprintf                               0x080029a5   Thumb Code     0  printfa.o(i.__0sprintf)
    __2sprintf                               0x080029a5   Thumb Code     0  printfa.o(i.__0sprintf)
    __c89sprintf                             0x080029a5   Thumb Code     0  printfa.o(i.__0sprintf)
    sprintf                                  0x080029a5   Thumb Code     0  printfa.o(i.__0sprintf)
    __scatterload_copy                       0x080029cd   Thumb Code    14  handlers.o(i.__scatterload_copy)
    __scatterload_null                       0x080029db   Thumb Code     2  handlers.o(i.__scatterload_null)
    __scatterload_zeroinit                   0x080029dd   Thumb Code    14  handlers.o(i.__scatterload_zeroinit)
    Region$$Table$$Base                      0x080032a8   Number         0  anon$$obj.o(Region$$Table)
    Region$$Table$$Limit                     0x080032c8   Number         0  anon$$obj.o(Region$$Table)
    _m_GPIOx_Enable                          0x20000000   Data           2  gpio.o(.data)
    _m_USART1_Data_Eof                       0x20000002   Data           2  usart1_data.o(.data)
    _m_USART1_IRQHandler_Ptr                 0x20000018   Data          40  usart1.o(.bss)
    _m_TIM2_IRQHandler_Ptr                   0x20000040   Data          40  timx.o(.bss)
    _m_TIM3_IRQHandler_Ptr                   0x20000068   Data          40  timx.o(.bss)
    _m_TIM4_IRQHandler_Ptr                   0x20000090   Data          40  timx.o(.bss)
    _m_TIM5_IRQHandler_Ptr                   0x200000b8   Data          40  timx.o(.bss)
    USART1_Data                              0x200000e0   Data          48  usart1_data.o(.bss)
    USART1_Data_Nodes                        0x20000110   Data         128  usart1_data.o(.bss)
    _m_USART1_Data_Node_Chars                0x20000190   Data         256  usart1_data.o(.bss)
    __initial_sp                             0x20000490   Data           0  startup_stm32f10x_hd.o(STACK)



==============================================================================

Memory Map of the image

  Image Entry point : 0x08000147

  Load Region LR_1 (Base: 0x08000000, Size: 0x000032e0, Max: 0xffffffff, ABSOLUTE)

    Execution Region ER_RO (Base: 0x08000000, Size: 0x000032c8, Max: 0xffffffff, ABSOLUTE)

    Base Addr    Size         Type   Attr      Idx    E Section Name        Object

    0x08000000   0x00000130   Data   RO            3    RESET               startup_stm32f10x_hd.o
    0x08000130   0x00000000   Code   RO          421  * .ARM.Collect$$$$00000000  mc_w.l(entry.o)
    0x08000130   0x00000004   Code   RO          697    .ARM.Collect$$$$00000001  mc_w.l(entry2.o)
    0x08000134   0x00000004   Code   RO          700    .ARM.Collect$$$$00000004  mc_w.l(entry5.o)
    0x08000138   0x00000000   Code   RO          702    .ARM.Collect$$$$00000008  mc_w.l(entry7b.o)
    0x08000138   0x00000000   Code   RO          704    .ARM.Collect$$$$0000000A  mc_w.l(entry8b.o)
    0x08000138   0x00000008   Code   RO          705    .ARM.Collect$$$$0000000B  mc_w.l(entry9a.o)
    0x08000140   0x00000000   Code   RO          707    .ARM.Collect$$$$0000000D  mc_w.l(entry10a.o)
    0x08000140   0x00000000   Code   RO          709    .ARM.Collect$$$$0000000F  mc_w.l(entry11a.o)
    0x08000140   0x00000004   Code   RO          698    .ARM.Collect$$$$00002712  mc_w.l(entry2.o)
    0x08000144   0x00000030   Code   RO            4  * .text               startup_stm32f10x_hd.o
    0x08000174   0x00000310   Code   RO           10    .text               main.o
    0x08000484   0x0000001a   Code   RO           90    .text               stm32f10x_it.o
    0x0800049e   0x00000002   PAD
    0x080004a0   0x00000134   Code   RO          105    .text               usart1.o
    0x080005d4   0x0000024c   Code   RO          120    .text               timx.o
    0x08000820   0x000000b4   Code   RO          135    .text               gpio.o
    0x080008d4   0x00000080   Code   RO          183    .text               usart1_data.o
    0x08000954   0x00000070   Code   RO          199    .text               linked_list.o
    0x080009c4   0x00000186   Code   RO          214    .text               linked_list_data.o
    0x08000b4a   0x00000002   PAD
    0x08000b4c   0x00000330   Code   RO          319    .text               stm32f10x_gpio.o
    0x08000e7c   0x000003a0   Code   RO          331    .text               stm32f10x_rcc.o
    0x0800121c   0x00000370   Code   RO          345    .text               stm32f10x_usart.o
    0x0800158c   0x00000bc6   Code   RO          357    .text               stm32f10x_tim.o
    0x08002152   0x00000002   PAD
    0x08002154   0x000000dc   Code   RO          369    .text               misc.o
    0x08002230   0x00000138   Code   RO          403    .text               system_stm32f10x.o
    0x08002368   0x00000024   Code   RO          424    .text               mc_w.l(memcpya.o)
    0x0800238c   0x000000e4   Code   RO          689    .text               mf_w.l(dmul.o)
    0x08002470   0x0000000a   Code   RO          691    .text               mf_w.l(ffltui.o)
    0x0800247a   0x00000026   Code   RO          693    .text               mf_w.l(f2d.o)
    0x080024a0   0x00000038   Code   RO          695    .text               mf_w.l(d2f.o)
    0x080024d8   0x0000002c   Code   RO          714    .text               mc_w.l(uidiv.o)
    0x08002504   0x00000062   Code   RO          716    .text               mc_w.l(uldiv.o)
    0x08002566   0x00000000   Code   RO          718    .text               mc_w.l(iusefp.o)
    0x08002566   0x0000006e   Code   RO          719    .text               mf_w.l(fepilogue.o)
    0x080025d4   0x000000ba   Code   RO          721    .text               mf_w.l(depilogue.o)
    0x0800268e   0x0000014e   Code   RO          723    .text               mf_w.l(dadd.o)
    0x080027dc   0x000000de   Code   RO          725    .text               mf_w.l(ddiv.o)
    0x080028ba   0x00000030   Code   RO          727    .text               mf_w.l(dfixul.o)
    0x080028ea   0x00000002   PAD
    0x080028ec   0x00000030   Code   RO          729    .text               mf_w.l(cdrcmple.o)
    0x0800291c   0x00000024   Code   RO          731    .text               mc_w.l(init.o)
    0x08002940   0x0000001e   Code   RO          734    .text               mc_w.l(llshl.o)
    0x0800295e   0x00000020   Code   RO          736    .text               mc_w.l(llushr.o)
    0x0800297e   0x00000024   Code   RO          738    .text               mc_w.l(llsshr.o)
    0x080029a2   0x00000002   PAD
    0x080029a4   0x00000028   Code   RO          663    i.__0sprintf        mc_w.l(printfa.o)
    0x080029cc   0x0000000e   Code   RO          743    i.__scatterload_copy  mc_w.l(handlers.o)
    0x080029da   0x00000002   Code   RO          744    i.__scatterload_null  mc_w.l(handlers.o)
    0x080029dc   0x0000000e   Code   RO          745    i.__scatterload_zeroinit  mc_w.l(handlers.o)
    0x080029ea   0x00000002   PAD
    0x080029ec   0x00000184   Code   RO          668    i._fp_digits        mc_w.l(printfa.o)
    0x08002b70   0x000006dc   Code   RO          669    i._printf_core      mc_w.l(printfa.o)
    0x0800324c   0x00000024   Code   RO          670    i._printf_post_padding  mc_w.l(printfa.o)
    0x08003270   0x0000002e   Code   RO          671    i._printf_pre_padding  mc_w.l(printfa.o)
    0x0800329e   0x0000000a   Code   RO          673    i._sputc            mc_w.l(printfa.o)
    0x080032a8   0x00000020   Data   RO          741    Region$$Table       anon$$obj.o


    Execution Region ER_RW (Base: 0x20000000, Size: 0x00000018, Max: 0xffffffff, ABSOLUTE)

    Base Addr    Size         Type   Attr      Idx    E Section Name        Object

    0x20000000   0x00000002   Data   RW          136    .data               gpio.o
    0x20000002   0x00000002   Data   RW          185    .data               usart1_data.o
    0x20000004   0x00000014   Data   RW          332    .data               stm32f10x_rcc.o


    Execution Region ER_ZI (Base: 0x20000018, Size: 0x00000478, Max: 0xffffffff, ABSOLUTE)

    Base Addr    Size         Type   Attr      Idx    E Section Name        Object

    0x20000018   0x00000028   Zero   RW          106    .bss                usart1.o
    0x20000040   0x000000a0   Zero   RW          121    .bss                timx.o
    0x200000e0   0x000001b0   Zero   RW          184    .bss                usart1_data.o
    0x20000290   0x00000200   Zero   RW            1    STACK               startup_stm32f10x_hd.o


==============================================================================

Image component sizes


      Code (inc. data)   RO Data    RW Data    ZI Data      Debug   Object Name

       180         16          0          2          0       1363   gpio.o
       112          0          0          0          0       1358   linked_list.o
       390          0          0          0          0       1921   linked_list_data.o
       784         20          0          0          0     254312   main.o
       220         22          0          0          0       1689   misc.o
        48         12        304          0        512        864   startup_stm32f10x_hd.o
       816         18          0          0          0       5147   stm32f10x_gpio.o
        26          0          0          0          0       1158   stm32f10x_it.o
       928         36          0         20          0       8760   stm32f10x_rcc.o
      3014         16          0          0          0      24468   stm32f10x_tim.o
       880         12          0          0          0       7779   stm32f10x_usart.o
       312         16          0          0          0       1121   system_stm32f10x.o
       588         28          0          0        160       3381   timx.o
       308          8          0          0         40       2207   usart1.o
       128         16          0          2        432       1823   usart1_data.o

    ----------------------------------------------------------------------
      8740        220        336         24       1144     317351   Object Totals
         0          0         32          0          0          0   (incl. Generated)
         6          0          0          0          0          0   (incl. Padding)

    ----------------------------------------------------------------------

      Code (inc. data)   RO Data    RW Data    ZI Data      Debug   Library Member Name

         0          0          0          0          0          0   entry.o
         0          0          0          0          0          0   entry10a.o
         0          0          0          0          0          0   entry11a.o
         8          4          0          0          0          0   entry2.o
         4          0          0          0          0          0   entry5.o
         0          0          0          0          0          0   entry7b.o
         0          0          0          0          0          0   entry8b.o
         8          4          0          0          0          0   entry9a.o
        30          0          0          0          0          0   handlers.o
        36          8          0          0          0         68   init.o
         0          0          0          0          0          0   iusefp.o
        30          0          0          0          0         68   llshl.o
        36          0          0          0          0         68   llsshr.o
        32          0          0          0          0         68   llushr.o
        36          0          0          0          0         68   memcpya.o
      2276         86          0          0          0        520   printfa.o
        44          0          0          0          0         80   uidiv.o
        98          0          0          0          0         92   uldiv.o
        48          0          0          0          0         68   cdrcmple.o
        56          0          0          0          0         88   d2f.o
       334          0          0          0          0        148   dadd.o
       222          0          0          0          0        100   ddiv.o
       186          0          0          0          0        176   depilogue.o
        48          0          0          0          0         68   dfixul.o
       228          0          0          0          0         96   dmul.o
        38          0          0          0          0         68   f2d.o
       110          0          0          0          0        168   fepilogue.o
        10          0          0          0          0         68   ffltui.o

    ----------------------------------------------------------------------
      3924        102          0          0          0       2080   Library Totals
         6          0          0          0          0          0   (incl. Padding)

    ----------------------------------------------------------------------

      Code (inc. data)   RO Data    RW Data    ZI Data      Debug   Library Name

      2638        102          0          0          0       1032   mc_w.l
      1280          0          0          0          0       1048   mf_w.l

    ----------------------------------------------------------------------
      3924        102          0          0          0       2080   Library Totals

    ----------------------------------------------------------------------

==============================================================================


      Code (inc. data)   RO Data    RW Data    ZI Data      Debug   

     12664        322        336         24       1144     317399   Grand Totals
     12664        322        336         24       1144     317399   ELF Image Totals
     12664        322        336         24          0          0   ROM Totals

==============================================================================

    Total RO  Size (Code + RO Data)                13000 (  12.70kB)
    Total RW  Size (RW Data + ZI Data)              1168 (   1.14kB)
    Total ROM Size (Code + RO Data + RW Data)      13024 (  12.72kB)

==============================================================================

