Component: ARM Compiler 5.06 update 4 (build 422) Tool: armlink [4d35d2]

==============================================================================

Section Cross References

    startup_stm32f10x_hd.o(RESET) refers to startup_stm32f10x_hd.o(.text) for Reset_Handler
    startup_stm32f10x_hd.o(RESET) refers to stm32f10x_it.o(.text) for NMI_Handler
    startup_stm32f10x_hd.o(RESET) refers to timx.o(.text) for TIM2_IRQHandler
    startup_stm32f10x_hd.o(RESET) refers to usart.o(.text) for USART1_IRQHandler
    startup_stm32f10x_hd.o(RESET) refers to main.o(.text) for EXTI15_10_IRQHandler
    startup_stm32f10x_hd.o(.text) refers to startup_stm32f10x_hd.o(STACK) for __initial_sp
    startup_stm32f10x_hd.o(.text) refers to entry.o(.ARM.Collect$$$$00000000) for __main
    main.o(.text) refers to i2c.o(.text) for I2C2_Conf_Init
    main.o(.text) refers to timx.o(.text) for Delay_Nus
    main.o(.text) refers to usart_data.o(.text) for USART_Read_From_Buffer
    main.o(.text) refers to usart.o(.text) for USART_Send_Byte
    main.o(.text) refers to stm32f10x_i2c.o(.text) for I2C_GetFlagStatus
    main.o(.text) refers to main.o(.data) for _m_LCD1602_I2C_Error_Code
    main.o(.text) refers to main.o(.bss) for _m_LCD1602_USART1_Data
    main.o(.text) refers to printf6.o(i.__0sprintf$6) for __2sprintf
    main.o(.text) refers to stm32f10x_rcc.o(.text) for RCC_APB2PeriphClockCmd
    main.o(.text) refers to stm32f10x_gpio.o(.text) for GPIO_Init
    main.o(.text) refers to stm32f10x_exti.o(.text) for EXTI_Init
    main.o(.text) refers to misc.o(.text) for NVIC_PriorityGroupConfig
    main.o(.text) refers to system_stm32f10x.o(.text) for SystemInit
    timx.o(.text) refers to stm32f10x_rcc.o(.text) for RCC_APB1PeriphClockCmd
    timx.o(.text) refers to stm32f10x_tim.o(.text) for TIM_ClearITPendingBit
    timx.o(.text) refers to misc.o(.text) for NVIC_PriorityGroupConfig
    timx.o(.text) refers to timx.o(.bss) for _m_TIM2_IRQHandler_Ptr
    gpio.o(.text) refers to stm32f10x_rcc.o(.text) for RCC_APB2PeriphClockCmd
    gpio.o(.text) refers to stm32f10x_gpio.o(.text) for GPIO_Init
    gpio.o(.text) refers to gpio.o(.data) for _m_GPIOx_Enable
    flash_led.o(.text) refers to stm32f10x_gpio.o(.text) for GPIO_ResetBits
    flash_led.o(.text) refers to timx.o(.text) for Register_TIMx_Callback
    flash_led.o(.text) refers to gpio.o(.text) for Out_PP_GPIO_Config
    flash_led.o(.text) refers to flash_led.o(.bss) for _m_Flash_LED_GPIO_Pin
    linked_list_data.o(.text) refers to linked_list.o(.text) for Linked_Remove_First
    linked_list_data.o(.text) refers to memcpya.o(.text) for __aeabi_memcpy
    pwm.o(.text) refers to stm32f10x_rcc.o(.text) for RCC_APB1PeriphClockCmd
    pwm.o(.text) refers to stm32f10x_gpio.o(.text) for GPIO_Init
    pwm.o(.text) refers to stm32f10x_tim.o(.text) for TIM_TimeBaseInit
    pwm_led.o(.text) refers to pwm.o(.text) for PWM_Mode_Config
    pwm_led.o(.text) refers to pwm_led.o(.data) for _m_PWM_LED_TIMx
    usart1_test.o(.text) refers to usart_data.o(.text) for USART_Received_To_Buffer
    usart1_test.o(.text) refers to usart.o(.text) for USART_Send_Byte
    usart1_test.o(.text) refers to flash_led.o(.text) for Led_Auto_Off
    usart1_test.o(.text) refers to timx.o(.text) for TIMx_With_NVIC_Config
    usart1_test.o(.text) refers to usart1_test.o(.bss) for _m_USART1_Data
    usart1_test.o(.text) refers to usart1_test.o(.data) for _m_USART1_Prompt_Counter
    i2c_eeprom.o(.text) refers to i2c.o(.text) for I2Cx_Wait
    i2c_eeprom.o(.text) refers to i2c_eeprom.o(.data) for _m_I2C_EE_Error_Code
    i2c.o(.text) refers to stm32f10x_rcc.o(.text) for RCC_APB2PeriphClockCmd
    i2c.o(.text) refers to stm32f10x_gpio.o(.text) for GPIO_Init
    i2c.o(.text) refers to stm32f10x_i2c.o(.text) for I2C_DeInit
    usart_data.o(.text) refers to linked_list.o(.text) for Linked_Add_Last
    usart_data.o(.text) refers to linked_list_data.o(.text) for Linked_List_Data_Add_Char
    usart.o(.text) refers to misc.o(.text) for NVIC_PriorityGroupConfig
    usart.o(.text) refers to stm32f10x_rcc.o(.text) for RCC_APB2PeriphClockCmd
    usart.o(.text) refers to gpio.o(.text) for GPIO_Config
    usart.o(.text) refers to stm32f10x_usart.o(.text) for USART_Init
    usart.o(.text) refers to usart.o(.bss) for _m_USART1_IRQHandler_Ptr
    i2c_eeprom_test.o(.text) refers to usart_data.o(.text) for USART_Read_From_Buffer
    i2c_eeprom_test.o(.text) refers to i2c_eeprom.o(.text) for I2Cx_EE_ReadByte
    i2c_eeprom_test.o(.text) refers to usart.o(.text) for USART_Send_Byte
    i2c_eeprom_test.o(.text) refers to timx.o(.text) for TIMx_With_NVIC_Config
    i2c_eeprom_test.o(.text) refers to i2c.o(.text) for I2C1_Conf_Init
    i2c_eeprom_test.o(.text) refers to i2c_eeprom_test.o(.bss) for _m_I2C_EE_USART1_Data
    i2c_eeprom_test.o(.text) refers to i2c_eeprom_test.o(.data) for _m_Read_EE_Chip_Address
    stm32f10x_gpio.o(.text) refers to stm32f10x_rcc.o(.text) for RCC_APB2PeriphResetCmd
    stm32f10x_rcc.o(.text) refers to stm32f10x_rcc.o(.data) for APBAHBPrescTable
    stm32f10x_usart.o(.text) refers to stm32f10x_rcc.o(.text) for RCC_APB2PeriphResetCmd
    stm32f10x_tim.o(.text) refers to stm32f10x_rcc.o(.text) for RCC_APB2PeriphResetCmd
    stm32f10x_i2c.o(.text) refers to stm32f10x_rcc.o(.text) for RCC_APB1PeriphResetCmd
    entry.o(.ARM.Collect$$$$00000000) refers (Special) to entry10a.o(.ARM.Collect$$$$0000000D) for __rt_final_cpp
    entry.o(.ARM.Collect$$$$00000000) refers (Special) to entry11a.o(.ARM.Collect$$$$0000000F) for __rt_final_exit
    entry.o(.ARM.Collect$$$$00000000) refers (Special) to entry7b.o(.ARM.Collect$$$$00000008) for _main_clock
    entry.o(.ARM.Collect$$$$00000000) refers (Special) to entry8b.o(.ARM.Collect$$$$0000000A) for _main_cpp_init
    entry.o(.ARM.Collect$$$$00000000) refers (Special) to entry9a.o(.ARM.Collect$$$$0000000B) for _main_init
    entry.o(.ARM.Collect$$$$00000000) refers (Special) to entry5.o(.ARM.Collect$$$$00000004) for _main_scatterload
    entry.o(.ARM.Collect$$$$00000000) refers (Special) to entry2.o(.ARM.Collect$$$$00000001) for _main_stk
    printfb.o(i.__0fprintf$bare) refers to printfb.o(i._printf_core) for _printf_core
    printfb.o(i.__0fprintf$bare) refers to fputc.o(i.fputc) for fputc
    printfb.o(i.__0printf$bare) refers to printfb.o(i._printf_core) for _printf_core
    printfb.o(i.__0printf$bare) refers to fputc.o(i.fputc) for fputc
    printfb.o(i.__0printf$bare) refers to stdout.o(.data) for __stdout
    printfb.o(i.__0snprintf$bare) refers to printfb.o(i._printf_core) for _printf_core
    printfb.o(i.__0snprintf$bare) refers to printfb.o(i._snputc) for _snputc
    printfb.o(i.__0sprintf$bare) refers to printfb.o(i._printf_core) for _printf_core
    printfb.o(i.__0sprintf$bare) refers to printfb.o(i._sputc) for _sputc
    printfb.o(i.__0vfprintf$bare) refers to printfb.o(i._printf_core) for _printf_core
    printfb.o(i.__0vfprintf$bare) refers to fputc.o(i.fputc) for fputc
    printfb.o(i.__0vprintf$bare) refers to printfb.o(i._printf_core) for _printf_core
    printfb.o(i.__0vprintf$bare) refers to fputc.o(i.fputc) for fputc
    printfb.o(i.__0vprintf$bare) refers to stdout.o(.data) for __stdout
    printfb.o(i.__0vsnprintf$bare) refers to printfb.o(i._printf_core) for _printf_core
    printfb.o(i.__0vsnprintf$bare) refers to printfb.o(i._snputc) for _snputc
    printfb.o(i.__0vsprintf$bare) refers to printfb.o(i._printf_core) for _printf_core
    printfb.o(i.__0vsprintf$bare) refers to printfb.o(i._sputc) for _sputc
    printf0.o(i.__0fprintf$0) refers to printf0.o(i._printf_core) for _printf_core
    printf0.o(i.__0fprintf$0) refers to fputc.o(i.fputc) for fputc
    printf0.o(i.__0printf$0) refers to printf0.o(i._printf_core) for _printf_core
    printf0.o(i.__0printf$0) refers to fputc.o(i.fputc) for fputc
    printf0.o(i.__0printf$0) refers to stdout.o(.data) for __stdout
    printf0.o(i.__0snprintf$0) refers to printf0.o(i._printf_core) for _printf_core
    printf0.o(i.__0snprintf$0) refers to printf0.o(i._snputc) for _snputc
    printf0.o(i.__0sprintf$0) refers to printf0.o(i._printf_core) for _printf_core
    printf0.o(i.__0sprintf$0) refers to printf0.o(i._sputc) for _sputc
    printf0.o(i.__0vfprintf$0) refers to printf0.o(i._printf_core) for _printf_core
    printf0.o(i.__0vfprintf$0) refers to fputc.o(i.fputc) for fputc
    printf0.o(i.__0vprintf$0) refers to printf0.o(i._printf_core) for _printf_core
    printf0.o(i.__0vprintf$0) refers to fputc.o(i.fputc) for fputc
    printf0.o(i.__0vprintf$0) refers to stdout.o(.data) for __stdout
    printf0.o(i.__0vsnprintf$0) refers to printf0.o(i._printf_core) for _printf_core
    printf0.o(i.__0vsnprintf$0) refers to printf0.o(i._snputc) for _snputc
    printf0.o(i.__0vsprintf$0) refers to printf0.o(i._printf_core) for _printf_core
    printf0.o(i.__0vsprintf$0) refers to printf0.o(i._sputc) for _sputc
    printf1.o(i.__0fprintf$1) refers to printf1.o(i._printf_core) for _printf_core
    printf1.o(i.__0fprintf$1) refers to fputc.o(i.fputc) for fputc
    printf1.o(i.__0printf$1) refers to printf1.o(i._printf_core) for _printf_core
    printf1.o(i.__0printf$1) refers to fputc.o(i.fputc) for fputc
    printf1.o(i.__0printf$1) refers to stdout.o(.data) for __stdout
    printf1.o(i.__0snprintf$1) refers to printf1.o(i._printf_core) for _printf_core
    printf1.o(i.__0snprintf$1) refers to printf1.o(i._snputc) for _snputc
    printf1.o(i.__0sprintf$1) refers to printf1.o(i._printf_core) for _printf_core
    printf1.o(i.__0sprintf$1) refers to printf1.o(i._sputc) for _sputc
    printf1.o(i.__0vfprintf$1) refers to printf1.o(i._printf_core) for _printf_core
    printf1.o(i.__0vfprintf$1) refers to fputc.o(i.fputc) for fputc
    printf1.o(i.__0vprintf$1) refers to printf1.o(i._printf_core) for _printf_core
    printf1.o(i.__0vprintf$1) refers to fputc.o(i.fputc) for fputc
    printf1.o(i.__0vprintf$1) refers to stdout.o(.data) for __stdout
    printf1.o(i.__0vsnprintf$1) refers to printf1.o(i._printf_core) for _printf_core
    printf1.o(i.__0vsnprintf$1) refers to printf1.o(i._snputc) for _snputc
    printf1.o(i.__0vsprintf$1) refers to printf1.o(i._printf_core) for _printf_core
    printf1.o(i.__0vsprintf$1) refers to printf1.o(i._sputc) for _sputc
    printf1.o(i._printf_core) refers to uidiv.o(.text) for __aeabi_uidivmod
    printf2.o(i.__0fprintf$2) refers to printf2.o(i._printf_core) for _printf_core
    printf2.o(i.__0fprintf$2) refers to fputc.o(i.fputc) for fputc
    printf2.o(i.__0printf$2) refers to printf2.o(i._printf_core) for _printf_core
    printf2.o(i.__0printf$2) refers to fputc.o(i.fputc) for fputc
    printf2.o(i.__0printf$2) refers to stdout.o(.data) for __stdout
    printf2.o(i.__0snprintf$2) refers to printf2.o(i._printf_core) for _printf_core
    printf2.o(i.__0snprintf$2) refers to printf2.o(i._snputc) for _snputc
    printf2.o(i.__0sprintf$2) refers to printf2.o(i._printf_core) for _printf_core
    printf2.o(i.__0sprintf$2) refers to printf2.o(i._sputc) for _sputc
    printf2.o(i.__0vfprintf$2) refers to printf2.o(i._printf_core) for _printf_core
    printf2.o(i.__0vfprintf$2) refers to fputc.o(i.fputc) for fputc
    printf2.o(i.__0vprintf$2) refers to printf2.o(i._printf_core) for _printf_core
    printf2.o(i.__0vprintf$2) refers to fputc.o(i.fputc) for fputc
    printf2.o(i.__0vprintf$2) refers to stdout.o(.data) for __stdout
    printf2.o(i.__0vsnprintf$2) refers to printf2.o(i._printf_core) for _printf_core
    printf2.o(i.__0vsnprintf$2) refers to printf2.o(i._snputc) for _snputc
    printf2.o(i.__0vsprintf$2) refers to printf2.o(i._printf_core) for _printf_core
    printf2.o(i.__0vsprintf$2) refers to printf2.o(i._sputc) for _sputc
    printf3.o(i.__0fprintf$3) refers to printf3.o(i._printf_core) for _printf_core
    printf3.o(i.__0fprintf$3) refers to fputc.o(i.fputc) for fputc
    printf3.o(i.__0printf$3) refers to printf3.o(i._printf_core) for _printf_core
    printf3.o(i.__0printf$3) refers to fputc.o(i.fputc) for fputc
    printf3.o(i.__0printf$3) refers to stdout.o(.data) for __stdout
    printf3.o(i.__0snprintf$3) refers to printf3.o(i._printf_core) for _printf_core
    printf3.o(i.__0snprintf$3) refers to printf3.o(i._snputc) for _snputc
    printf3.o(i.__0sprintf$3) refers to printf3.o(i._printf_core) for _printf_core
    printf3.o(i.__0sprintf$3) refers to printf3.o(i._sputc) for _sputc
    printf3.o(i.__0vfprintf$3) refers to printf3.o(i._printf_core) for _printf_core
    printf3.o(i.__0vfprintf$3) refers to fputc.o(i.fputc) for fputc
    printf3.o(i.__0vprintf$3) refers to printf3.o(i._printf_core) for _printf_core
    printf3.o(i.__0vprintf$3) refers to fputc.o(i.fputc) for fputc
    printf3.o(i.__0vprintf$3) refers to stdout.o(.data) for __stdout
    printf3.o(i.__0vsnprintf$3) refers to printf3.o(i._printf_core) for _printf_core
    printf3.o(i.__0vsnprintf$3) refers to printf3.o(i._snputc) for _snputc
    printf3.o(i.__0vsprintf$3) refers to printf3.o(i._printf_core) for _printf_core
    printf3.o(i.__0vsprintf$3) refers to printf3.o(i._sputc) for _sputc
    printf3.o(i._printf_core) refers to uidiv.o(.text) for __aeabi_uidivmod
    printf4.o(i.__0fprintf$4) refers to printf4.o(i._printf_core) for _printf_core
    printf4.o(i.__0fprintf$4) refers to fputc.o(i.fputc) for fputc
    printf4.o(i.__0printf$4) refers to printf4.o(i._printf_core) for _printf_core
    printf4.o(i.__0printf$4) refers to fputc.o(i.fputc) for fputc
    printf4.o(i.__0printf$4) refers to stdout.o(.data) for __stdout
    printf4.o(i.__0snprintf$4) refers to printf4.o(i._printf_core) for _printf_core
    printf4.o(i.__0snprintf$4) refers to printf4.o(i._snputc) for _snputc
    printf4.o(i.__0sprintf$4) refers to printf4.o(i._printf_core) for _printf_core
    printf4.o(i.__0sprintf$4) refers to printf4.o(i._sputc) for _sputc
    printf4.o(i.__0vfprintf$4) refers to printf4.o(i._printf_core) for _printf_core
    printf4.o(i.__0vfprintf$4) refers to fputc.o(i.fputc) for fputc
    printf4.o(i.__0vprintf$4) refers to printf4.o(i._printf_core) for _printf_core
    printf4.o(i.__0vprintf$4) refers to fputc.o(i.fputc) for fputc
    printf4.o(i.__0vprintf$4) refers to stdout.o(.data) for __stdout
    printf4.o(i.__0vsnprintf$4) refers to printf4.o(i._printf_core) for _printf_core
    printf4.o(i.__0vsnprintf$4) refers to printf4.o(i._snputc) for _snputc
    printf4.o(i.__0vsprintf$4) refers to printf4.o(i._printf_core) for _printf_core
    printf4.o(i.__0vsprintf$4) refers to printf4.o(i._sputc) for _sputc
    printf4.o(i._printf_core) refers to uldiv.o(.text) for __aeabi_uldivmod
    printf5.o(i.__0fprintf$5) refers to printf5.o(i._printf_core) for _printf_core
    printf5.o(i.__0fprintf$5) refers to fputc.o(i.fputc) for fputc
    printf5.o(i.__0printf$5) refers to printf5.o(i._printf_core) for _printf_core
    printf5.o(i.__0printf$5) refers to fputc.o(i.fputc) for fputc
    printf5.o(i.__0printf$5) refers to stdout.o(.data) for __stdout
    printf5.o(i.__0snprintf$5) refers to printf5.o(i._printf_core) for _printf_core
    printf5.o(i.__0snprintf$5) refers to printf5.o(i._snputc) for _snputc
    printf5.o(i.__0sprintf$5) refers to printf5.o(i._printf_core) for _printf_core
    printf5.o(i.__0sprintf$5) refers to printf5.o(i._sputc) for _sputc
    printf5.o(i.__0vfprintf$5) refers to printf5.o(i._printf_core) for _printf_core
    printf5.o(i.__0vfprintf$5) refers to fputc.o(i.fputc) for fputc
    printf5.o(i.__0vprintf$5) refers to printf5.o(i._printf_core) for _printf_core
    printf5.o(i.__0vprintf$5) refers to fputc.o(i.fputc) for fputc
    printf5.o(i.__0vprintf$5) refers to stdout.o(.data) for __stdout
    printf5.o(i.__0vsnprintf$5) refers to printf5.o(i._printf_core) for _printf_core
    printf5.o(i.__0vsnprintf$5) refers to printf5.o(i._snputc) for _snputc
    printf5.o(i.__0vsprintf$5) refers to printf5.o(i._printf_core) for _printf_core
    printf5.o(i.__0vsprintf$5) refers to printf5.o(i._sputc) for _sputc
    printf5.o(i._printf_core) refers to uldiv.o(.text) for __aeabi_uldivmod
    printf6.o(i.__0fprintf$6) refers to printf6.o(i._printf_core) for _printf_core
    printf6.o(i.__0fprintf$6) refers to fputc.o(i.fputc) for fputc
    printf6.o(i.__0printf$6) refers to printf6.o(i._printf_core) for _printf_core
    printf6.o(i.__0printf$6) refers to fputc.o(i.fputc) for fputc
    printf6.o(i.__0printf$6) refers to stdout.o(.data) for __stdout
    printf6.o(i.__0snprintf$6) refers to printf6.o(i._printf_core) for _printf_core
    printf6.o(i.__0snprintf$6) refers to printf6.o(i._snputc) for _snputc
    printf6.o(i.__0sprintf$6) refers to printf6.o(i._printf_core) for _printf_core
    printf6.o(i.__0sprintf$6) refers to printf6.o(i._sputc) for _sputc
    printf6.o(i.__0vfprintf$6) refers to printf6.o(i._printf_core) for _printf_core
    printf6.o(i.__0vfprintf$6) refers to fputc.o(i.fputc) for fputc
    printf6.o(i.__0vprintf$6) refers to printf6.o(i._printf_core) for _printf_core
    printf6.o(i.__0vprintf$6) refers to fputc.o(i.fputc) for fputc
    printf6.o(i.__0vprintf$6) refers to stdout.o(.data) for __stdout
    printf6.o(i.__0vsnprintf$6) refers to printf6.o(i._printf_core) for _printf_core
    printf6.o(i.__0vsnprintf$6) refers to printf6.o(i._snputc) for _snputc
    printf6.o(i.__0vsprintf$6) refers to printf6.o(i._printf_core) for _printf_core
    printf6.o(i.__0vsprintf$6) refers to printf6.o(i._sputc) for _sputc
    printf6.o(i._printf_core) refers to printf6.o(i._printf_pre_padding) for _printf_pre_padding
    printf6.o(i._printf_core) refers to uidiv.o(.text) for __aeabi_uidivmod
    printf6.o(i._printf_core) refers to printf6.o(i._printf_post_padding) for _printf_post_padding
    printf7.o(i.__0fprintf$7) refers to printf7.o(i._printf_core) for _printf_core
    printf7.o(i.__0fprintf$7) refers to fputc.o(i.fputc) for fputc
    printf7.o(i.__0printf$7) refers to printf7.o(i._printf_core) for _printf_core
    printf7.o(i.__0printf$7) refers to fputc.o(i.fputc) for fputc
    printf7.o(i.__0printf$7) refers to stdout.o(.data) for __stdout
    printf7.o(i.__0snprintf$7) refers to printf7.o(i._printf_core) for _printf_core
    printf7.o(i.__0snprintf$7) refers to printf7.o(i._snputc) for _snputc
    printf7.o(i.__0sprintf$7) refers to printf7.o(i._printf_core) for _printf_core
    printf7.o(i.__0sprintf$7) refers to printf7.o(i._sputc) for _sputc
    printf7.o(i.__0vfprintf$7) refers to printf7.o(i._printf_core) for _printf_core
    printf7.o(i.__0vfprintf$7) refers to fputc.o(i.fputc) for fputc
    printf7.o(i.__0vprintf$7) refers to printf7.o(i._printf_core) for _printf_core
    printf7.o(i.__0vprintf$7) refers to fputc.o(i.fputc) for fputc
    printf7.o(i.__0vprintf$7) refers to stdout.o(.data) for __stdout
    printf7.o(i.__0vsnprintf$7) refers to printf7.o(i._printf_core) for _printf_core
    printf7.o(i.__0vsnprintf$7) refers to printf7.o(i._snputc) for _snputc
    printf7.o(i.__0vsprintf$7) refers to printf7.o(i._printf_core) for _printf_core
    printf7.o(i.__0vsprintf$7) refers to printf7.o(i._sputc) for _sputc
    printf7.o(i._printf_core) refers to printf7.o(i._printf_pre_padding) for _printf_pre_padding
    printf7.o(i._printf_core) refers to uldiv.o(.text) for __aeabi_uldivmod
    printf7.o(i._printf_core) refers to printf7.o(i._printf_post_padding) for _printf_post_padding
    printf8.o(i.__0fprintf$8) refers to printf8.o(i._printf_core) for _printf_core
    printf8.o(i.__0fprintf$8) refers to fputc.o(i.fputc) for fputc
    printf8.o(i.__0printf$8) refers to printf8.o(i._printf_core) for _printf_core
    printf8.o(i.__0printf$8) refers to fputc.o(i.fputc) for fputc
    printf8.o(i.__0printf$8) refers to stdout.o(.data) for __stdout
    printf8.o(i.__0snprintf$8) refers to printf8.o(i._printf_core) for _printf_core
    printf8.o(i.__0snprintf$8) refers to printf8.o(i._snputc) for _snputc
    printf8.o(i.__0sprintf$8) refers to printf8.o(i._printf_core) for _printf_core
    printf8.o(i.__0sprintf$8) refers to printf8.o(i._sputc) for _sputc
    printf8.o(i.__0vfprintf$8) refers to printf8.o(i._printf_core) for _printf_core
    printf8.o(i.__0vfprintf$8) refers to fputc.o(i.fputc) for fputc
    printf8.o(i.__0vprintf$8) refers to printf8.o(i._printf_core) for _printf_core
    printf8.o(i.__0vprintf$8) refers to fputc.o(i.fputc) for fputc
    printf8.o(i.__0vprintf$8) refers to stdout.o(.data) for __stdout
    printf8.o(i.__0vsnprintf$8) refers to printf8.o(i._printf_core) for _printf_core
    printf8.o(i.__0vsnprintf$8) refers to printf8.o(i._snputc) for _snputc
    printf8.o(i.__0vsprintf$8) refers to printf8.o(i._printf_core) for _printf_core
    printf8.o(i.__0vsprintf$8) refers to printf8.o(i._sputc) for _sputc
    printf8.o(i._printf_core) refers to printf8.o(i._printf_pre_padding) for _printf_pre_padding
    printf8.o(i._printf_core) refers to uldiv.o(.text) for __aeabi_uldivmod
    printf8.o(i._printf_core) refers to printf8.o(i._printf_post_padding) for _printf_post_padding
    printfa.o(i.__0fprintf) refers (Special) to iusefp.o(.text) for __I$use$fp
    printfa.o(i.__0fprintf) refers to printfa.o(i._printf_core) for _printf_core
    printfa.o(i.__0fprintf) refers to fputc.o(i.fputc) for fputc
    printfa.o(i.__0printf) refers (Special) to iusefp.o(.text) for __I$use$fp
    printfa.o(i.__0printf) refers to printfa.o(i._printf_core) for _printf_core
    printfa.o(i.__0printf) refers to fputc.o(i.fputc) for fputc
    printfa.o(i.__0printf) refers to stdout.o(.data) for __stdout
    printfa.o(i.__0snprintf) refers (Special) to iusefp.o(.text) for __I$use$fp
    printfa.o(i.__0snprintf) refers to printfa.o(i._printf_core) for _printf_core
    printfa.o(i.__0snprintf) refers to printfa.o(i._snputc) for _snputc
    printfa.o(i.__0sprintf) refers (Special) to iusefp.o(.text) for __I$use$fp
    printfa.o(i.__0sprintf) refers to printfa.o(i._printf_core) for _printf_core
    printfa.o(i.__0sprintf) refers to printfa.o(i._sputc) for _sputc
    printfa.o(i.__0vfprintf) refers (Special) to iusefp.o(.text) for __I$use$fp
    printfa.o(i.__0vfprintf) refers to printfa.o(i._printf_core) for _printf_core
    printfa.o(i.__0vfprintf) refers to fputc.o(i.fputc) for fputc
    printfa.o(i.__0vprintf) refers (Special) to iusefp.o(.text) for __I$use$fp
    printfa.o(i.__0vprintf) refers to printfa.o(i._printf_core) for _printf_core
    printfa.o(i.__0vprintf) refers to fputc.o(i.fputc) for fputc
    printfa.o(i.__0vprintf) refers to stdout.o(.data) for __stdout
    printfa.o(i.__0vsnprintf) refers (Special) to iusefp.o(.text) for __I$use$fp
    printfa.o(i.__0vsnprintf) refers to printfa.o(i._printf_core) for _printf_core
    printfa.o(i.__0vsnprintf) refers to printfa.o(i._snputc) for _snputc
    printfa.o(i.__0vsprintf) refers (Special) to iusefp.o(.text) for __I$use$fp
    printfa.o(i.__0vsprintf) refers to printfa.o(i._printf_core) for _printf_core
    printfa.o(i.__0vsprintf) refers to printfa.o(i._sputc) for _sputc
    printfa.o(i._fp_digits) refers (Special) to iusefp.o(.text) for __I$use$fp
    printfa.o(i._fp_digits) refers to dmul.o(.text) for __aeabi_dmul
    printfa.o(i._fp_digits) refers to ddiv.o(.text) for __aeabi_ddiv
    printfa.o(i._fp_digits) refers to cdrcmple.o(.text) for __aeabi_cdrcmple
    printfa.o(i._fp_digits) refers to dadd.o(.text) for __aeabi_dadd
    printfa.o(i._fp_digits) refers to dfixul.o(.text) for __aeabi_d2ulz
    printfa.o(i._fp_digits) refers to uldiv.o(.text) for __aeabi_uldivmod
    printfa.o(i._printf_core) refers (Special) to iusefp.o(.text) for __I$use$fp
    printfa.o(i._printf_core) refers to printfa.o(i._printf_pre_padding) for _printf_pre_padding
    printfa.o(i._printf_core) refers to uldiv.o(.text) for __aeabi_uldivmod
    printfa.o(i._printf_core) refers to printfa.o(i._printf_post_padding) for _printf_post_padding
    printfa.o(i._printf_core) refers to printfa.o(i._fp_digits) for _fp_digits
    printfa.o(i._printf_core) refers to uidiv.o(.text) for __aeabi_uidivmod
    printfa.o(i._printf_post_padding) refers (Special) to iusefp.o(.text) for __I$use$fp
    printfa.o(i._printf_pre_padding) refers (Special) to iusefp.o(.text) for __I$use$fp
    printfa.o(i._snputc) refers (Special) to iusefp.o(.text) for __I$use$fp
    printfa.o(i._sputc) refers (Special) to iusefp.o(.text) for __I$use$fp
    entry2.o(.ARM.Collect$$$$00000001) refers to entry2.o(.ARM.Collect$$$$00002712) for __lit__00000000
    entry2.o(.ARM.Collect$$$$00002712) refers to startup_stm32f10x_hd.o(STACK) for __initial_sp
    entry2.o(__vectab_stack_and_reset_area) refers to startup_stm32f10x_hd.o(STACK) for __initial_sp
    entry2.o(__vectab_stack_and_reset_area) refers to entry.o(.ARM.Collect$$$$00000000) for __main
    entry5.o(.ARM.Collect$$$$00000004) refers to init.o(.text) for __scatterload
    entry9a.o(.ARM.Collect$$$$0000000B) refers to main.o(.text) for main
    entry9b.o(.ARM.Collect$$$$0000000C) refers to main.o(.text) for main
    fputc.o(i.fputc) refers (Special) to iusesemip.o(.text) for __I$use$semihosting$fputc
    fputc.o(i.fputc) refers (Special) to semi.o(.text) for __semihosting_library_function
    uldiv.o(.text) refers to llushr.o(.text) for __aeabi_llsr
    uldiv.o(.text) refers to llshl.o(.text) for __aeabi_llsl
    dadd.o(.text) refers to llshl.o(.text) for __aeabi_llsl
    dadd.o(.text) refers to llsshr.o(.text) for __aeabi_lasr
    dadd.o(.text) refers to depilogue.o(.text) for _double_epilogue
    dmul.o(.text) refers to depilogue.o(.text) for _double_epilogue
    ddiv.o(.text) refers to depilogue.o(.text) for _double_round
    dfixul.o(.text) refers to llushr.o(.text) for __aeabi_llsr
    dfixul.o(.text) refers to llshl.o(.text) for __aeabi_llsl
    init.o(.text) refers to entry5.o(.ARM.Collect$$$$00000004) for __main_after_scatterload
    depilogue.o(.text) refers to llshl.o(.text) for __aeabi_llsl
    depilogue.o(.text) refers to llushr.o(.text) for __aeabi_llsr


==============================================================================

Removing Unused input sections from the image.

    Removing startup_stm32f10x_hd.o(HEAP), (0 bytes).
    Removing flash_led.o(.text), (228 bytes).
    Removing flash_led.o(.bss), (100 bytes).
    Removing pwm.o(.text), (344 bytes).
    Removing pwm_led.o(.text), (124 bytes).
    Removing pwm_led.o(.data), (10 bytes).
    Removing usart1_test.o(.text), (844 bytes).
    Removing usart1_test.o(.bss), (224 bytes).
    Removing usart1_test.o(.data), (82 bytes).
    Removing i2c_eeprom.o(.text), (372 bytes).
    Removing i2c_eeprom.o(.data), (1 bytes).
    Removing i2c_eeprom_test.o(.text), (460 bytes).
    Removing i2c_eeprom_test.o(.bss), (132 bytes).
    Removing i2c_eeprom_test.o(.data), (30 bytes).
    Removing core_cm3.o(.emb_text), (32 bytes).
    Removing system_stm32f10x.o(.constdata), (20 bytes).
    Removing dadd.o(.text), (334 bytes).
    Removing dmul.o(.text), (228 bytes).
    Removing ddiv.o(.text), (222 bytes).
    Removing dfixul.o(.text), (48 bytes).
    Removing cdrcmple.o(.text), (48 bytes).
    Removing depilogue.o(.text), (186 bytes).

22 unused section(s) (total 4069 bytes) removed from the image.

==============================================================================

Image Symbol Table

    Local Symbols

    Symbol Name                              Value     Ov Type        Size  Object(Section)

    ../clib/microlib/division.c              0x00000000   Number         0  uidiv.o ABSOLUTE
    ../clib/microlib/division.c              0x00000000   Number         0  uldiv.o ABSOLUTE
    ../clib/microlib/init/entry.s            0x00000000   Number         0  entry10b.o ABSOLUTE
    ../clib/microlib/init/entry.s            0x00000000   Number         0  entry10a.o ABSOLUTE
    ../clib/microlib/init/entry.s            0x00000000   Number         0  entry.o ABSOLUTE
    ../clib/microlib/init/entry.s            0x00000000   Number         0  entry2.o ABSOLUTE
    ../clib/microlib/init/entry.s            0x00000000   Number         0  entry9b.o ABSOLUTE
    ../clib/microlib/init/entry.s            0x00000000   Number         0  entry7a.o ABSOLUTE
    ../clib/microlib/init/entry.s            0x00000000   Number         0  entry9a.o ABSOLUTE
    ../clib/microlib/init/entry.s            0x00000000   Number         0  entry5.o ABSOLUTE
    ../clib/microlib/init/entry.s            0x00000000   Number         0  entry11b.o ABSOLUTE
    ../clib/microlib/init/entry.s            0x00000000   Number         0  entry11a.o ABSOLUTE
    ../clib/microlib/init/entry.s            0x00000000   Number         0  entry8b.o ABSOLUTE
    ../clib/microlib/init/entry.s            0x00000000   Number         0  entry8a.o ABSOLUTE
    ../clib/microlib/init/entry.s            0x00000000   Number         0  entry7b.o ABSOLUTE
    ../clib/microlib/longlong.c              0x00000000   Number         0  llshl.o ABSOLUTE
    ../clib/microlib/longlong.c              0x00000000   Number         0  llushr.o ABSOLUTE
    ../clib/microlib/longlong.c              0x00000000   Number         0  llsshr.o ABSOLUTE
    ../clib/microlib/printf/printf.c         0x00000000   Number         0  printfa.o ABSOLUTE
    ../clib/microlib/printf/printf.c         0x00000000   Number         0  printf0.o ABSOLUTE
    ../clib/microlib/printf/printf.c         0x00000000   Number         0  printf2.o ABSOLUTE
    ../clib/microlib/printf/printf.c         0x00000000   Number         0  printfb.o ABSOLUTE
    ../clib/microlib/printf/printf.c         0x00000000   Number         0  printf8.o ABSOLUTE
    ../clib/microlib/printf/printf.c         0x00000000   Number         0  printf1.o ABSOLUTE
    ../clib/microlib/printf/printf.c         0x00000000   Number         0  printf7.o ABSOLUTE
    ../clib/microlib/printf/printf.c         0x00000000   Number         0  printf6.o ABSOLUTE
    ../clib/microlib/printf/printf.c         0x00000000   Number         0  printf5.o ABSOLUTE
    ../clib/microlib/printf/printf.c         0x00000000   Number         0  printf3.o ABSOLUTE
    ../clib/microlib/printf/printf.c         0x00000000   Number         0  printf4.o ABSOLUTE
    ../clib/microlib/printf/stubs.s          0x00000000   Number         0  stubs.o ABSOLUTE
    ../clib/microlib/stdio/fputc.c           0x00000000   Number         0  fputc.o ABSOLUTE
    ../clib/microlib/stdio/semi.s            0x00000000   Number         0  semi.o ABSOLUTE
    ../clib/microlib/stdio/streams.c         0x00000000   Number         0  stdout.o ABSOLUTE
    ../clib/microlib/string/memcpy.c         0x00000000   Number         0  memcpya.o ABSOLUTE
    ../clib/microlib/string/memcpy.c         0x00000000   Number         0  memcpyb.o ABSOLUTE
    ../clib/microlib/stubs.s                 0x00000000   Number         0  iusefp.o ABSOLUTE
    ../clib/microlib/stubs.s                 0x00000000   Number         0  iusesemip.o ABSOLUTE
    ../fplib/microlib/fpadd.c                0x00000000   Number         0  dadd.o ABSOLUTE
    ../fplib/microlib/fpdiv.c                0x00000000   Number         0  ddiv.o ABSOLUTE
    ../fplib/microlib/fpepilogue.c           0x00000000   Number         0  depilogue.o ABSOLUTE
    ../fplib/microlib/fpfix.c                0x00000000   Number         0  dfixul.o ABSOLUTE
    ../fplib/microlib/fpmul.c                0x00000000   Number         0  dmul.o ABSOLUTE
    ..\CMSIS\core_cm3.c                      0x00000000   Number         0  core_cm3.o ABSOLUTE
    ..\CMSIS\startup\startup_stm32f10x_hd.s  0x00000000   Number         0  startup_stm32f10x_hd.o ABSOLUTE
    ..\CMSIS\system_stm32f10x.c              0x00000000   Number         0  system_stm32f10x.o ABSOLUTE
    ..\FWlib\src\misc.c                      0x00000000   Number         0  misc.o ABSOLUTE
    ..\FWlib\src\stm32f10x_exti.c            0x00000000   Number         0  stm32f10x_exti.o ABSOLUTE
    ..\FWlib\src\stm32f10x_gpio.c            0x00000000   Number         0  stm32f10x_gpio.o ABSOLUTE
    ..\FWlib\src\stm32f10x_i2c.c             0x00000000   Number         0  stm32f10x_i2c.o ABSOLUTE
    ..\FWlib\src\stm32f10x_rcc.c             0x00000000   Number         0  stm32f10x_rcc.o ABSOLUTE
    ..\FWlib\src\stm32f10x_tim.c             0x00000000   Number         0  stm32f10x_tim.o ABSOLUTE
    ..\FWlib\src\stm32f10x_usart.c           0x00000000   Number         0  stm32f10x_usart.o ABSOLUTE
    ..\\CMSIS\\core_cm3.c                    0x00000000   Number         0  core_cm3.o ABSOLUTE
    cdrcmple.s                               0x00000000   Number         0  cdrcmple.o ABSOLUTE
    dc.s                                     0x00000000   Number         0  dc.o ABSOLUTE
    flash_led.c                              0x00000000   Number         0  flash_led.o ABSOLUTE
    gpio.c                                   0x00000000   Number         0  gpio.o ABSOLUTE
    handlers.s                               0x00000000   Number         0  handlers.o ABSOLUTE
    i2c.c                                    0x00000000   Number         0  i2c.o ABSOLUTE
    i2c_eeprom.c                             0x00000000   Number         0  i2c_eeprom.o ABSOLUTE
    i2c_eeprom_test.c                        0x00000000   Number         0  i2c_eeprom_test.o ABSOLUTE
    init.s                                   0x00000000   Number         0  init.o ABSOLUTE
    linked_list.c                            0x00000000   Number         0  linked_list.o ABSOLUTE
    linked_list_data.c                       0x00000000   Number         0  linked_list_data.o ABSOLUTE
    main.c                                   0x00000000   Number         0  main.o ABSOLUTE
    pwm.c                                    0x00000000   Number         0  pwm.o ABSOLUTE
    pwm_led.c                                0x00000000   Number         0  pwm_led.o ABSOLUTE
    stm32f10x_it.c                           0x00000000   Number         0  stm32f10x_it.o ABSOLUTE
    timx.c                                   0x00000000   Number         0  timx.o ABSOLUTE
    usart.c                                  0x00000000   Number         0  usart.o ABSOLUTE
    usart1_test.c                            0x00000000   Number         0  usart1_test.o ABSOLUTE
    usart_data.c                             0x00000000   Number         0  usart_data.o ABSOLUTE
    RESET                                    0x08000000   Section      304  startup_stm32f10x_hd.o(RESET)
    .ARM.Collect$$$$00000000                 0x08000130   Section        0  entry.o(.ARM.Collect$$$$00000000)
    .ARM.Collect$$$$00000001                 0x08000130   Section        4  entry2.o(.ARM.Collect$$$$00000001)
    .ARM.Collect$$$$00000004                 0x08000134   Section        4  entry5.o(.ARM.Collect$$$$00000004)
    .ARM.Collect$$$$00000008                 0x08000138   Section        0  entry7b.o(.ARM.Collect$$$$00000008)
    .ARM.Collect$$$$0000000A                 0x08000138   Section        0  entry8b.o(.ARM.Collect$$$$0000000A)
    .ARM.Collect$$$$0000000B                 0x08000138   Section        8  entry9a.o(.ARM.Collect$$$$0000000B)
    .ARM.Collect$$$$0000000D                 0x08000140   Section        0  entry10a.o(.ARM.Collect$$$$0000000D)
    .ARM.Collect$$$$0000000F                 0x08000140   Section        0  entry11a.o(.ARM.Collect$$$$0000000F)
    .ARM.Collect$$$$00002712                 0x08000140   Section        4  entry2.o(.ARM.Collect$$$$00002712)
    __lit__00000000                          0x08000140   Data           4  entry2.o(.ARM.Collect$$$$00002712)
    .text                                    0x08000144   Section       48  startup_stm32f10x_hd.o(.text)
    .text                                    0x08000174   Section        0  main.o(.text)
    .text                                    0x08000e50   Section        0  stm32f10x_it.o(.text)
    .text                                    0x08000e6c   Section        0  timx.o(.text)
    .text                                    0x080010b8   Section        0  gpio.o(.text)
    .text                                    0x0800116c   Section        0  linked_list.o(.text)
    .text                                    0x080011dc   Section        0  linked_list_data.o(.text)
    .text                                    0x08001364   Section        0  i2c.o(.text)
    .text                                    0x080016b4   Section        0  usart_data.o(.text)
    .text                                    0x08001734   Section        0  usart.o(.text)
    .text                                    0x080018fc   Section        0  stm32f10x_gpio.o(.text)
    .text                                    0x08001c2c   Section        0  stm32f10x_rcc.o(.text)
    .text                                    0x08001fcc   Section        0  stm32f10x_usart.o(.text)
    .text                                    0x0800233c   Section        0  stm32f10x_tim.o(.text)
    TI4_Config                               0x0800265b   Thumb Code    82  stm32f10x_tim.o(.text)
    TI3_Config                               0x080026bf   Thumb Code    72  stm32f10x_tim.o(.text)
    TI2_Config                               0x08002731   Thumb Code    80  stm32f10x_tim.o(.text)
    TI1_Config                               0x08002793   Thumb Code    56  stm32f10x_tim.o(.text)
    .text                                    0x08002f04   Section        0  misc.o(.text)
    .text                                    0x08002fe0   Section        0  stm32f10x_i2c.o(.text)
    .text                                    0x080033c4   Section        0  stm32f10x_exti.o(.text)
    .text                                    0x08003504   Section        0  system_stm32f10x.o(.text)
    SetSysClockTo72                          0x08003505   Thumb Code   220  system_stm32f10x.o(.text)
    SetSysClock                              0x080035e1   Thumb Code     8  system_stm32f10x.o(.text)
    .text                                    0x0800363c   Section        0  memcpya.o(.text)
    .text                                    0x08003660   Section        0  uidiv.o(.text)
    .text                                    0x0800368c   Section       36  init.o(.text)
    i.__0sprintf$6                           0x080036b0   Section        0  printf6.o(i.__0sprintf$6)
    i.__scatterload_copy                     0x080036d8   Section       14  handlers.o(i.__scatterload_copy)
    i.__scatterload_null                     0x080036e6   Section        2  handlers.o(i.__scatterload_null)
    i.__scatterload_zeroinit                 0x080036e8   Section       14  handlers.o(i.__scatterload_zeroinit)
    i._printf_core                           0x080036f8   Section        0  printf6.o(i._printf_core)
    _printf_core                             0x080036f9   Thumb Code   748  printf6.o(i._printf_core)
    i._printf_post_padding                   0x080039e8   Section        0  printf6.o(i._printf_post_padding)
    _printf_post_padding                     0x080039e9   Thumb Code    36  printf6.o(i._printf_post_padding)
    i._printf_pre_padding                    0x08003a0c   Section        0  printf6.o(i._printf_pre_padding)
    _printf_pre_padding                      0x08003a0d   Thumb Code    46  printf6.o(i._printf_pre_padding)
    i._sputc                                 0x08003a3a   Section        0  printf6.o(i._sputc)
    _sputc                                   0x08003a3b   Thumb Code    10  printf6.o(i._sputc)
    .data                                    0x20000000   Section      124  main.o(.data)
    t                                        0x2000004c   Data          48  main.o(.data)
    .data                                    0x2000007c   Section        2  gpio.o(.data)
    .data                                    0x2000007e   Section       20  stm32f10x_rcc.o(.data)
    APBAHBPrescTable                         0x2000007e   Data          16  stm32f10x_rcc.o(.data)
    ADCPrescTable                            0x2000008e   Data           4  stm32f10x_rcc.o(.data)
    .bss                                     0x20000094   Section      264  main.o(.bss)
    .bss                                     0x2000019c   Section      160  timx.o(.bss)
    .bss                                     0x2000023c   Section       80  usart.o(.bss)
    STACK                                    0x20000290   Section      512  startup_stm32f10x_hd.o(STACK)

    Global Symbols

    Symbol Name                              Value     Ov Type        Size  Object(Section)

    BuildAttributes$$THM_ISAv4$P$D$K$B$S$PE$A:L22UL41UL21$X:L11$S22US41US21$IEEE1$IW$USESV6$~STKCKD$USESV7$~SHL$OSPACE$ROPI$EBA8$MICROLIB$REQ8$PRES8$EABIv2 0x00000000   Number         0  anon$$obj.o ABSOLUTE
    __ARM_use_no_argv                        0x00000000   Number         0  main.o ABSOLUTE
    _printf_a                                0x00000000   Number         0  stubs.o ABSOLUTE
    _printf_c                                0x00000000   Number         0  stubs.o ABSOLUTE
    _printf_charcount                        0x00000000   Number         0  stubs.o ABSOLUTE
    _printf_d                                0x00000000   Number         0  stubs.o ABSOLUTE
    _printf_e                                0x00000000   Number         0  stubs.o ABSOLUTE
    _printf_f                                0x00000000   Number         0  stubs.o ABSOLUTE
    _printf_flags                            0x00000000   Number         0  stubs.o ABSOLUTE
    _printf_fp_dec                           0x00000000   Number         0  stubs.o ABSOLUTE
    _printf_fp_hex                           0x00000000   Number         0  stubs.o ABSOLUTE
    _printf_g                                0x00000000   Number         0  stubs.o ABSOLUTE
    _printf_i                                0x00000000   Number         0  stubs.o ABSOLUTE
    _printf_int_dec                          0x00000000   Number         0  stubs.o ABSOLUTE
    _printf_l                                0x00000000   Number         0  stubs.o ABSOLUTE
    _printf_lc                               0x00000000   Number         0  stubs.o ABSOLUTE
    _printf_ll                               0x00000000   Number         0  stubs.o ABSOLUTE
    _printf_lld                              0x00000000   Number         0  stubs.o ABSOLUTE
    _printf_lli                              0x00000000   Number         0  stubs.o ABSOLUTE
    _printf_llo                              0x00000000   Number         0  stubs.o ABSOLUTE
    _printf_llu                              0x00000000   Number         0  stubs.o ABSOLUTE
    _printf_llx                              0x00000000   Number         0  stubs.o ABSOLUTE
    _printf_longlong_dec                     0x00000000   Number         0  stubs.o ABSOLUTE
    _printf_longlong_hex                     0x00000000   Number         0  stubs.o ABSOLUTE
    _printf_longlong_oct                     0x00000000   Number         0  stubs.o ABSOLUTE
    _printf_ls                               0x00000000   Number         0  stubs.o ABSOLUTE
    _printf_mbtowc                           0x00000000   Number         0  stubs.o ABSOLUTE
    _printf_n                                0x00000000   Number         0  stubs.o ABSOLUTE
    _printf_o                                0x00000000   Number         0  stubs.o ABSOLUTE
    _printf_p                                0x00000000   Number         0  stubs.o ABSOLUTE
    _printf_percent                          0x00000000   Number         0  stubs.o ABSOLUTE
    _printf_pre_padding                      0x00000000   Number         0  stubs.o ABSOLUTE
    _printf_return_value                     0x00000000   Number         0  stubs.o ABSOLUTE
    _printf_s                                0x00000000   Number         0  stubs.o ABSOLUTE
    _printf_sizespec                         0x00000000   Number         0  stubs.o ABSOLUTE
    _printf_str                              0x00000000   Number         0  stubs.o ABSOLUTE
    _printf_truncate_signed                  0x00000000   Number         0  stubs.o ABSOLUTE
    _printf_truncate_unsigned                0x00000000   Number         0  stubs.o ABSOLUTE
    _printf_u                                0x00000000   Number         0  stubs.o ABSOLUTE
    _printf_wc                               0x00000000   Number         0  stubs.o ABSOLUTE
    _printf_wctomb                           0x00000000   Number         0  stubs.o ABSOLUTE
    _printf_widthprec                        0x00000000   Number         0  stubs.o ABSOLUTE
    _printf_x                                0x00000000   Number         0  stubs.o ABSOLUTE
    __cpp_initialize__aeabi_                  - Undefined Weak Reference
    __cxa_finalize                            - Undefined Weak Reference
    __decompress                              - Undefined Weak Reference
    _clock_init                               - Undefined Weak Reference
    _microlib_exit                            - Undefined Weak Reference
    __Vectors_Size                           0x00000130   Number         0  startup_stm32f10x_hd.o ABSOLUTE
    __Vectors                                0x08000000   Data           4  startup_stm32f10x_hd.o(RESET)
    __Vectors_End                            0x08000130   Data           0  startup_stm32f10x_hd.o(RESET)
    __main                                   0x08000131   Thumb Code     0  entry.o(.ARM.Collect$$$$00000000)
    _main_stk                                0x08000131   Thumb Code     0  entry2.o(.ARM.Collect$$$$00000001)
    _main_scatterload                        0x08000135   Thumb Code     0  entry5.o(.ARM.Collect$$$$00000004)
    __main_after_scatterload                 0x08000139   Thumb Code     0  entry5.o(.ARM.Collect$$$$00000004)
    _main_clock                              0x08000139   Thumb Code     0  entry7b.o(.ARM.Collect$$$$00000008)
    _main_cpp_init                           0x08000139   Thumb Code     0  entry8b.o(.ARM.Collect$$$$0000000A)
    _main_init                               0x08000139   Thumb Code     0  entry9a.o(.ARM.Collect$$$$0000000B)
    __rt_final_cpp                           0x08000141   Thumb Code     0  entry10a.o(.ARM.Collect$$$$0000000D)
    __rt_final_exit                          0x08000141   Thumb Code     0  entry11a.o(.ARM.Collect$$$$0000000F)
    SystemInit_ExtMemCtl                     0x08000145   Thumb Code     2  startup_stm32f10x_hd.o(.text)
    Reset_Handler                            0x08000147   Thumb Code    14  startup_stm32f10x_hd.o(.text)
    ADC1_2_IRQHandler                        0x08000167   Thumb Code     0  startup_stm32f10x_hd.o(.text)
    ADC3_IRQHandler                          0x08000167   Thumb Code     0  startup_stm32f10x_hd.o(.text)
    CAN1_RX1_IRQHandler                      0x08000167   Thumb Code     0  startup_stm32f10x_hd.o(.text)
    CAN1_SCE_IRQHandler                      0x08000167   Thumb Code     0  startup_stm32f10x_hd.o(.text)
    DMA1_Channel1_IRQHandler                 0x08000167   Thumb Code     0  startup_stm32f10x_hd.o(.text)
    DMA1_Channel2_IRQHandler                 0x08000167   Thumb Code     0  startup_stm32f10x_hd.o(.text)
    DMA1_Channel3_IRQHandler                 0x08000167   Thumb Code     0  startup_stm32f10x_hd.o(.text)
    DMA1_Channel4_IRQHandler                 0x08000167   Thumb Code     0  startup_stm32f10x_hd.o(.text)
    DMA1_Channel5_IRQHandler                 0x08000167   Thumb Code     0  startup_stm32f10x_hd.o(.text)
    DMA1_Channel6_IRQHandler                 0x08000167   Thumb Code     0  startup_stm32f10x_hd.o(.text)
    DMA1_Channel7_IRQHandler                 0x08000167   Thumb Code     0  startup_stm32f10x_hd.o(.text)
    DMA2_Channel1_IRQHandler                 0x08000167   Thumb Code     0  startup_stm32f10x_hd.o(.text)
    DMA2_Channel2_IRQHandler                 0x08000167   Thumb Code     0  startup_stm32f10x_hd.o(.text)
    DMA2_Channel3_IRQHandler                 0x08000167   Thumb Code     0  startup_stm32f10x_hd.o(.text)
    DMA2_Channel4_5_IRQHandler               0x08000167   Thumb Code     0  startup_stm32f10x_hd.o(.text)
    EXTI0_IRQHandler                         0x08000167   Thumb Code     0  startup_stm32f10x_hd.o(.text)
    EXTI1_IRQHandler                         0x08000167   Thumb Code     0  startup_stm32f10x_hd.o(.text)
    EXTI2_IRQHandler                         0x08000167   Thumb Code     0  startup_stm32f10x_hd.o(.text)
    EXTI3_IRQHandler                         0x08000167   Thumb Code     0  startup_stm32f10x_hd.o(.text)
    EXTI4_IRQHandler                         0x08000167   Thumb Code     0  startup_stm32f10x_hd.o(.text)
    EXTI9_5_IRQHandler                       0x08000167   Thumb Code     0  startup_stm32f10x_hd.o(.text)
    FLASH_IRQHandler                         0x08000167   Thumb Code     0  startup_stm32f10x_hd.o(.text)
    FSMC_IRQHandler                          0x08000167   Thumb Code     0  startup_stm32f10x_hd.o(.text)
    I2C1_ER_IRQHandler                       0x08000167   Thumb Code     0  startup_stm32f10x_hd.o(.text)
    I2C1_EV_IRQHandler                       0x08000167   Thumb Code     0  startup_stm32f10x_hd.o(.text)
    I2C2_ER_IRQHandler                       0x08000167   Thumb Code     0  startup_stm32f10x_hd.o(.text)
    I2C2_EV_IRQHandler                       0x08000167   Thumb Code     0  startup_stm32f10x_hd.o(.text)
    PVD_IRQHandler                           0x08000167   Thumb Code     0  startup_stm32f10x_hd.o(.text)
    RCC_IRQHandler                           0x08000167   Thumb Code     0  startup_stm32f10x_hd.o(.text)
    RTCAlarm_IRQHandler                      0x08000167   Thumb Code     0  startup_stm32f10x_hd.o(.text)
    RTC_IRQHandler                           0x08000167   Thumb Code     0  startup_stm32f10x_hd.o(.text)
    SDIO_IRQHandler                          0x08000167   Thumb Code     0  startup_stm32f10x_hd.o(.text)
    SPI1_IRQHandler                          0x08000167   Thumb Code     0  startup_stm32f10x_hd.o(.text)
    SPI2_IRQHandler                          0x08000167   Thumb Code     0  startup_stm32f10x_hd.o(.text)
    SPI3_IRQHandler                          0x08000167   Thumb Code     0  startup_stm32f10x_hd.o(.text)
    TAMPER_IRQHandler                        0x08000167   Thumb Code     0  startup_stm32f10x_hd.o(.text)
    TIM1_BRK_IRQHandler                      0x08000167   Thumb Code     0  startup_stm32f10x_hd.o(.text)
    TIM1_CC_IRQHandler                       0x08000167   Thumb Code     0  startup_stm32f10x_hd.o(.text)
    TIM1_TRG_COM_IRQHandler                  0x08000167   Thumb Code     0  startup_stm32f10x_hd.o(.text)
    TIM1_UP_IRQHandler                       0x08000167   Thumb Code     0  startup_stm32f10x_hd.o(.text)
    TIM6_IRQHandler                          0x08000167   Thumb Code     0  startup_stm32f10x_hd.o(.text)
    TIM7_IRQHandler                          0x08000167   Thumb Code     0  startup_stm32f10x_hd.o(.text)
    TIM8_BRK_IRQHandler                      0x08000167   Thumb Code     0  startup_stm32f10x_hd.o(.text)
    TIM8_CC_IRQHandler                       0x08000167   Thumb Code     0  startup_stm32f10x_hd.o(.text)
    TIM8_TRG_COM_IRQHandler                  0x08000167   Thumb Code     0  startup_stm32f10x_hd.o(.text)
    TIM8_UP_IRQHandler                       0x08000167   Thumb Code     0  startup_stm32f10x_hd.o(.text)
    UART4_IRQHandler                         0x08000167   Thumb Code     0  startup_stm32f10x_hd.o(.text)
    UART5_IRQHandler                         0x08000167   Thumb Code     0  startup_stm32f10x_hd.o(.text)
    USART3_IRQHandler                        0x08000167   Thumb Code     0  startup_stm32f10x_hd.o(.text)
    USBWakeUp_IRQHandler                     0x08000167   Thumb Code     0  startup_stm32f10x_hd.o(.text)
    USB_HP_CAN1_TX_IRQHandler                0x08000167   Thumb Code     0  startup_stm32f10x_hd.o(.text)
    USB_LP_CAN1_RX0_IRQHandler               0x08000167   Thumb Code     0  startup_stm32f10x_hd.o(.text)
    WWDG_IRQHandler                          0x08000167   Thumb Code     0  startup_stm32f10x_hd.o(.text)
    LCD1602_Write                            0x08000175   Thumb Code   108  main.o(.text)
    LCD1602_PulseEnable                      0x080001e1   Thumb Code    52  main.o(.text)
    LCD1602_Write4bits                       0x08000215   Thumb Code    16  main.o(.text)
    LCD1602_Send                             0x08000225   Thumb Code    44  main.o(.text)
    LCD1602_Send_Char                        0x08000251   Thumb Code    18  main.o(.text)
    LCD1602_Command                          0x08000263   Thumb Code    18  main.o(.text)
    LCD1602_SetCursor                        0x08000275   Thumb Code    40  main.o(.text)
    LCD1602_USART1_Recieve_Processor         0x0800029d   Thumb Code    26  main.o(.text)
    LCD1602_Flash                            0x080002b7   Thumb Code   120  main.o(.text)
    LCD1602_USART_Received_Data              0x0800032f   Thumb Code    22  main.o(.text)
    lcd1602_test                             0x08000345   Thumb Code   188  main.o(.text)
    bcd_to_dec                               0x08000401   Thumb Code    20  main.o(.text)
    dec_to_bcd                               0x08000415   Thumb Code    26  main.o(.text)
    dayOfWeek                                0x0800042f   Thumb Code    76  main.o(.text)
    DS3231_Init                              0x0800047b   Thumb Code   350  main.o(.text)
    DS3231_Read                              0x080005d9   Thumb Code   192  main.o(.text)
    DS3231_Write                             0x08000699   Thumb Code   170  main.o(.text)
    DS3231_I2C_Error_Code                    0x08000743   Thumb Code     8  main.o(.text)
    DS3231_USART1_Recieve_Processor          0x0800074b   Thumb Code   308  main.o(.text)
    DS3231_USART_Received_Data               0x0800087f   Thumb Code    22  main.o(.text)
    ds3231_test                              0x08000895   Thumb Code   178  main.o(.text)
    display_ms                               0x08000947   Thumb Code   234  main.o(.text)
    sqw_exti_init                            0x08000a31   Thumb Code   122  main.o(.text)
    EXTI15_10_IRQHandler                     0x08000aab   Thumb Code   588  main.o(.text)
    ds3231_with_lcd1602_test                 0x08000cf7   Thumb Code   224  main.o(.text)
    main                                     0x08000dd7   Thumb Code   122  main.o(.text)
    NMI_Handler                              0x08000e51   Thumb Code     2  stm32f10x_it.o(.text)
    HardFault_Handler                        0x08000e53   Thumb Code     4  stm32f10x_it.o(.text)
    MemManage_Handler                        0x08000e57   Thumb Code     4  stm32f10x_it.o(.text)
    BusFault_Handler                         0x08000e5b   Thumb Code     4  stm32f10x_it.o(.text)
    UsageFault_Handler                       0x08000e5f   Thumb Code     4  stm32f10x_it.o(.text)
    SVC_Handler                              0x08000e63   Thumb Code     2  stm32f10x_it.o(.text)
    DebugMon_Handler                         0x08000e65   Thumb Code     2  stm32f10x_it.o(.text)
    PendSV_Handler                           0x08000e67   Thumb Code     2  stm32f10x_it.o(.text)
    SysTick_Handler                          0x08000e69   Thumb Code     2  stm32f10x_it.o(.text)
    TIMx_Config                              0x08000e6d   Thumb Code   124  timx.o(.text)
    TIMx_With_NVIC_Config                    0x08000ee9   Thumb Code   110  timx.o(.text)
    Register_TIMx_Callback                   0x08000f57   Thumb Code    80  timx.o(.text)
    TIM2_IRQHandler                          0x08000fa7   Thumb Code    42  timx.o(.text)
    TIM3_IRQHandler                          0x08000fd1   Thumb Code    42  timx.o(.text)
    TIM4_IRQHandler                          0x08000ffb   Thumb Code    42  timx.o(.text)
    TIM5_IRQHandler                          0x08001025   Thumb Code    42  timx.o(.text)
    Delay_Nus                                0x0800104f   Thumb Code    54  timx.o(.text)
    Delay_Nms                                0x08001085   Thumb Code    24  timx.o(.text)
    GPIO_Config                              0x080010b9   Thumb Code   144  gpio.o(.text)
    Out_PP_GPIO_Config                       0x08001149   Thumb Code    20  gpio.o(.text)
    Linked_Add_Last                          0x0800116d   Thumb Code    44  linked_list.o(.text)
    Linked_Remove_First                      0x08001199   Thumb Code    40  linked_list.o(.text)
    Linked_Size                              0x080011c1   Thumb Code    28  linked_list.o(.text)
    Linked_List_Data_Add_Char0               0x080011dd   Thumb Code   204  linked_list_data.o(.text)
    Linked_List_Data_Add_Char                0x080012a9   Thumb Code   112  linked_list_data.o(.text)
    Linked_List_Data_Read                    0x08001319   Thumb Code    74  linked_list_data.o(.text)
    I2Cx_Init                                0x08001365   Thumb Code   116  i2c.o(.text)
    I2C1_Conf_Init                           0x080013d9   Thumb Code    38  i2c.o(.text)
    I2C2_Conf_Init                           0x080013ff   Thumb Code    38  i2c.o(.text)
    I2Cx_Wait                                0x08001425   Thumb Code    40  i2c.o(.text)
    I2Cx_Start                               0x0800144d   Thumb Code    46  i2c.o(.text)
    I2Cx_Stop                                0x0800147b   Thumb Code    46  i2c.o(.text)
    I2Cx_Address_Direction                   0x080014a9   Thumb Code    96  i2c.o(.text)
    I2Cx_Transmit                            0x08001509   Thumb Code    50  i2c.o(.text)
    I2Cx_Ack_Enable                          0x0800153b   Thumb Code    14  i2c.o(.text)
    I2Cx_Ack_Disable                         0x08001549   Thumb Code    14  i2c.o(.text)
    I2Cx_Receive_Ack                         0x08001557   Thumb Code    58  i2c.o(.text)
    I2Cx_Receives                            0x08001591   Thumb Code    74  i2c.o(.text)
    I2Cx_Receive_Nack                        0x080015db   Thumb Code    58  i2c.o(.text)
    I2Cx_Write                               0x08001615   Thumb Code    66  i2c.o(.text)
    I2Cx_Read                                0x08001657   Thumb Code    66  i2c.o(.text)
    USART_Data_Init                          0x080016b5   Thumb Code    80  usart_data.o(.text)
    USART_Received_To_Buffer_Ignore_Error    0x08001705   Thumb Code    16  usart_data.o(.text)
    USART_Received_To_Buffer                 0x08001715   Thumb Code    16  usart_data.o(.text)
    USART_Read_From_Buffer                   0x08001725   Thumb Code    16  usart_data.o(.text)
    USART_Config                             0x08001735   Thumb Code   200  usart.o(.text)
    USART_Send_Byte                          0x080017fd   Thumb Code    30  usart.o(.text)
    USART_Get_Byte                           0x0800181b   Thumb Code    32  usart.o(.text)
    USART1_IRQHandler                        0x0800183b   Thumb Code    58  usart.o(.text)
    USART2_IRQHandler                        0x08001875   Thumb Code    58  usart.o(.text)
    Register_USART_Callback                  0x080018af   Thumb Code    60  usart.o(.text)
    GPIO_DeInit                              0x080018fd   Thumb Code   188  stm32f10x_gpio.o(.text)
    GPIO_AFIODeInit                          0x080019b9   Thumb Code    20  stm32f10x_gpio.o(.text)
    GPIO_Init                                0x080019cd   Thumb Code   278  stm32f10x_gpio.o(.text)
    GPIO_StructInit                          0x08001ae3   Thumb Code    16  stm32f10x_gpio.o(.text)
    GPIO_ReadInputDataBit                    0x08001af3   Thumb Code    18  stm32f10x_gpio.o(.text)
    GPIO_ReadInputData                       0x08001b05   Thumb Code     8  stm32f10x_gpio.o(.text)
    GPIO_ReadOutputDataBit                   0x08001b0d   Thumb Code    18  stm32f10x_gpio.o(.text)
    GPIO_ReadOutputData                      0x08001b1f   Thumb Code     8  stm32f10x_gpio.o(.text)
    GPIO_SetBits                             0x08001b27   Thumb Code     4  stm32f10x_gpio.o(.text)
    GPIO_ResetBits                           0x08001b2b   Thumb Code     4  stm32f10x_gpio.o(.text)
    GPIO_WriteBit                            0x08001b2f   Thumb Code    10  stm32f10x_gpio.o(.text)
    GPIO_Write                               0x08001b39   Thumb Code     4  stm32f10x_gpio.o(.text)
    GPIO_PinLockConfig                       0x08001b3d   Thumb Code    18  stm32f10x_gpio.o(.text)
    GPIO_EventOutputConfig                   0x08001b4f   Thumb Code    26  stm32f10x_gpio.o(.text)
    GPIO_EventOutputCmd                      0x08001b69   Thumb Code     6  stm32f10x_gpio.o(.text)
    GPIO_PinRemapConfig                      0x08001b6f   Thumb Code   106  stm32f10x_gpio.o(.text)
    GPIO_EXTILineConfig                      0x08001bd9   Thumb Code    66  stm32f10x_gpio.o(.text)
    RCC_DeInit                               0x08001c2d   Thumb Code    62  stm32f10x_rcc.o(.text)
    RCC_HSEConfig                            0x08001c6b   Thumb Code    70  stm32f10x_rcc.o(.text)
    RCC_GetFlagStatus                        0x08001cb1   Thumb Code    56  stm32f10x_rcc.o(.text)
    RCC_WaitForHSEStartUp                    0x08001ce9   Thumb Code    54  stm32f10x_rcc.o(.text)
    RCC_AdjustHSICalibrationValue            0x08001d1f   Thumb Code    20  stm32f10x_rcc.o(.text)
    RCC_HSICmd                               0x08001d33   Thumb Code     6  stm32f10x_rcc.o(.text)
    RCC_PLLConfig                            0x08001d39   Thumb Code    24  stm32f10x_rcc.o(.text)
    RCC_PLLCmd                               0x08001d51   Thumb Code     6  stm32f10x_rcc.o(.text)
    RCC_SYSCLKConfig                         0x08001d57   Thumb Code    18  stm32f10x_rcc.o(.text)
    RCC_GetSYSCLKSource                      0x08001d69   Thumb Code    10  stm32f10x_rcc.o(.text)
    RCC_HCLKConfig                           0x08001d73   Thumb Code    18  stm32f10x_rcc.o(.text)
    RCC_PCLK1Config                          0x08001d85   Thumb Code    18  stm32f10x_rcc.o(.text)
    RCC_PCLK2Config                          0x08001d97   Thumb Code    20  stm32f10x_rcc.o(.text)
    RCC_ITConfig                             0x08001dab   Thumb Code    26  stm32f10x_rcc.o(.text)
    RCC_USBCLKConfig                         0x08001dc5   Thumb Code     8  stm32f10x_rcc.o(.text)
    RCC_ADCCLKConfig                         0x08001dcd   Thumb Code    18  stm32f10x_rcc.o(.text)
    RCC_LSEConfig                            0x08001ddf   Thumb Code    50  stm32f10x_rcc.o(.text)
    RCC_LSICmd                               0x08001e11   Thumb Code     6  stm32f10x_rcc.o(.text)
    RCC_RTCCLKConfig                         0x08001e17   Thumb Code    12  stm32f10x_rcc.o(.text)
    RCC_RTCCLKCmd                            0x08001e23   Thumb Code     8  stm32f10x_rcc.o(.text)
    RCC_GetClocksFreq                        0x08001e2b   Thumb Code   192  stm32f10x_rcc.o(.text)
    RCC_AHBPeriphClockCmd                    0x08001eeb   Thumb Code    26  stm32f10x_rcc.o(.text)
    RCC_APB2PeriphClockCmd                   0x08001f05   Thumb Code    26  stm32f10x_rcc.o(.text)
    RCC_APB1PeriphClockCmd                   0x08001f1f   Thumb Code    26  stm32f10x_rcc.o(.text)
    RCC_APB2PeriphResetCmd                   0x08001f39   Thumb Code    26  stm32f10x_rcc.o(.text)
    RCC_APB1PeriphResetCmd                   0x08001f53   Thumb Code    26  stm32f10x_rcc.o(.text)
    RCC_BackupResetCmd                       0x08001f6d   Thumb Code     8  stm32f10x_rcc.o(.text)
    RCC_ClockSecuritySystemCmd               0x08001f75   Thumb Code     6  stm32f10x_rcc.o(.text)
    RCC_MCOConfig                            0x08001f7b   Thumb Code     6  stm32f10x_rcc.o(.text)
    RCC_ClearFlag                            0x08001f81   Thumb Code    14  stm32f10x_rcc.o(.text)
    RCC_GetITStatus                          0x08001f8f   Thumb Code    20  stm32f10x_rcc.o(.text)
    RCC_ClearITPendingBit                    0x08001fa3   Thumb Code     6  stm32f10x_rcc.o(.text)
    USART_DeInit                             0x08001fcd   Thumb Code   146  stm32f10x_usart.o(.text)
    USART_Init                               0x0800205f   Thumb Code   150  stm32f10x_usart.o(.text)
    USART_StructInit                         0x080020f5   Thumb Code    24  stm32f10x_usart.o(.text)
    USART_ClockInit                          0x0800210d   Thumb Code    34  stm32f10x_usart.o(.text)
    USART_ClockStructInit                    0x0800212f   Thumb Code    12  stm32f10x_usart.o(.text)
    USART_Cmd                                0x0800213b   Thumb Code    24  stm32f10x_usart.o(.text)
    USART_ITConfig                           0x08002153   Thumb Code    64  stm32f10x_usart.o(.text)
    USART_DMACmd                             0x08002193   Thumb Code    18  stm32f10x_usart.o(.text)
    USART_SetAddress                         0x080021a5   Thumb Code    18  stm32f10x_usart.o(.text)
    USART_WakeUpConfig                       0x080021b7   Thumb Code    18  stm32f10x_usart.o(.text)
    USART_ReceiverWakeUpCmd                  0x080021c9   Thumb Code    24  stm32f10x_usart.o(.text)
    USART_LINBreakDetectLengthConfig         0x080021e1   Thumb Code    18  stm32f10x_usart.o(.text)
    USART_LINCmd                             0x080021f3   Thumb Code    24  stm32f10x_usart.o(.text)
    USART_SendData                           0x0800220b   Thumb Code     8  stm32f10x_usart.o(.text)
    USART_ReceiveData                        0x08002213   Thumb Code    10  stm32f10x_usart.o(.text)
    USART_SendBreak                          0x0800221d   Thumb Code    10  stm32f10x_usart.o(.text)
    USART_SetGuardTime                       0x08002227   Thumb Code    16  stm32f10x_usart.o(.text)
    USART_SetPrescaler                       0x08002237   Thumb Code    16  stm32f10x_usart.o(.text)
    USART_SmartCardCmd                       0x08002247   Thumb Code    24  stm32f10x_usart.o(.text)
    USART_SmartCardNACKCmd                   0x0800225f   Thumb Code    24  stm32f10x_usart.o(.text)
    USART_HalfDuplexCmd                      0x08002277   Thumb Code    24  stm32f10x_usart.o(.text)
    USART_IrDAConfig                         0x0800228f   Thumb Code    18  stm32f10x_usart.o(.text)
    USART_IrDACmd                            0x080022a1   Thumb Code    24  stm32f10x_usart.o(.text)
    USART_GetFlagStatus                      0x080022b9   Thumb Code    18  stm32f10x_usart.o(.text)
    USART_ClearFlag                          0x080022cb   Thumb Code     6  stm32f10x_usart.o(.text)
    USART_GetITStatus                        0x080022d1   Thumb Code    76  stm32f10x_usart.o(.text)
    USART_ClearITPendingBit                  0x0800231d   Thumb Code    20  stm32f10x_usart.o(.text)
    TIM_DeInit                               0x0800233d   Thumb Code   214  stm32f10x_tim.o(.text)
    TIM_TimeBaseInit                         0x08002413   Thumb Code    50  stm32f10x_tim.o(.text)
    TIM_OC1Init                              0x08002445   Thumb Code   110  stm32f10x_tim.o(.text)
    TIM_OC2Init                              0x080024b3   Thumb Code   148  stm32f10x_tim.o(.text)
    TIM_OC3Init                              0x08002547   Thumb Code   144  stm32f10x_tim.o(.text)
    TIM_OC4Init                              0x080025d7   Thumb Code   106  stm32f10x_tim.o(.text)
    TIM_SetIC4Prescaler                      0x08002641   Thumb Code    26  stm32f10x_tim.o(.text)
    TIM_SetIC3Prescaler                      0x080026ad   Thumb Code    18  stm32f10x_tim.o(.text)
    TIM_SetIC2Prescaler                      0x08002707   Thumb Code    42  stm32f10x_tim.o(.text)
    TIM_SetIC1Prescaler                      0x08002781   Thumb Code    18  stm32f10x_tim.o(.text)
    TIM_ICInit                               0x080027cb   Thumb Code   110  stm32f10x_tim.o(.text)
    TIM_PWMIConfig                           0x08002839   Thumb Code   124  stm32f10x_tim.o(.text)
    TIM_BDTRConfig                           0x080028b5   Thumb Code    32  stm32f10x_tim.o(.text)
    TIM_TimeBaseStructInit                   0x080028d5   Thumb Code    18  stm32f10x_tim.o(.text)
    TIM_OCStructInit                         0x080028e7   Thumb Code    20  stm32f10x_tim.o(.text)
    TIM_ICStructInit                         0x080028fb   Thumb Code    18  stm32f10x_tim.o(.text)
    TIM_BDTRStructInit                       0x0800290d   Thumb Code    18  stm32f10x_tim.o(.text)
    TIM_Cmd                                  0x0800291f   Thumb Code    24  stm32f10x_tim.o(.text)
    TIM_CtrlPWMOutputs                       0x08002937   Thumb Code    30  stm32f10x_tim.o(.text)
    TIM_ITConfig                             0x08002955   Thumb Code    18  stm32f10x_tim.o(.text)
    TIM_GenerateEvent                        0x08002967   Thumb Code     4  stm32f10x_tim.o(.text)
    TIM_DMAConfig                            0x0800296b   Thumb Code    10  stm32f10x_tim.o(.text)
    TIM_DMACmd                               0x08002975   Thumb Code    18  stm32f10x_tim.o(.text)
    TIM_InternalClockConfig                  0x08002987   Thumb Code    12  stm32f10x_tim.o(.text)
    TIM_SelectInputTrigger                   0x08002993   Thumb Code    18  stm32f10x_tim.o(.text)
    TIM_ITRxExternalClockConfig              0x080029a5   Thumb Code    24  stm32f10x_tim.o(.text)
    TIM_TIxExternalClockConfig               0x080029bd   Thumb Code    62  stm32f10x_tim.o(.text)
    TIM_ETRConfig                            0x080029fb   Thumb Code    30  stm32f10x_tim.o(.text)
    TIM_ETRClockMode1Config                  0x08002a19   Thumb Code    54  stm32f10x_tim.o(.text)
    TIM_ETRClockMode2Config                  0x08002a4f   Thumb Code    32  stm32f10x_tim.o(.text)
    TIM_PrescalerConfig                      0x08002a6f   Thumb Code     6  stm32f10x_tim.o(.text)
    TIM_CounterModeConfig                    0x08002a75   Thumb Code    18  stm32f10x_tim.o(.text)
    TIM_EncoderInterfaceConfig               0x08002a87   Thumb Code    66  stm32f10x_tim.o(.text)
    TIM_ForcedOC1Config                      0x08002ac9   Thumb Code    18  stm32f10x_tim.o(.text)
    TIM_ForcedOC2Config                      0x08002adb   Thumb Code    26  stm32f10x_tim.o(.text)
    TIM_ForcedOC3Config                      0x08002af5   Thumb Code    18  stm32f10x_tim.o(.text)
    TIM_ForcedOC4Config                      0x08002b07   Thumb Code    26  stm32f10x_tim.o(.text)
    TIM_ARRPreloadConfig                     0x08002b21   Thumb Code    24  stm32f10x_tim.o(.text)
    TIM_SelectCOM                            0x08002b39   Thumb Code    24  stm32f10x_tim.o(.text)
    TIM_SelectCCDMA                          0x08002b51   Thumb Code    24  stm32f10x_tim.o(.text)
    TIM_CCPreloadControl                     0x08002b69   Thumb Code    24  stm32f10x_tim.o(.text)
    TIM_OC1PreloadConfig                     0x08002b81   Thumb Code    18  stm32f10x_tim.o(.text)
    TIM_OC2PreloadConfig                     0x08002b93   Thumb Code    26  stm32f10x_tim.o(.text)
    TIM_OC3PreloadConfig                     0x08002bad   Thumb Code    18  stm32f10x_tim.o(.text)
    TIM_OC4PreloadConfig                     0x08002bbf   Thumb Code    26  stm32f10x_tim.o(.text)
    TIM_OC1FastConfig                        0x08002bd9   Thumb Code    18  stm32f10x_tim.o(.text)
    TIM_OC2FastConfig                        0x08002beb   Thumb Code    26  stm32f10x_tim.o(.text)
    TIM_OC3FastConfig                        0x08002c05   Thumb Code    18  stm32f10x_tim.o(.text)
    TIM_OC4FastConfig                        0x08002c17   Thumb Code    26  stm32f10x_tim.o(.text)
    TIM_ClearOC1Ref                          0x08002c31   Thumb Code    18  stm32f10x_tim.o(.text)
    TIM_ClearOC2Ref                          0x08002c43   Thumb Code    24  stm32f10x_tim.o(.text)
    TIM_ClearOC3Ref                          0x08002c5b   Thumb Code    18  stm32f10x_tim.o(.text)
    TIM_ClearOC4Ref                          0x08002c6d   Thumb Code    24  stm32f10x_tim.o(.text)
    TIM_OC1PolarityConfig                    0x08002c85   Thumb Code    18  stm32f10x_tim.o(.text)
    TIM_OC1NPolarityConfig                   0x08002c97   Thumb Code    18  stm32f10x_tim.o(.text)
    TIM_OC2PolarityConfig                    0x08002ca9   Thumb Code    26  stm32f10x_tim.o(.text)
    TIM_OC2NPolarityConfig                   0x08002cc3   Thumb Code    26  stm32f10x_tim.o(.text)
    TIM_OC3PolarityConfig                    0x08002cdd   Thumb Code    26  stm32f10x_tim.o(.text)
    TIM_OC3NPolarityConfig                   0x08002cf7   Thumb Code    26  stm32f10x_tim.o(.text)
    TIM_OC4PolarityConfig                    0x08002d11   Thumb Code    26  stm32f10x_tim.o(.text)
    TIM_CCxCmd                               0x08002d2b   Thumb Code    26  stm32f10x_tim.o(.text)
    TIM_CCxNCmd                              0x08002d45   Thumb Code    26  stm32f10x_tim.o(.text)
    TIM_SelectOCxM                           0x08002d5f   Thumb Code   134  stm32f10x_tim.o(.text)
    TIM_UpdateDisableConfig                  0x08002de5   Thumb Code    24  stm32f10x_tim.o(.text)
    TIM_UpdateRequestConfig                  0x08002dfd   Thumb Code    24  stm32f10x_tim.o(.text)
    TIM_SelectHallSensor                     0x08002e15   Thumb Code    24  stm32f10x_tim.o(.text)
    TIM_SelectOnePulseMode                   0x08002e2d   Thumb Code    18  stm32f10x_tim.o(.text)
    TIM_SelectOutputTrigger                  0x08002e3f   Thumb Code    18  stm32f10x_tim.o(.text)
    TIM_SelectSlaveMode                      0x08002e51   Thumb Code    18  stm32f10x_tim.o(.text)
    TIM_SelectMasterSlaveMode                0x08002e63   Thumb Code    18  stm32f10x_tim.o(.text)
    TIM_SetCounter                           0x08002e75   Thumb Code     4  stm32f10x_tim.o(.text)
    TIM_SetAutoreload                        0x08002e79   Thumb Code     4  stm32f10x_tim.o(.text)
    TIM_SetCompare1                          0x08002e7d   Thumb Code     4  stm32f10x_tim.o(.text)
    TIM_SetCompare2                          0x08002e81   Thumb Code     4  stm32f10x_tim.o(.text)
    TIM_SetCompare3                          0x08002e85   Thumb Code     4  stm32f10x_tim.o(.text)
    TIM_SetCompare4                          0x08002e89   Thumb Code     6  stm32f10x_tim.o(.text)
    TIM_SetClockDivision                     0x08002e8f   Thumb Code    14  stm32f10x_tim.o(.text)
    TIM_GetCapture1                          0x08002e9d   Thumb Code     6  stm32f10x_tim.o(.text)
    TIM_GetCapture2                          0x08002ea3   Thumb Code     6  stm32f10x_tim.o(.text)
    TIM_GetCapture3                          0x08002ea9   Thumb Code     6  stm32f10x_tim.o(.text)
    TIM_GetCapture4                          0x08002eaf   Thumb Code     8  stm32f10x_tim.o(.text)
    TIM_GetCounter                           0x08002eb7   Thumb Code     6  stm32f10x_tim.o(.text)
    TIM_GetPrescaler                         0x08002ebd   Thumb Code     6  stm32f10x_tim.o(.text)
    TIM_GetFlagStatus                        0x08002ec3   Thumb Code    18  stm32f10x_tim.o(.text)
    TIM_ClearFlag                            0x08002ed5   Thumb Code     6  stm32f10x_tim.o(.text)
    TIM_GetITStatus                          0x08002edb   Thumb Code    34  stm32f10x_tim.o(.text)
    TIM_ClearITPendingBit                    0x08002efd   Thumb Code     6  stm32f10x_tim.o(.text)
    NVIC_PriorityGroupConfig                 0x08002f05   Thumb Code    10  misc.o(.text)
    NVIC_Init                                0x08002f0f   Thumb Code   100  misc.o(.text)
    NVIC_SetVectorTable                      0x08002f73   Thumb Code    14  misc.o(.text)
    NVIC_SystemLPConfig                      0x08002f81   Thumb Code    34  misc.o(.text)
    SysTick_CLKSourceConfig                  0x08002fa3   Thumb Code    40  misc.o(.text)
    I2C_DeInit                               0x08002fe1   Thumb Code    64  stm32f10x_i2c.o(.text)
    I2C_Init                                 0x08003021   Thumb Code   222  stm32f10x_i2c.o(.text)
    I2C_StructInit                           0x080030ff   Thumb Code    30  stm32f10x_i2c.o(.text)
    I2C_Cmd                                  0x0800311d   Thumb Code    24  stm32f10x_i2c.o(.text)
    I2C_DMACmd                               0x08003135   Thumb Code    24  stm32f10x_i2c.o(.text)
    I2C_DMALastTransferCmd                   0x0800314d   Thumb Code    24  stm32f10x_i2c.o(.text)
    I2C_GenerateSTART                        0x08003165   Thumb Code    24  stm32f10x_i2c.o(.text)
    I2C_GenerateSTOP                         0x0800317d   Thumb Code    24  stm32f10x_i2c.o(.text)
    I2C_AcknowledgeConfig                    0x08003195   Thumb Code    24  stm32f10x_i2c.o(.text)
    I2C_OwnAddress2Config                    0x080031ad   Thumb Code    22  stm32f10x_i2c.o(.text)
    I2C_DualAddressCmd                       0x080031c3   Thumb Code    24  stm32f10x_i2c.o(.text)
    I2C_GeneralCallCmd                       0x080031db   Thumb Code    24  stm32f10x_i2c.o(.text)
    I2C_ITConfig                             0x080031f3   Thumb Code    18  stm32f10x_i2c.o(.text)
    I2C_SendData                             0x08003205   Thumb Code     4  stm32f10x_i2c.o(.text)
    I2C_ReceiveData                          0x08003209   Thumb Code     8  stm32f10x_i2c.o(.text)
    I2C_Send7bitAddress                      0x08003211   Thumb Code    18  stm32f10x_i2c.o(.text)
    I2C_ReadRegister                         0x08003223   Thumb Code     6  stm32f10x_i2c.o(.text)
    I2C_SoftwareResetCmd                     0x08003229   Thumb Code    22  stm32f10x_i2c.o(.text)
    I2C_SMBusAlertConfig                     0x0800323f   Thumb Code    28  stm32f10x_i2c.o(.text)
    I2C_TransmitPEC                          0x0800325b   Thumb Code    24  stm32f10x_i2c.o(.text)
    I2C_PECPositionConfig                    0x08003273   Thumb Code    28  stm32f10x_i2c.o(.text)
    I2C_CalculatePEC                         0x0800328f   Thumb Code    24  stm32f10x_i2c.o(.text)
    I2C_GetPEC                               0x080032a7   Thumb Code     8  stm32f10x_i2c.o(.text)
    I2C_ARPCmd                               0x080032af   Thumb Code    24  stm32f10x_i2c.o(.text)
    I2C_StretchClockCmd                      0x080032c7   Thumb Code    24  stm32f10x_i2c.o(.text)
    I2C_FastModeDutyCycleConfig              0x080032df   Thumb Code    28  stm32f10x_i2c.o(.text)
    I2C_GetLastEvent                         0x080032fb   Thumb Code    26  stm32f10x_i2c.o(.text)
    I2C_CheckEvent                           0x08003315   Thumb Code    38  stm32f10x_i2c.o(.text)
    I2C_GetFlagStatus                        0x0800333b   Thumb Code    58  stm32f10x_i2c.o(.text)
    I2C_ClearFlag                            0x08003375   Thumb Code    12  stm32f10x_i2c.o(.text)
    I2C_GetITStatus                          0x08003381   Thumb Code    38  stm32f10x_i2c.o(.text)
    I2C_ClearITPendingBit                    0x080033a7   Thumb Code    12  stm32f10x_i2c.o(.text)
    EXTI_DeInit                              0x080033c5   Thumb Code    28  stm32f10x_exti.o(.text)
    EXTI_Init                                0x080033e1   Thumb Code   174  stm32f10x_exti.o(.text)
    EXTI_StructInit                          0x0800348f   Thumb Code    16  stm32f10x_exti.o(.text)
    EXTI_GenerateSWInterrupt                 0x0800349f   Thumb Code    16  stm32f10x_exti.o(.text)
    EXTI_GetFlagStatus                       0x080034af   Thumb Code    22  stm32f10x_exti.o(.text)
    EXTI_ClearFlag                           0x080034c5   Thumb Code     8  stm32f10x_exti.o(.text)
    EXTI_GetITStatus                         0x080034cd   Thumb Code    34  stm32f10x_exti.o(.text)
    EXTI_ClearITPendingBit                   0x080034ef   Thumb Code     8  stm32f10x_exti.o(.text)
    SystemInit                               0x080035e9   Thumb Code    68  system_stm32f10x.o(.text)
    __aeabi_memcpy                           0x0800363d   Thumb Code    36  memcpya.o(.text)
    __aeabi_memcpy4                          0x0800363d   Thumb Code     0  memcpya.o(.text)
    __aeabi_memcpy8                          0x0800363d   Thumb Code     0  memcpya.o(.text)
    __aeabi_uidiv                            0x08003661   Thumb Code     0  uidiv.o(.text)
    __aeabi_uidivmod                         0x08003661   Thumb Code    44  uidiv.o(.text)
    __scatterload                            0x0800368d   Thumb Code    28  init.o(.text)
    __scatterload_rt2                        0x0800368d   Thumb Code     0  init.o(.text)
    __0sprintf$6                             0x080036b1   Thumb Code    34  printf6.o(i.__0sprintf$6)
    __1sprintf$6                             0x080036b1   Thumb Code     0  printf6.o(i.__0sprintf$6)
    __2sprintf                               0x080036b1   Thumb Code     0  printf6.o(i.__0sprintf$6)
    __scatterload_copy                       0x080036d9   Thumb Code    14  handlers.o(i.__scatterload_copy)
    __scatterload_null                       0x080036e7   Thumb Code     2  handlers.o(i.__scatterload_null)
    __scatterload_zeroinit                   0x080036e9   Thumb Code    14  handlers.o(i.__scatterload_zeroinit)
    Region$$Table$$Base                      0x08003a44   Number         0  anon$$obj.o(Region$$Table)
    Region$$Table$$Limit                     0x08003a64   Number         0  anon$$obj.o(Region$$Table)
    _m_LCD1602_Chip_Address                  0x20000000   Data           1  main.o(.data)
    _m_LCD1602_I2C_Error_Code                0x20000001   Data           1  main.o(.data)
    _m_LCD1602_USART_Callback_TIMx           0x20000004   Data           4  main.o(.data)
    _m_LCD1602_USART1_BaudRate               0x20000008   Data           4  main.o(.data)
    _m_LCD1602_USART1_Tx_GPIOx               0x2000000c   Data           4  main.o(.data)
    _m_LCD1602_USART1_Tx_GPIO_Pin            0x20000010   Data           2  main.o(.data)
    _m_LCD1602_USART1_Rx_GPIOx               0x20000014   Data           4  main.o(.data)
    _m_LCD1602_USART1_Rx_GPIO_Pin            0x20000018   Data           2  main.o(.data)
    _m_LCD1602_USART1_Data_Eof               0x2000001a   Data           2  main.o(.data)
    _m_LCD1602_USART1_Eof_Len                0x2000001c   Data           2  main.o(.data)
    _m_DS3231_Chip_Address                   0x2000001e   Data           1  main.o(.data)
    _m_DS3231_Sub_Address                    0x2000001f   Data           1  main.o(.data)
    _m_DS3231_I2C_Error_Code                 0x20000020   Data           1  main.o(.data)
    _m_DS3231_USART_Callback_TIMx            0x20000024   Data           4  main.o(.data)
    _m_DS3231_USART1_BaudRate                0x20000028   Data           4  main.o(.data)
    _m_DS3231_USART1_Tx_GPIOx                0x2000002c   Data           4  main.o(.data)
    _m_DS3231_USART1_Tx_GPIO_Pin             0x20000030   Data           2  main.o(.data)
    _m_DS3231_USART1_Rx_GPIOx                0x20000034   Data           4  main.o(.data)
    _m_DS3231_USART1_Rx_GPIO_Pin             0x20000038   Data           2  main.o(.data)
    _m_DS3231_USART1_Data_Eof                0x2000003a   Data           2  main.o(.data)
    _m_DS3231_USART1_Eof_Len                 0x2000003c   Data           2  main.o(.data)
    sqw_exti_fired                           0x2000003e   Data           1  main.o(.data)
    timx_callback_count                      0x20000040   Data           2  main.o(.data)
    _m_last_data                             0x20000042   Data           7  main.o(.data)
    _m_GPIOx_Enable                          0x2000007c   Data           2  gpio.o(.data)
    LCD1602_I2C_Conf                         0x20000094   Data          20  main.o(.bss)
    _m_LCD1602_USART1_Data                   0x200000a8   Data          48  main.o(.bss)
    _m_LCD1602_USART1_Data_Nodes             0x200000d8   Data          32  main.o(.bss)
    _m_LCD1602_USART1_Data_Node_Chars        0x200000f8   Data          32  main.o(.bss)
    DS3231_I2C1_Conf                         0x20000118   Data          20  main.o(.bss)
    _m_DS3231_USART1_Data                    0x2000012c   Data          48  main.o(.bss)
    _m_DS3231_USART1_Data_Nodes              0x2000015c   Data          32  main.o(.bss)
    _m_DS3231_USART1_Data_Node_Chars         0x2000017c   Data          32  main.o(.bss)
    _m_TIM2_IRQHandler_Ptr                   0x2000019c   Data          40  timx.o(.bss)
    _m_TIM3_IRQHandler_Ptr                   0x200001c4   Data          40  timx.o(.bss)
    _m_TIM4_IRQHandler_Ptr                   0x200001ec   Data          40  timx.o(.bss)
    _m_TIM5_IRQHandler_Ptr                   0x20000214   Data          40  timx.o(.bss)
    _m_USART1_IRQHandler_Ptr                 0x2000023c   Data          40  usart.o(.bss)
    _m_USART2_IRQHandler_Ptr                 0x20000264   Data          40  usart.o(.bss)
    __initial_sp                             0x20000490   Data           0  startup_stm32f10x_hd.o(STACK)



==============================================================================

Memory Map of the image

  Image Entry point : 0x08000147

  Load Region LR_1 (Base: 0x08000000, Size: 0x00003af8, Max: 0xffffffff, ABSOLUTE)

    Execution Region ER_RO (Base: 0x08000000, Size: 0x00003a64, Max: 0xffffffff, ABSOLUTE)

    Base Addr    Size         Type   Attr      Idx    E Section Name        Object

    0x08000000   0x00000130   Data   RO            3    RESET               startup_stm32f10x_hd.o
    0x08000130   0x00000000   Code   RO          445  * .ARM.Collect$$$$00000000  mc_w.l(entry.o)
    0x08000130   0x00000004   Code   RO          713    .ARM.Collect$$$$00000001  mc_w.l(entry2.o)
    0x08000134   0x00000004   Code   RO          716    .ARM.Collect$$$$00000004  mc_w.l(entry5.o)
    0x08000138   0x00000000   Code   RO          718    .ARM.Collect$$$$00000008  mc_w.l(entry7b.o)
    0x08000138   0x00000000   Code   RO          720    .ARM.Collect$$$$0000000A  mc_w.l(entry8b.o)
    0x08000138   0x00000008   Code   RO          721    .ARM.Collect$$$$0000000B  mc_w.l(entry9a.o)
    0x08000140   0x00000000   Code   RO          723    .ARM.Collect$$$$0000000D  mc_w.l(entry10a.o)
    0x08000140   0x00000000   Code   RO          725    .ARM.Collect$$$$0000000F  mc_w.l(entry11a.o)
    0x08000140   0x00000004   Code   RO          714    .ARM.Collect$$$$00002712  mc_w.l(entry2.o)
    0x08000144   0x00000030   Code   RO            4  * .text               startup_stm32f10x_hd.o
    0x08000174   0x00000cdc   Code   RO           10    .text               main.o
    0x08000e50   0x0000001a   Code   RO          104    .text               stm32f10x_it.o
    0x08000e6a   0x00000002   PAD
    0x08000e6c   0x0000024c   Code   RO          119    .text               timx.o
    0x080010b8   0x000000b4   Code   RO          134    .text               gpio.o
    0x0800116c   0x00000070   Code   RO          170    .text               linked_list.o
    0x080011dc   0x00000186   Code   RO          185    .text               linked_list_data.o
    0x08001362   0x00000002   PAD
    0x08001364   0x00000350   Code   RO          273    .text               i2c.o
    0x080016b4   0x00000080   Code   RO          285    .text               usart_data.o
    0x08001734   0x000001c8   Code   RO          297    .text               usart.o
    0x080018fc   0x00000330   Code   RO          331    .text               stm32f10x_gpio.o
    0x08001c2c   0x000003a0   Code   RO          343    .text               stm32f10x_rcc.o
    0x08001fcc   0x00000370   Code   RO          357    .text               stm32f10x_usart.o
    0x0800233c   0x00000bc6   Code   RO          369    .text               stm32f10x_tim.o
    0x08002f02   0x00000002   PAD
    0x08002f04   0x000000dc   Code   RO          381    .text               misc.o
    0x08002fe0   0x000003e4   Code   RO          393    .text               stm32f10x_i2c.o
    0x080033c4   0x00000140   Code   RO          405    .text               stm32f10x_exti.o
    0x08003504   0x00000138   Code   RO          427    .text               system_stm32f10x.o
    0x0800363c   0x00000024   Code   RO          448    .text               mc_w.l(memcpya.o)
    0x08003660   0x0000002c   Code   RO          730    .text               mc_w.l(uidiv.o)
    0x0800368c   0x00000024   Code   RO          745    .text               mc_w.l(init.o)
    0x080036b0   0x00000028   Code   RO          609    i.__0sprintf$6      mc_w.l(printf6.o)
    0x080036d8   0x0000000e   Code   RO          759    i.__scatterload_copy  mc_w.l(handlers.o)
    0x080036e6   0x00000002   Code   RO          760    i.__scatterload_null  mc_w.l(handlers.o)
    0x080036e8   0x0000000e   Code   RO          761    i.__scatterload_zeroinit  mc_w.l(handlers.o)
    0x080036f6   0x00000002   PAD
    0x080036f8   0x000002f0   Code   RO          614    i._printf_core      mc_w.l(printf6.o)
    0x080039e8   0x00000024   Code   RO          615    i._printf_post_padding  mc_w.l(printf6.o)
    0x08003a0c   0x0000002e   Code   RO          616    i._printf_pre_padding  mc_w.l(printf6.o)
    0x08003a3a   0x0000000a   Code   RO          618    i._sputc            mc_w.l(printf6.o)
    0x08003a44   0x00000020   Data   RO          757    Region$$Table       anon$$obj.o


    Execution Region ER_RW (Base: 0x20000000, Size: 0x00000094, Max: 0xffffffff, ABSOLUTE)

    Base Addr    Size         Type   Attr      Idx    E Section Name        Object

    0x20000000   0x0000007c   Data   RW           12    .data               main.o
    0x2000007c   0x00000002   Data   RW          135    .data               gpio.o
    0x2000007e   0x00000014   Data   RW          344    .data               stm32f10x_rcc.o


    Execution Region ER_ZI (Base: 0x20000094, Size: 0x000003fc, Max: 0xffffffff, ABSOLUTE)

    Base Addr    Size         Type   Attr      Idx    E Section Name        Object

    0x20000094   0x00000108   Zero   RW           11    .bss                main.o
    0x2000019c   0x000000a0   Zero   RW          120    .bss                timx.o
    0x2000023c   0x00000050   Zero   RW          298    .bss                usart.o
    0x2000028c   0x00000004   PAD
    0x20000290   0x00000200   Zero   RW            1    STACK               startup_stm32f10x_hd.o


==============================================================================

Image component sizes


      Code (inc. data)   RO Data    RW Data    ZI Data      Debug   Object Name

       180         16          0          2          0       1363   gpio.o
       848         28          0          0          0       5133   i2c.o
       112          0          0          0          0       1358   linked_list.o
       390          0          0          0          0       1921   linked_list_data.o
      3292        276          0        124        264     272409   main.o
       220         22          0          0          0       1689   misc.o
        48         12        304          0        512        864   startup_stm32f10x_hd.o
       320         14          0          0          0       2099   stm32f10x_exti.o
       816         18          0          0          0       5147   stm32f10x_gpio.o
       996         18          0          0          0       8836   stm32f10x_i2c.o
        26          0          0          0          0       1158   stm32f10x_it.o
       928         36          0         20          0       8760   stm32f10x_rcc.o
      3014         16          0          0          0      24468   stm32f10x_tim.o
       880         12          0          0          0       7779   stm32f10x_usart.o
       312         16          0          0          0       1121   system_stm32f10x.o
       588         28          0          0        160       3381   timx.o
       456         18          0          0         80       2842   usart.o
       128          0          0          0          0       1984   usart_data.o

    ----------------------------------------------------------------------
     13560        530        336        148       1020     352312   Object Totals
         0          0         32          0          0          0   (incl. Generated)
         6          0          0          2          4          0   (incl. Padding)

    ----------------------------------------------------------------------

      Code (inc. data)   RO Data    RW Data    ZI Data      Debug   Library Member Name

         0          0          0          0          0          0   entry.o
         0          0          0          0          0          0   entry10a.o
         0          0          0          0          0          0   entry11a.o
         8          4          0          0          0          0   entry2.o
         4          0          0          0          0          0   entry5.o
         0          0          0          0          0          0   entry7b.o
         0          0          0          0          0          0   entry8b.o
         8          4          0          0          0          0   entry9a.o
        30          0          0          0          0          0   handlers.o
        36          8          0          0          0         68   init.o
        36          0          0          0          0         68   memcpya.o
       884         10          0          0          0        420   printf6.o
        44          0          0          0          0         80   uidiv.o

    ----------------------------------------------------------------------
      1052         26          0          0          0        636   Library Totals
         2          0          0          0          0          0   (incl. Padding)

    ----------------------------------------------------------------------

      Code (inc. data)   RO Data    RW Data    ZI Data      Debug   Library Name

      1050         26          0          0          0        636   mc_w.l

    ----------------------------------------------------------------------
      1052         26          0          0          0        636   Library Totals

    ----------------------------------------------------------------------

==============================================================================


      Code (inc. data)   RO Data    RW Data    ZI Data      Debug   

     14612        556        336        148       1020     351332   Grand Totals
     14612        556        336        148       1020     351332   ELF Image Totals
     14612        556        336        148          0          0   ROM Totals

==============================================================================

    Total RO  Size (Code + RO Data)                14948 (  14.60kB)
    Total RW  Size (RW Data + ZI Data)              1168 (   1.14kB)
    Total ROM Size (Code + RO Data + RW Data)      15096 (  14.74kB)

==============================================================================

