Component: ARM Compiler 5.06 update 4 (build 422) Tool: armlink [4d35d2]

==============================================================================

Section Cross References

    startup_stm32f10x_hd.o(RESET) refers to startup_stm32f10x_hd.o(.text) for Reset_Handler
    startup_stm32f10x_hd.o(RESET) refers to stm32f10x_it.o(.text) for NMI_Handler
    startup_stm32f10x_hd.o(RESET) refers to tim3.o(.text) for TIM3_IRQHandler
    startup_stm32f10x_hd.o(RESET) refers to usart1.o(.text) for USART1_IRQHandler
    startup_stm32f10x_hd.o(.text) refers to startup_stm32f10x_hd.o(STACK) for __initial_sp
    startup_stm32f10x_hd.o(.text) refers to entry.o(.ARM.Collect$$$$00000000) for __main
    main.o(.text) refers to led.o(.text) for LED_On
    main.o(.text) refers to tim3.o(.text) for Register_TIM3_Callback
    main.o(.text) refers to memcpya.o(.text) for __aeabi_memcpy
    main.o(.text) refers to usart1.o(.text) for UART1_Send_Byte
    main.o(.text) refers to system_stm32f10x.o(.text) for SystemInit
    main.o(.text) refers to main.o(.bss) for _m_Flash_LED_GPIO_Pin
    main.o(.text) refers to main.o(.data) for usart1_data_eof
    usart1.o(.text) refers to misc.o(.text) for NVIC_PriorityGroupConfig
    usart1.o(.text) refers to stm32f10x_rcc.o(.text) for RCC_APB2PeriphClockCmd
    usart1.o(.text) refers to stm32f10x_gpio.o(.text) for GPIO_Init
    usart1.o(.text) refers to stm32f10x_usart.o(.text) for USART_Init
    usart1.o(.text) refers to usart1.o(.bss) for _m_usart1_irqhandler_ptr
    led.o(.text) refers to stm32f10x_rcc.o(.text) for RCC_APB2PeriphClockCmd
    led.o(.text) refers to stm32f10x_gpio.o(.text) for GPIO_Init
    tim3.o(.text) refers to stm32f10x_rcc.o(.text) for RCC_APB1PeriphClockCmd
    tim3.o(.text) refers to stm32f10x_tim.o(.text) for TIM_ClearITPendingBit
    tim3.o(.text) refers to misc.o(.text) for NVIC_PriorityGroupConfig
    tim3.o(.text) refers to tim3.o(.bss) for _m_tim3_irqhandler_ptr
    stm32f10x_gpio.o(.text) refers to stm32f10x_rcc.o(.text) for RCC_APB2PeriphResetCmd
    stm32f10x_rcc.o(.text) refers to stm32f10x_rcc.o(.data) for APBAHBPrescTable
    stm32f10x_usart.o(.text) refers to stm32f10x_rcc.o(.text) for RCC_APB2PeriphResetCmd
    stm32f10x_tim.o(.text) refers to stm32f10x_rcc.o(.text) for RCC_APB2PeriphResetCmd
    entry.o(.ARM.Collect$$$$00000000) refers (Special) to entry10a.o(.ARM.Collect$$$$0000000D) for __rt_final_cpp
    entry.o(.ARM.Collect$$$$00000000) refers (Special) to entry11a.o(.ARM.Collect$$$$0000000F) for __rt_final_exit
    entry.o(.ARM.Collect$$$$00000000) refers (Special) to entry7b.o(.ARM.Collect$$$$00000008) for _main_clock
    entry.o(.ARM.Collect$$$$00000000) refers (Special) to entry8b.o(.ARM.Collect$$$$0000000A) for _main_cpp_init
    entry.o(.ARM.Collect$$$$00000000) refers (Special) to entry9a.o(.ARM.Collect$$$$0000000B) for _main_init
    entry.o(.ARM.Collect$$$$00000000) refers (Special) to entry5.o(.ARM.Collect$$$$00000004) for _main_scatterload
    entry.o(.ARM.Collect$$$$00000000) refers (Special) to entry2.o(.ARM.Collect$$$$00000001) for _main_stk
    entry2.o(.ARM.Collect$$$$00000001) refers to entry2.o(.ARM.Collect$$$$00002712) for __lit__00000000
    entry2.o(.ARM.Collect$$$$00002712) refers to startup_stm32f10x_hd.o(STACK) for __initial_sp
    entry2.o(__vectab_stack_and_reset_area) refers to startup_stm32f10x_hd.o(STACK) for __initial_sp
    entry2.o(__vectab_stack_and_reset_area) refers to entry.o(.ARM.Collect$$$$00000000) for __main
    entry5.o(.ARM.Collect$$$$00000004) refers to init.o(.text) for __scatterload
    entry9a.o(.ARM.Collect$$$$0000000B) refers to main.o(.text) for main
    entry9b.o(.ARM.Collect$$$$0000000C) refers to main.o(.text) for main
    init.o(.text) refers to entry5.o(.ARM.Collect$$$$00000004) for __main_after_scatterload


==============================================================================

Removing Unused input sections from the image.

    Removing startup_stm32f10x_hd.o(HEAP), (0 bytes).
    Removing main.o(.constdata), (8 bytes).
    Removing core_cm3.o(.emb_text), (32 bytes).
    Removing system_stm32f10x.o(.constdata), (20 bytes).

4 unused section(s) (total 60 bytes) removed from the image.

==============================================================================

Image Symbol Table

    Local Symbols

    Symbol Name                              Value     Ov Type        Size  Object(Section)

    ../clib/microlib/init/entry.s            0x00000000   Number         0  entry11b.o ABSOLUTE
    ../clib/microlib/init/entry.s            0x00000000   Number         0  entry11a.o ABSOLUTE
    ../clib/microlib/init/entry.s            0x00000000   Number         0  entry10a.o ABSOLUTE
    ../clib/microlib/init/entry.s            0x00000000   Number         0  entry9b.o ABSOLUTE
    ../clib/microlib/init/entry.s            0x00000000   Number         0  entry9a.o ABSOLUTE
    ../clib/microlib/init/entry.s            0x00000000   Number         0  entry8b.o ABSOLUTE
    ../clib/microlib/init/entry.s            0x00000000   Number         0  entry8a.o ABSOLUTE
    ../clib/microlib/init/entry.s            0x00000000   Number         0  entry10b.o ABSOLUTE
    ../clib/microlib/init/entry.s            0x00000000   Number         0  entry7b.o ABSOLUTE
    ../clib/microlib/init/entry.s            0x00000000   Number         0  entry7a.o ABSOLUTE
    ../clib/microlib/init/entry.s            0x00000000   Number         0  entry5.o ABSOLUTE
    ../clib/microlib/init/entry.s            0x00000000   Number         0  entry2.o ABSOLUTE
    ../clib/microlib/init/entry.s            0x00000000   Number         0  entry.o ABSOLUTE
    ../clib/microlib/string/memcpy.c         0x00000000   Number         0  memcpyb.o ABSOLUTE
    ../clib/microlib/string/memcpy.c         0x00000000   Number         0  memcpya.o ABSOLUTE
    ..\CMSIS\core_cm3.c                      0x00000000   Number         0  core_cm3.o ABSOLUTE
    ..\CMSIS\startup\startup_stm32f10x_hd.s  0x00000000   Number         0  startup_stm32f10x_hd.o ABSOLUTE
    ..\CMSIS\system_stm32f10x.c              0x00000000   Number         0  system_stm32f10x.o ABSOLUTE
    ..\FWlib\src\misc.c                      0x00000000   Number         0  misc.o ABSOLUTE
    ..\FWlib\src\stm32f10x_gpio.c            0x00000000   Number         0  stm32f10x_gpio.o ABSOLUTE
    ..\FWlib\src\stm32f10x_rcc.c             0x00000000   Number         0  stm32f10x_rcc.o ABSOLUTE
    ..\FWlib\src\stm32f10x_tim.c             0x00000000   Number         0  stm32f10x_tim.o ABSOLUTE
    ..\FWlib\src\stm32f10x_usart.c           0x00000000   Number         0  stm32f10x_usart.o ABSOLUTE
    ..\\CMSIS\\core_cm3.c                    0x00000000   Number         0  core_cm3.o ABSOLUTE
    dc.s                                     0x00000000   Number         0  dc.o ABSOLUTE
    handlers.s                               0x00000000   Number         0  handlers.o ABSOLUTE
    init.s                                   0x00000000   Number         0  init.o ABSOLUTE
    led.c                                    0x00000000   Number         0  led.o ABSOLUTE
    main.c                                   0x00000000   Number         0  main.o ABSOLUTE
    stm32f10x_it.c                           0x00000000   Number         0  stm32f10x_it.o ABSOLUTE
    tim3.c                                   0x00000000   Number         0  tim3.o ABSOLUTE
    usart1.c                                 0x00000000   Number         0  usart1.o ABSOLUTE
    RESET                                    0x08000000   Section      304  startup_stm32f10x_hd.o(RESET)
    .ARM.Collect$$$$00000000                 0x08000130   Section        0  entry.o(.ARM.Collect$$$$00000000)
    .ARM.Collect$$$$00000001                 0x08000130   Section        4  entry2.o(.ARM.Collect$$$$00000001)
    .ARM.Collect$$$$00000004                 0x08000134   Section        4  entry5.o(.ARM.Collect$$$$00000004)
    .ARM.Collect$$$$00000008                 0x08000138   Section        0  entry7b.o(.ARM.Collect$$$$00000008)
    .ARM.Collect$$$$0000000A                 0x08000138   Section        0  entry8b.o(.ARM.Collect$$$$0000000A)
    .ARM.Collect$$$$0000000B                 0x08000138   Section        8  entry9a.o(.ARM.Collect$$$$0000000B)
    .ARM.Collect$$$$0000000D                 0x08000140   Section        0  entry10a.o(.ARM.Collect$$$$0000000D)
    .ARM.Collect$$$$0000000F                 0x08000140   Section        0  entry11a.o(.ARM.Collect$$$$0000000F)
    .ARM.Collect$$$$00002712                 0x08000140   Section        4  entry2.o(.ARM.Collect$$$$00002712)
    __lit__00000000                          0x08000140   Data           4  entry2.o(.ARM.Collect$$$$00002712)
    .text                                    0x08000144   Section       48  startup_stm32f10x_hd.o(.text)
    .text                                    0x08000174   Section        0  main.o(.text)
    .text                                    0x08000444   Section        0  stm32f10x_it.o(.text)
    .text                                    0x08000460   Section        0  usart1.o(.text)
    .text                                    0x080005a8   Section        0  led.o(.text)
    .text                                    0x08000624   Section        0  tim3.o(.text)
    .text                                    0x080006f0   Section        0  stm32f10x_gpio.o(.text)
    .text                                    0x08000a20   Section        0  stm32f10x_rcc.o(.text)
    .text                                    0x08000dc0   Section        0  stm32f10x_usart.o(.text)
    .text                                    0x08001130   Section        0  stm32f10x_tim.o(.text)
    TI4_Config                               0x0800144f   Thumb Code    82  stm32f10x_tim.o(.text)
    TI3_Config                               0x080014b3   Thumb Code    72  stm32f10x_tim.o(.text)
    TI2_Config                               0x08001525   Thumb Code    80  stm32f10x_tim.o(.text)
    TI1_Config                               0x08001587   Thumb Code    56  stm32f10x_tim.o(.text)
    .text                                    0x08001cf8   Section        0  misc.o(.text)
    .text                                    0x08001dd4   Section        0  system_stm32f10x.o(.text)
    SetSysClockTo72                          0x08001dd5   Thumb Code   220  system_stm32f10x.o(.text)
    SetSysClock                              0x08001eb1   Thumb Code     8  system_stm32f10x.o(.text)
    .text                                    0x08001f0c   Section        0  memcpya.o(.text)
    .text                                    0x08001f30   Section       36  init.o(.text)
    i.__scatterload_copy                     0x08001f54   Section       14  handlers.o(i.__scatterload_copy)
    i.__scatterload_null                     0x08001f62   Section        2  handlers.o(i.__scatterload_null)
    i.__scatterload_zeroinit                 0x08001f64   Section       14  handlers.o(i.__scatterload_zeroinit)
    .data                                    0x20000000   Section        8  main.o(.data)
    .data                                    0x20000008   Section       20  stm32f10x_rcc.o(.data)
    APBAHBPrescTable                         0x20000008   Data          16  stm32f10x_rcc.o(.data)
    ADCPrescTable                            0x20000018   Data           4  stm32f10x_rcc.o(.data)
    .bss                                     0x2000001c   Section      636  main.o(.bss)
    .bss                                     0x20000298   Section       40  usart1.o(.bss)
    .bss                                     0x200002c0   Section       40  tim3.o(.bss)
    STACK                                    0x200002e8   Section      512  startup_stm32f10x_hd.o(STACK)

    Global Symbols

    Symbol Name                              Value     Ov Type        Size  Object(Section)

    BuildAttributes$$THM_ISAv4$P$D$K$B$S$PE$A:L22UL41UL21$X:L11$S22US41US21$IEEE1$IW$USESV6$~STKCKD$USESV7$~SHL$OSPACE$EBA8$MICROLIB$REQ8$PRES8$EABIv2 0x00000000   Number         0  anon$$obj.o ABSOLUTE
    __ARM_use_no_argv                        0x00000000   Number         0  main.o ABSOLUTE
    __cpp_initialize__aeabi_                  - Undefined Weak Reference
    __cxa_finalize                            - Undefined Weak Reference
    __decompress                              - Undefined Weak Reference
    _clock_init                               - Undefined Weak Reference
    _microlib_exit                            - Undefined Weak Reference
    __Vectors_Size                           0x00000130   Number         0  startup_stm32f10x_hd.o ABSOLUTE
    __Vectors                                0x08000000   Data           4  startup_stm32f10x_hd.o(RESET)
    __Vectors_End                            0x08000130   Data           0  startup_stm32f10x_hd.o(RESET)
    __main                                   0x08000131   Thumb Code     0  entry.o(.ARM.Collect$$$$00000000)
    _main_stk                                0x08000131   Thumb Code     0  entry2.o(.ARM.Collect$$$$00000001)
    _main_scatterload                        0x08000135   Thumb Code     0  entry5.o(.ARM.Collect$$$$00000004)
    __main_after_scatterload                 0x08000139   Thumb Code     0  entry5.o(.ARM.Collect$$$$00000004)
    _main_clock                              0x08000139   Thumb Code     0  entry7b.o(.ARM.Collect$$$$00000008)
    _main_cpp_init                           0x08000139   Thumb Code     0  entry8b.o(.ARM.Collect$$$$0000000A)
    _main_init                               0x08000139   Thumb Code     0  entry9a.o(.ARM.Collect$$$$0000000B)
    __rt_final_cpp                           0x08000141   Thumb Code     0  entry10a.o(.ARM.Collect$$$$0000000D)
    __rt_final_exit                          0x08000141   Thumb Code     0  entry11a.o(.ARM.Collect$$$$0000000F)
    SystemInit_ExtMemCtl                     0x08000145   Thumb Code     2  startup_stm32f10x_hd.o(.text)
    Reset_Handler                            0x08000147   Thumb Code    14  startup_stm32f10x_hd.o(.text)
    ADC1_2_IRQHandler                        0x08000167   Thumb Code     0  startup_stm32f10x_hd.o(.text)
    ADC3_IRQHandler                          0x08000167   Thumb Code     0  startup_stm32f10x_hd.o(.text)
    CAN1_RX1_IRQHandler                      0x08000167   Thumb Code     0  startup_stm32f10x_hd.o(.text)
    CAN1_SCE_IRQHandler                      0x08000167   Thumb Code     0  startup_stm32f10x_hd.o(.text)
    DMA1_Channel1_IRQHandler                 0x08000167   Thumb Code     0  startup_stm32f10x_hd.o(.text)
    DMA1_Channel2_IRQHandler                 0x08000167   Thumb Code     0  startup_stm32f10x_hd.o(.text)
    DMA1_Channel3_IRQHandler                 0x08000167   Thumb Code     0  startup_stm32f10x_hd.o(.text)
    DMA1_Channel4_IRQHandler                 0x08000167   Thumb Code     0  startup_stm32f10x_hd.o(.text)
    DMA1_Channel5_IRQHandler                 0x08000167   Thumb Code     0  startup_stm32f10x_hd.o(.text)
    DMA1_Channel6_IRQHandler                 0x08000167   Thumb Code     0  startup_stm32f10x_hd.o(.text)
    DMA1_Channel7_IRQHandler                 0x08000167   Thumb Code     0  startup_stm32f10x_hd.o(.text)
    DMA2_Channel1_IRQHandler                 0x08000167   Thumb Code     0  startup_stm32f10x_hd.o(.text)
    DMA2_Channel2_IRQHandler                 0x08000167   Thumb Code     0  startup_stm32f10x_hd.o(.text)
    DMA2_Channel3_IRQHandler                 0x08000167   Thumb Code     0  startup_stm32f10x_hd.o(.text)
    DMA2_Channel4_5_IRQHandler               0x08000167   Thumb Code     0  startup_stm32f10x_hd.o(.text)
    EXTI0_IRQHandler                         0x08000167   Thumb Code     0  startup_stm32f10x_hd.o(.text)
    EXTI15_10_IRQHandler                     0x08000167   Thumb Code     0  startup_stm32f10x_hd.o(.text)
    EXTI1_IRQHandler                         0x08000167   Thumb Code     0  startup_stm32f10x_hd.o(.text)
    EXTI2_IRQHandler                         0x08000167   Thumb Code     0  startup_stm32f10x_hd.o(.text)
    EXTI3_IRQHandler                         0x08000167   Thumb Code     0  startup_stm32f10x_hd.o(.text)
    EXTI4_IRQHandler                         0x08000167   Thumb Code     0  startup_stm32f10x_hd.o(.text)
    EXTI9_5_IRQHandler                       0x08000167   Thumb Code     0  startup_stm32f10x_hd.o(.text)
    FLASH_IRQHandler                         0x08000167   Thumb Code     0  startup_stm32f10x_hd.o(.text)
    FSMC_IRQHandler                          0x08000167   Thumb Code     0  startup_stm32f10x_hd.o(.text)
    I2C1_ER_IRQHandler                       0x08000167   Thumb Code     0  startup_stm32f10x_hd.o(.text)
    I2C1_EV_IRQHandler                       0x08000167   Thumb Code     0  startup_stm32f10x_hd.o(.text)
    I2C2_ER_IRQHandler                       0x08000167   Thumb Code     0  startup_stm32f10x_hd.o(.text)
    I2C2_EV_IRQHandler                       0x08000167   Thumb Code     0  startup_stm32f10x_hd.o(.text)
    PVD_IRQHandler                           0x08000167   Thumb Code     0  startup_stm32f10x_hd.o(.text)
    RCC_IRQHandler                           0x08000167   Thumb Code     0  startup_stm32f10x_hd.o(.text)
    RTCAlarm_IRQHandler                      0x08000167   Thumb Code     0  startup_stm32f10x_hd.o(.text)
    RTC_IRQHandler                           0x08000167   Thumb Code     0  startup_stm32f10x_hd.o(.text)
    SDIO_IRQHandler                          0x08000167   Thumb Code     0  startup_stm32f10x_hd.o(.text)
    SPI1_IRQHandler                          0x08000167   Thumb Code     0  startup_stm32f10x_hd.o(.text)
    SPI2_IRQHandler                          0x08000167   Thumb Code     0  startup_stm32f10x_hd.o(.text)
    SPI3_IRQHandler                          0x08000167   Thumb Code     0  startup_stm32f10x_hd.o(.text)
    TAMPER_IRQHandler                        0x08000167   Thumb Code     0  startup_stm32f10x_hd.o(.text)
    TIM1_BRK_IRQHandler                      0x08000167   Thumb Code     0  startup_stm32f10x_hd.o(.text)
    TIM1_CC_IRQHandler                       0x08000167   Thumb Code     0  startup_stm32f10x_hd.o(.text)
    TIM1_TRG_COM_IRQHandler                  0x08000167   Thumb Code     0  startup_stm32f10x_hd.o(.text)
    TIM1_UP_IRQHandler                       0x08000167   Thumb Code     0  startup_stm32f10x_hd.o(.text)
    TIM2_IRQHandler                          0x08000167   Thumb Code     0  startup_stm32f10x_hd.o(.text)
    TIM4_IRQHandler                          0x08000167   Thumb Code     0  startup_stm32f10x_hd.o(.text)
    TIM5_IRQHandler                          0x08000167   Thumb Code     0  startup_stm32f10x_hd.o(.text)
    TIM6_IRQHandler                          0x08000167   Thumb Code     0  startup_stm32f10x_hd.o(.text)
    TIM7_IRQHandler                          0x08000167   Thumb Code     0  startup_stm32f10x_hd.o(.text)
    TIM8_BRK_IRQHandler                      0x08000167   Thumb Code     0  startup_stm32f10x_hd.o(.text)
    TIM8_CC_IRQHandler                       0x08000167   Thumb Code     0  startup_stm32f10x_hd.o(.text)
    TIM8_TRG_COM_IRQHandler                  0x08000167   Thumb Code     0  startup_stm32f10x_hd.o(.text)
    TIM8_UP_IRQHandler                       0x08000167   Thumb Code     0  startup_stm32f10x_hd.o(.text)
    UART4_IRQHandler                         0x08000167   Thumb Code     0  startup_stm32f10x_hd.o(.text)
    UART5_IRQHandler                         0x08000167   Thumb Code     0  startup_stm32f10x_hd.o(.text)
    USART2_IRQHandler                        0x08000167   Thumb Code     0  startup_stm32f10x_hd.o(.text)
    USART3_IRQHandler                        0x08000167   Thumb Code     0  startup_stm32f10x_hd.o(.text)
    USBWakeUp_IRQHandler                     0x08000167   Thumb Code     0  startup_stm32f10x_hd.o(.text)
    USB_HP_CAN1_TX_IRQHandler                0x08000167   Thumb Code     0  startup_stm32f10x_hd.o(.text)
    USB_LP_CAN1_RX0_IRQHandler               0x08000167   Thumb Code     0  startup_stm32f10x_hd.o(.text)
    WWDG_IRQHandler                          0x08000167   Thumb Code     0  startup_stm32f10x_hd.o(.text)
    Led_Auto_Off                             0x08000175   Thumb Code   106  main.o(.text)
    Auto_Off_TIM3_CallBack                   0x080001df   Thumb Code    74  main.o(.text)
    Flash_Led_Config                         0x08000229   Thumb Code    24  main.o(.text)
    linked_add_last                          0x08000241   Thumb Code    30  main.o(.text)
    linked_remove_first                      0x0800025f   Thumb Code    38  main.o(.text)
    linked_list_data_add_char                0x08000285   Thumb Code   130  main.o(.text)
    linked_list_data_read                    0x08000307   Thumb Code    50  main.o(.text)
    usart1_data_init                         0x08000339   Thumb Code    56  main.o(.text)
    _UART1_Received_To_Buffer                0x08000371   Thumb Code    14  main.o(.text)
    _UART1_Read_To_Buffer                    0x0800037f   Thumb Code    14  main.o(.text)
    UART1_Flash_LED_On_Received              0x0800038d   Thumb Code    18  main.o(.text)
    UART1_Received_To_Buffer                 0x0800039f   Thumb Code    12  main.o(.text)
    UART1_Received_Count                     0x080003ab   Thumb Code    12  main.o(.text)
    UART1_Send_Buffer_Data                   0x080003b7   Thumb Code    38  main.o(.text)
    main                                     0x080003dd   Thumb Code    62  main.o(.text)
    NMI_Handler                              0x08000445   Thumb Code     2  stm32f10x_it.o(.text)
    HardFault_Handler                        0x08000447   Thumb Code     4  stm32f10x_it.o(.text)
    MemManage_Handler                        0x0800044b   Thumb Code     4  stm32f10x_it.o(.text)
    BusFault_Handler                         0x0800044f   Thumb Code     4  stm32f10x_it.o(.text)
    UsageFault_Handler                       0x08000453   Thumb Code     4  stm32f10x_it.o(.text)
    SVC_Handler                              0x08000457   Thumb Code     2  stm32f10x_it.o(.text)
    DebugMon_Handler                         0x08000459   Thumb Code     2  stm32f10x_it.o(.text)
    PendSV_Handler                           0x0800045b   Thumb Code     2  stm32f10x_it.o(.text)
    SysTick_Handler                          0x0800045d   Thumb Code     2  stm32f10x_it.o(.text)
    USART1_Config                            0x08000461   Thumb Code   158  usart1.o(.text)
    UART1_Send_Byte                          0x080004ff   Thumb Code    28  usart1.o(.text)
    UART1_Get_Byte                           0x0800051b   Thumb Code    30  usart1.o(.text)
    USART1_IRQHandler                        0x08000539   Thumb Code    54  usart1.o(.text)
    Register_USART1_Callback                 0x0800056f   Thumb Code    44  usart1.o(.text)
    LED_Config                               0x080005a9   Thumb Code    78  led.o(.text)
    LED_On                                   0x080005f7   Thumb Code    16  led.o(.text)
    LED_Off                                  0x08000607   Thumb Code    16  led.o(.text)
    TIM3_Configuration                       0x08000625   Thumb Code   108  tim3.o(.text)
    Register_TIM3_Callback                   0x08000691   Thumb Code    44  tim3.o(.text)
    TIM3_IRQHandler                          0x080006bd   Thumb Code    42  tim3.o(.text)
    GPIO_DeInit                              0x080006f1   Thumb Code   188  stm32f10x_gpio.o(.text)
    GPIO_AFIODeInit                          0x080007ad   Thumb Code    20  stm32f10x_gpio.o(.text)
    GPIO_Init                                0x080007c1   Thumb Code   278  stm32f10x_gpio.o(.text)
    GPIO_StructInit                          0x080008d7   Thumb Code    16  stm32f10x_gpio.o(.text)
    GPIO_ReadInputDataBit                    0x080008e7   Thumb Code    18  stm32f10x_gpio.o(.text)
    GPIO_ReadInputData                       0x080008f9   Thumb Code     8  stm32f10x_gpio.o(.text)
    GPIO_ReadOutputDataBit                   0x08000901   Thumb Code    18  stm32f10x_gpio.o(.text)
    GPIO_ReadOutputData                      0x08000913   Thumb Code     8  stm32f10x_gpio.o(.text)
    GPIO_SetBits                             0x0800091b   Thumb Code     4  stm32f10x_gpio.o(.text)
    GPIO_ResetBits                           0x0800091f   Thumb Code     4  stm32f10x_gpio.o(.text)
    GPIO_WriteBit                            0x08000923   Thumb Code    10  stm32f10x_gpio.o(.text)
    GPIO_Write                               0x0800092d   Thumb Code     4  stm32f10x_gpio.o(.text)
    GPIO_PinLockConfig                       0x08000931   Thumb Code    18  stm32f10x_gpio.o(.text)
    GPIO_EventOutputConfig                   0x08000943   Thumb Code    26  stm32f10x_gpio.o(.text)
    GPIO_EventOutputCmd                      0x0800095d   Thumb Code     6  stm32f10x_gpio.o(.text)
    GPIO_PinRemapConfig                      0x08000963   Thumb Code   106  stm32f10x_gpio.o(.text)
    GPIO_EXTILineConfig                      0x080009cd   Thumb Code    66  stm32f10x_gpio.o(.text)
    RCC_DeInit                               0x08000a21   Thumb Code    62  stm32f10x_rcc.o(.text)
    RCC_HSEConfig                            0x08000a5f   Thumb Code    70  stm32f10x_rcc.o(.text)
    RCC_GetFlagStatus                        0x08000aa5   Thumb Code    56  stm32f10x_rcc.o(.text)
    RCC_WaitForHSEStartUp                    0x08000add   Thumb Code    54  stm32f10x_rcc.o(.text)
    RCC_AdjustHSICalibrationValue            0x08000b13   Thumb Code    20  stm32f10x_rcc.o(.text)
    RCC_HSICmd                               0x08000b27   Thumb Code     6  stm32f10x_rcc.o(.text)
    RCC_PLLConfig                            0x08000b2d   Thumb Code    24  stm32f10x_rcc.o(.text)
    RCC_PLLCmd                               0x08000b45   Thumb Code     6  stm32f10x_rcc.o(.text)
    RCC_SYSCLKConfig                         0x08000b4b   Thumb Code    18  stm32f10x_rcc.o(.text)
    RCC_GetSYSCLKSource                      0x08000b5d   Thumb Code    10  stm32f10x_rcc.o(.text)
    RCC_HCLKConfig                           0x08000b67   Thumb Code    18  stm32f10x_rcc.o(.text)
    RCC_PCLK1Config                          0x08000b79   Thumb Code    18  stm32f10x_rcc.o(.text)
    RCC_PCLK2Config                          0x08000b8b   Thumb Code    20  stm32f10x_rcc.o(.text)
    RCC_ITConfig                             0x08000b9f   Thumb Code    26  stm32f10x_rcc.o(.text)
    RCC_USBCLKConfig                         0x08000bb9   Thumb Code     8  stm32f10x_rcc.o(.text)
    RCC_ADCCLKConfig                         0x08000bc1   Thumb Code    18  stm32f10x_rcc.o(.text)
    RCC_LSEConfig                            0x08000bd3   Thumb Code    50  stm32f10x_rcc.o(.text)
    RCC_LSICmd                               0x08000c05   Thumb Code     6  stm32f10x_rcc.o(.text)
    RCC_RTCCLKConfig                         0x08000c0b   Thumb Code    12  stm32f10x_rcc.o(.text)
    RCC_RTCCLKCmd                            0x08000c17   Thumb Code     8  stm32f10x_rcc.o(.text)
    RCC_GetClocksFreq                        0x08000c1f   Thumb Code   192  stm32f10x_rcc.o(.text)
    RCC_AHBPeriphClockCmd                    0x08000cdf   Thumb Code    26  stm32f10x_rcc.o(.text)
    RCC_APB2PeriphClockCmd                   0x08000cf9   Thumb Code    26  stm32f10x_rcc.o(.text)
    RCC_APB1PeriphClockCmd                   0x08000d13   Thumb Code    26  stm32f10x_rcc.o(.text)
    RCC_APB2PeriphResetCmd                   0x08000d2d   Thumb Code    26  stm32f10x_rcc.o(.text)
    RCC_APB1PeriphResetCmd                   0x08000d47   Thumb Code    26  stm32f10x_rcc.o(.text)
    RCC_BackupResetCmd                       0x08000d61   Thumb Code     8  stm32f10x_rcc.o(.text)
    RCC_ClockSecuritySystemCmd               0x08000d69   Thumb Code     6  stm32f10x_rcc.o(.text)
    RCC_MCOConfig                            0x08000d6f   Thumb Code     6  stm32f10x_rcc.o(.text)
    RCC_ClearFlag                            0x08000d75   Thumb Code    14  stm32f10x_rcc.o(.text)
    RCC_GetITStatus                          0x08000d83   Thumb Code    20  stm32f10x_rcc.o(.text)
    RCC_ClearITPendingBit                    0x08000d97   Thumb Code     6  stm32f10x_rcc.o(.text)
    USART_DeInit                             0x08000dc1   Thumb Code   146  stm32f10x_usart.o(.text)
    USART_Init                               0x08000e53   Thumb Code   150  stm32f10x_usart.o(.text)
    USART_StructInit                         0x08000ee9   Thumb Code    24  stm32f10x_usart.o(.text)
    USART_ClockInit                          0x08000f01   Thumb Code    34  stm32f10x_usart.o(.text)
    USART_ClockStructInit                    0x08000f23   Thumb Code    12  stm32f10x_usart.o(.text)
    USART_Cmd                                0x08000f2f   Thumb Code    24  stm32f10x_usart.o(.text)
    USART_ITConfig                           0x08000f47   Thumb Code    64  stm32f10x_usart.o(.text)
    USART_DMACmd                             0x08000f87   Thumb Code    18  stm32f10x_usart.o(.text)
    USART_SetAddress                         0x08000f99   Thumb Code    18  stm32f10x_usart.o(.text)
    USART_WakeUpConfig                       0x08000fab   Thumb Code    18  stm32f10x_usart.o(.text)
    USART_ReceiverWakeUpCmd                  0x08000fbd   Thumb Code    24  stm32f10x_usart.o(.text)
    USART_LINBreakDetectLengthConfig         0x08000fd5   Thumb Code    18  stm32f10x_usart.o(.text)
    USART_LINCmd                             0x08000fe7   Thumb Code    24  stm32f10x_usart.o(.text)
    USART_SendData                           0x08000fff   Thumb Code     8  stm32f10x_usart.o(.text)
    USART_ReceiveData                        0x08001007   Thumb Code    10  stm32f10x_usart.o(.text)
    USART_SendBreak                          0x08001011   Thumb Code    10  stm32f10x_usart.o(.text)
    USART_SetGuardTime                       0x0800101b   Thumb Code    16  stm32f10x_usart.o(.text)
    USART_SetPrescaler                       0x0800102b   Thumb Code    16  stm32f10x_usart.o(.text)
    USART_SmartCardCmd                       0x0800103b   Thumb Code    24  stm32f10x_usart.o(.text)
    USART_SmartCardNACKCmd                   0x08001053   Thumb Code    24  stm32f10x_usart.o(.text)
    USART_HalfDuplexCmd                      0x0800106b   Thumb Code    24  stm32f10x_usart.o(.text)
    USART_IrDAConfig                         0x08001083   Thumb Code    18  stm32f10x_usart.o(.text)
    USART_IrDACmd                            0x08001095   Thumb Code    24  stm32f10x_usart.o(.text)
    USART_GetFlagStatus                      0x080010ad   Thumb Code    18  stm32f10x_usart.o(.text)
    USART_ClearFlag                          0x080010bf   Thumb Code     6  stm32f10x_usart.o(.text)
    USART_GetITStatus                        0x080010c5   Thumb Code    76  stm32f10x_usart.o(.text)
    USART_ClearITPendingBit                  0x08001111   Thumb Code    20  stm32f10x_usart.o(.text)
    TIM_DeInit                               0x08001131   Thumb Code   214  stm32f10x_tim.o(.text)
    TIM_TimeBaseInit                         0x08001207   Thumb Code    50  stm32f10x_tim.o(.text)
    TIM_OC1Init                              0x08001239   Thumb Code   110  stm32f10x_tim.o(.text)
    TIM_OC2Init                              0x080012a7   Thumb Code   148  stm32f10x_tim.o(.text)
    TIM_OC3Init                              0x0800133b   Thumb Code   144  stm32f10x_tim.o(.text)
    TIM_OC4Init                              0x080013cb   Thumb Code   106  stm32f10x_tim.o(.text)
    TIM_SetIC4Prescaler                      0x08001435   Thumb Code    26  stm32f10x_tim.o(.text)
    TIM_SetIC3Prescaler                      0x080014a1   Thumb Code    18  stm32f10x_tim.o(.text)
    TIM_SetIC2Prescaler                      0x080014fb   Thumb Code    42  stm32f10x_tim.o(.text)
    TIM_SetIC1Prescaler                      0x08001575   Thumb Code    18  stm32f10x_tim.o(.text)
    TIM_ICInit                               0x080015bf   Thumb Code   110  stm32f10x_tim.o(.text)
    TIM_PWMIConfig                           0x0800162d   Thumb Code   124  stm32f10x_tim.o(.text)
    TIM_BDTRConfig                           0x080016a9   Thumb Code    32  stm32f10x_tim.o(.text)
    TIM_TimeBaseStructInit                   0x080016c9   Thumb Code    18  stm32f10x_tim.o(.text)
    TIM_OCStructInit                         0x080016db   Thumb Code    20  stm32f10x_tim.o(.text)
    TIM_ICStructInit                         0x080016ef   Thumb Code    18  stm32f10x_tim.o(.text)
    TIM_BDTRStructInit                       0x08001701   Thumb Code    18  stm32f10x_tim.o(.text)
    TIM_Cmd                                  0x08001713   Thumb Code    24  stm32f10x_tim.o(.text)
    TIM_CtrlPWMOutputs                       0x0800172b   Thumb Code    30  stm32f10x_tim.o(.text)
    TIM_ITConfig                             0x08001749   Thumb Code    18  stm32f10x_tim.o(.text)
    TIM_GenerateEvent                        0x0800175b   Thumb Code     4  stm32f10x_tim.o(.text)
    TIM_DMAConfig                            0x0800175f   Thumb Code    10  stm32f10x_tim.o(.text)
    TIM_DMACmd                               0x08001769   Thumb Code    18  stm32f10x_tim.o(.text)
    TIM_InternalClockConfig                  0x0800177b   Thumb Code    12  stm32f10x_tim.o(.text)
    TIM_SelectInputTrigger                   0x08001787   Thumb Code    18  stm32f10x_tim.o(.text)
    TIM_ITRxExternalClockConfig              0x08001799   Thumb Code    24  stm32f10x_tim.o(.text)
    TIM_TIxExternalClockConfig               0x080017b1   Thumb Code    62  stm32f10x_tim.o(.text)
    TIM_ETRConfig                            0x080017ef   Thumb Code    30  stm32f10x_tim.o(.text)
    TIM_ETRClockMode1Config                  0x0800180d   Thumb Code    54  stm32f10x_tim.o(.text)
    TIM_ETRClockMode2Config                  0x08001843   Thumb Code    32  stm32f10x_tim.o(.text)
    TIM_PrescalerConfig                      0x08001863   Thumb Code     6  stm32f10x_tim.o(.text)
    TIM_CounterModeConfig                    0x08001869   Thumb Code    18  stm32f10x_tim.o(.text)
    TIM_EncoderInterfaceConfig               0x0800187b   Thumb Code    66  stm32f10x_tim.o(.text)
    TIM_ForcedOC1Config                      0x080018bd   Thumb Code    18  stm32f10x_tim.o(.text)
    TIM_ForcedOC2Config                      0x080018cf   Thumb Code    26  stm32f10x_tim.o(.text)
    TIM_ForcedOC3Config                      0x080018e9   Thumb Code    18  stm32f10x_tim.o(.text)
    TIM_ForcedOC4Config                      0x080018fb   Thumb Code    26  stm32f10x_tim.o(.text)
    TIM_ARRPreloadConfig                     0x08001915   Thumb Code    24  stm32f10x_tim.o(.text)
    TIM_SelectCOM                            0x0800192d   Thumb Code    24  stm32f10x_tim.o(.text)
    TIM_SelectCCDMA                          0x08001945   Thumb Code    24  stm32f10x_tim.o(.text)
    TIM_CCPreloadControl                     0x0800195d   Thumb Code    24  stm32f10x_tim.o(.text)
    TIM_OC1PreloadConfig                     0x08001975   Thumb Code    18  stm32f10x_tim.o(.text)
    TIM_OC2PreloadConfig                     0x08001987   Thumb Code    26  stm32f10x_tim.o(.text)
    TIM_OC3PreloadConfig                     0x080019a1   Thumb Code    18  stm32f10x_tim.o(.text)
    TIM_OC4PreloadConfig                     0x080019b3   Thumb Code    26  stm32f10x_tim.o(.text)
    TIM_OC1FastConfig                        0x080019cd   Thumb Code    18  stm32f10x_tim.o(.text)
    TIM_OC2FastConfig                        0x080019df   Thumb Code    26  stm32f10x_tim.o(.text)
    TIM_OC3FastConfig                        0x080019f9   Thumb Code    18  stm32f10x_tim.o(.text)
    TIM_OC4FastConfig                        0x08001a0b   Thumb Code    26  stm32f10x_tim.o(.text)
    TIM_ClearOC1Ref                          0x08001a25   Thumb Code    18  stm32f10x_tim.o(.text)
    TIM_ClearOC2Ref                          0x08001a37   Thumb Code    24  stm32f10x_tim.o(.text)
    TIM_ClearOC3Ref                          0x08001a4f   Thumb Code    18  stm32f10x_tim.o(.text)
    TIM_ClearOC4Ref                          0x08001a61   Thumb Code    24  stm32f10x_tim.o(.text)
    TIM_OC1PolarityConfig                    0x08001a79   Thumb Code    18  stm32f10x_tim.o(.text)
    TIM_OC1NPolarityConfig                   0x08001a8b   Thumb Code    18  stm32f10x_tim.o(.text)
    TIM_OC2PolarityConfig                    0x08001a9d   Thumb Code    26  stm32f10x_tim.o(.text)
    TIM_OC2NPolarityConfig                   0x08001ab7   Thumb Code    26  stm32f10x_tim.o(.text)
    TIM_OC3PolarityConfig                    0x08001ad1   Thumb Code    26  stm32f10x_tim.o(.text)
    TIM_OC3NPolarityConfig                   0x08001aeb   Thumb Code    26  stm32f10x_tim.o(.text)
    TIM_OC4PolarityConfig                    0x08001b05   Thumb Code    26  stm32f10x_tim.o(.text)
    TIM_CCxCmd                               0x08001b1f   Thumb Code    26  stm32f10x_tim.o(.text)
    TIM_CCxNCmd                              0x08001b39   Thumb Code    26  stm32f10x_tim.o(.text)
    TIM_SelectOCxM                           0x08001b53   Thumb Code   134  stm32f10x_tim.o(.text)
    TIM_UpdateDisableConfig                  0x08001bd9   Thumb Code    24  stm32f10x_tim.o(.text)
    TIM_UpdateRequestConfig                  0x08001bf1   Thumb Code    24  stm32f10x_tim.o(.text)
    TIM_SelectHallSensor                     0x08001c09   Thumb Code    24  stm32f10x_tim.o(.text)
    TIM_SelectOnePulseMode                   0x08001c21   Thumb Code    18  stm32f10x_tim.o(.text)
    TIM_SelectOutputTrigger                  0x08001c33   Thumb Code    18  stm32f10x_tim.o(.text)
    TIM_SelectSlaveMode                      0x08001c45   Thumb Code    18  stm32f10x_tim.o(.text)
    TIM_SelectMasterSlaveMode                0x08001c57   Thumb Code    18  stm32f10x_tim.o(.text)
    TIM_SetCounter                           0x08001c69   Thumb Code     4  stm32f10x_tim.o(.text)
    TIM_SetAutoreload                        0x08001c6d   Thumb Code     4  stm32f10x_tim.o(.text)
    TIM_SetCompare1                          0x08001c71   Thumb Code     4  stm32f10x_tim.o(.text)
    TIM_SetCompare2                          0x08001c75   Thumb Code     4  stm32f10x_tim.o(.text)
    TIM_SetCompare3                          0x08001c79   Thumb Code     4  stm32f10x_tim.o(.text)
    TIM_SetCompare4                          0x08001c7d   Thumb Code     6  stm32f10x_tim.o(.text)
    TIM_SetClockDivision                     0x08001c83   Thumb Code    14  stm32f10x_tim.o(.text)
    TIM_GetCapture1                          0x08001c91   Thumb Code     6  stm32f10x_tim.o(.text)
    TIM_GetCapture2                          0x08001c97   Thumb Code     6  stm32f10x_tim.o(.text)
    TIM_GetCapture3                          0x08001c9d   Thumb Code     6  stm32f10x_tim.o(.text)
    TIM_GetCapture4                          0x08001ca3   Thumb Code     8  stm32f10x_tim.o(.text)
    TIM_GetCounter                           0x08001cab   Thumb Code     6  stm32f10x_tim.o(.text)
    TIM_GetPrescaler                         0x08001cb1   Thumb Code     6  stm32f10x_tim.o(.text)
    TIM_GetFlagStatus                        0x08001cb7   Thumb Code    18  stm32f10x_tim.o(.text)
    TIM_ClearFlag                            0x08001cc9   Thumb Code     6  stm32f10x_tim.o(.text)
    TIM_GetITStatus                          0x08001ccf   Thumb Code    34  stm32f10x_tim.o(.text)
    TIM_ClearITPendingBit                    0x08001cf1   Thumb Code     6  stm32f10x_tim.o(.text)
    NVIC_PriorityGroupConfig                 0x08001cf9   Thumb Code    10  misc.o(.text)
    NVIC_Init                                0x08001d03   Thumb Code   100  misc.o(.text)
    NVIC_SetVectorTable                      0x08001d67   Thumb Code    14  misc.o(.text)
    NVIC_SystemLPConfig                      0x08001d75   Thumb Code    34  misc.o(.text)
    SysTick_CLKSourceConfig                  0x08001d97   Thumb Code    40  misc.o(.text)
    SystemInit                               0x08001eb9   Thumb Code    68  system_stm32f10x.o(.text)
    __aeabi_memcpy                           0x08001f0d   Thumb Code    36  memcpya.o(.text)
    __aeabi_memcpy4                          0x08001f0d   Thumb Code     0  memcpya.o(.text)
    __aeabi_memcpy8                          0x08001f0d   Thumb Code     0  memcpya.o(.text)
    __scatterload                            0x08001f31   Thumb Code    28  init.o(.text)
    __scatterload_rt2                        0x08001f31   Thumb Code     0  init.o(.text)
    __scatterload_copy                       0x08001f55   Thumb Code    14  handlers.o(i.__scatterload_copy)
    __scatterload_null                       0x08001f63   Thumb Code     2  handlers.o(i.__scatterload_null)
    __scatterload_zeroinit                   0x08001f65   Thumb Code    14  handlers.o(i.__scatterload_zeroinit)
    Region$$Table$$Base                      0x08001f74   Number         0  anon$$obj.o(Region$$Table)
    Region$$Table$$Limit                     0x08001f94   Number         0  anon$$obj.o(Region$$Table)
    usart1_data_eof                          0x20000000   Data           1  main.o(.data)
    UART1_LED_GPIO_Pin                       0x20000002   Data           2  main.o(.data)
    uart1_received_count                     0x20000004   Data           4  main.o(.data)
    _m_Flash_LED_GPIO_Pin                    0x2000001c   Data          20  main.o(.bss)
    _m_Flash_LED_GPIOx                       0x20000030   Data          40  main.o(.bss)
    _m_Flash_LED_Delay                       0x20000058   Data          40  main.o(.bss)
    usart1_data                              0x20000080   Data          24  main.o(.bss)
    usart1_data_nodes                        0x20000098   Data         256  main.o(.bss)
    usart1_data_node_chars                   0x20000198   Data         256  main.o(.bss)
    _m_usart1_irqhandler_ptr                 0x20000298   Data          40  usart1.o(.bss)
    _m_tim3_irqhandler_ptr                   0x200002c0   Data          40  tim3.o(.bss)
    __initial_sp                             0x200004e8   Data           0  startup_stm32f10x_hd.o(STACK)



==============================================================================

Memory Map of the image

  Image Entry point : 0x08000147

  Load Region LR_1 (Base: 0x08000000, Size: 0x00001fb0, Max: 0xffffffff, ABSOLUTE)

    Execution Region ER_RO (Base: 0x08000000, Size: 0x00001f94, Max: 0xffffffff, ABSOLUTE)

    Base Addr    Size         Type   Attr      Idx    E Section Name        Object

    0x08000000   0x00000130   Data   RO            3    RESET               startup_stm32f10x_hd.o
    0x08000130   0x00000000   Code   RO          244  * .ARM.Collect$$$$00000000  mc_w.l(entry.o)
    0x08000130   0x00000004   Code   RO          251    .ARM.Collect$$$$00000001  mc_w.l(entry2.o)
    0x08000134   0x00000004   Code   RO          254    .ARM.Collect$$$$00000004  mc_w.l(entry5.o)
    0x08000138   0x00000000   Code   RO          256    .ARM.Collect$$$$00000008  mc_w.l(entry7b.o)
    0x08000138   0x00000000   Code   RO          258    .ARM.Collect$$$$0000000A  mc_w.l(entry8b.o)
    0x08000138   0x00000008   Code   RO          259    .ARM.Collect$$$$0000000B  mc_w.l(entry9a.o)
    0x08000140   0x00000000   Code   RO          261    .ARM.Collect$$$$0000000D  mc_w.l(entry10a.o)
    0x08000140   0x00000000   Code   RO          263    .ARM.Collect$$$$0000000F  mc_w.l(entry11a.o)
    0x08000140   0x00000004   Code   RO          252    .ARM.Collect$$$$00002712  mc_w.l(entry2.o)
    0x08000144   0x00000030   Code   RO            4  * .text               startup_stm32f10x_hd.o
    0x08000174   0x000002d0   Code   RO           10    .text               main.o
    0x08000444   0x0000001a   Code   RO           90    .text               stm32f10x_it.o
    0x0800045e   0x00000002   PAD
    0x08000460   0x00000148   Code   RO          105    .text               usart1.o
    0x080005a8   0x0000007c   Code   RO          120    .text               led.o
    0x08000624   0x000000cc   Code   RO          139    .text               tim3.o
    0x080006f0   0x00000330   Code   RO          154    .text               stm32f10x_gpio.o
    0x08000a20   0x000003a0   Code   RO          166    .text               stm32f10x_rcc.o
    0x08000dc0   0x00000370   Code   RO          180    .text               stm32f10x_usart.o
    0x08001130   0x00000bc6   Code   RO          192    .text               stm32f10x_tim.o
    0x08001cf6   0x00000002   PAD
    0x08001cf8   0x000000dc   Code   RO          204    .text               misc.o
    0x08001dd4   0x00000138   Code   RO          226    .text               system_stm32f10x.o
    0x08001f0c   0x00000024   Code   RO          247    .text               mc_w.l(memcpya.o)
    0x08001f30   0x00000024   Code   RO          265    .text               mc_w.l(init.o)
    0x08001f54   0x0000000e   Code   RO          269    i.__scatterload_copy  mc_w.l(handlers.o)
    0x08001f62   0x00000002   Code   RO          270    i.__scatterload_null  mc_w.l(handlers.o)
    0x08001f64   0x0000000e   Code   RO          271    i.__scatterload_zeroinit  mc_w.l(handlers.o)
    0x08001f72   0x00000002   PAD
    0x08001f74   0x00000020   Data   RO          267    Region$$Table       anon$$obj.o


    Execution Region ER_RW (Base: 0x20000000, Size: 0x0000001c, Max: 0xffffffff, ABSOLUTE)

    Base Addr    Size         Type   Attr      Idx    E Section Name        Object

    0x20000000   0x00000008   Data   RW           13    .data               main.o
    0x20000008   0x00000014   Data   RW          167    .data               stm32f10x_rcc.o


    Execution Region ER_ZI (Base: 0x2000001c, Size: 0x000004cc, Max: 0xffffffff, ABSOLUTE)

    Base Addr    Size         Type   Attr      Idx    E Section Name        Object

    0x2000001c   0x0000027c   Zero   RW           11    .bss                main.o
    0x20000298   0x00000028   Zero   RW          106    .bss                usart1.o
    0x200002c0   0x00000028   Zero   RW          140    .bss                tim3.o
    0x200002e8   0x00000200   Zero   RW            1    STACK               startup_stm32f10x_hd.o


==============================================================================

Image component sizes


      Code (inc. data)   RO Data    RW Data    ZI Data      Debug   Object Name

       124         14          0          0          0       1232   led.o
       720         42          0          8        636     255508   main.o
       220         22          0          0          0       1689   misc.o
        48         12        304          0        512        864   startup_stm32f10x_hd.o
       816         18          0          0          0       5147   stm32f10x_gpio.o
        26          0          0          0          0       1158   stm32f10x_it.o
       928         36          0         20          0       8760   stm32f10x_rcc.o
      3014         16          0          0          0      24468   stm32f10x_tim.o
       880         12          0          0          0       7779   stm32f10x_usart.o
       312         16          0          0          0       1121   system_stm32f10x.o
       204         10          0          0         40       1413   tim3.o
       328         14          0          0         40       2021   usart1.o

    ----------------------------------------------------------------------
      7624        212        336         28       1228     311160   Object Totals
         0          0         32          0          0          0   (incl. Generated)
         4          0          0          0          0          0   (incl. Padding)

    ----------------------------------------------------------------------

      Code (inc. data)   RO Data    RW Data    ZI Data      Debug   Library Member Name

         0          0          0          0          0          0   entry.o
         0          0          0          0          0          0   entry10a.o
         0          0          0          0          0          0   entry11a.o
         8          4          0          0          0          0   entry2.o
         4          0          0          0          0          0   entry5.o
         0          0          0          0          0          0   entry7b.o
         0          0          0          0          0          0   entry8b.o
         8          4          0          0          0          0   entry9a.o
        30          0          0          0          0          0   handlers.o
        36          8          0          0          0         68   init.o
        36          0          0          0          0         68   memcpya.o

    ----------------------------------------------------------------------
       124         16          0          0          0        136   Library Totals
         2          0          0          0          0          0   (incl. Padding)

    ----------------------------------------------------------------------

      Code (inc. data)   RO Data    RW Data    ZI Data      Debug   Library Name

       122         16          0          0          0        136   mc_w.l

    ----------------------------------------------------------------------
       124         16          0          0          0        136   Library Totals

    ----------------------------------------------------------------------

==============================================================================


      Code (inc. data)   RO Data    RW Data    ZI Data      Debug   

      7748        228        336         28       1228     310460   Grand Totals
      7748        228        336         28       1228     310460   ELF Image Totals
      7748        228        336         28          0          0   ROM Totals

==============================================================================

    Total RO  Size (Code + RO Data)                 8084 (   7.89kB)
    Total RW  Size (RW Data + ZI Data)              1256 (   1.23kB)
    Total ROM Size (Code + RO Data + RW Data)       8112 (   7.92kB)

==============================================================================

