Component: ARM Compiler 5.06 update 4 (build 422) Tool: armlink [4d35d2]

==============================================================================

Section Cross References

    startup_stm32f10x_hd.o(RESET) refers to startup_stm32f10x_hd.o(.text) for Reset_Handler
    startup_stm32f10x_hd.o(RESET) refers to stm32f10x_it.o(.text) for NMI_Handler
    startup_stm32f10x_hd.o(RESET) refers to timx.o(.text) for TIM2_IRQHandler
    startup_stm32f10x_hd.o(RESET) refers to usart.o(.text) for USART1_IRQHandler
    startup_stm32f10x_hd.o(.text) refers to startup_stm32f10x_hd.o(STACK) for __initial_sp
    startup_stm32f10x_hd.o(.text) refers to entry.o(.ARM.Collect$$$$00000000) for __main
    main.o(.text) refers to system_stm32f10x.o(.text) for SystemInit
    main.o(.text) refers to usart1_test.o(.text) for usart1_test
    timx.o(.text) refers to stm32f10x_rcc.o(.text) for RCC_APB1PeriphClockCmd
    timx.o(.text) refers to stm32f10x_tim.o(.text) for TIM_ClearITPendingBit
    timx.o(.text) refers to misc.o(.text) for NVIC_PriorityGroupConfig
    timx.o(.text) refers to timx.o(.bss) for _m_TIM2_IRQHandler_Ptr
    gpio.o(.text) refers to stm32f10x_rcc.o(.text) for RCC_APB2PeriphClockCmd
    gpio.o(.text) refers to stm32f10x_gpio.o(.text) for GPIO_Init
    gpio.o(.text) refers to gpio.o(.data) for _m_GPIOx_Enable
    flash_led.o(.text) refers to stm32f10x_gpio.o(.text) for GPIO_ResetBits
    flash_led.o(.text) refers to timx.o(.text) for Register_TIMx_Callback
    flash_led.o(.text) refers to gpio.o(.text) for Out_PP_GPIO_Config
    flash_led.o(.text) refers to flash_led.o(.bss) for _m_Flash_LED_GPIO_Pin
    linked_list_data.o(.text) refers to linked_list.o(.text) for Linked_Remove_First
    linked_list_data.o(.text) refers to memcpya.o(.text) for __aeabi_memcpy
    pwm.o(.text) refers to stm32f10x_rcc.o(.text) for RCC_APB1PeriphClockCmd
    pwm.o(.text) refers to stm32f10x_gpio.o(.text) for GPIO_Init
    pwm.o(.text) refers to stm32f10x_tim.o(.text) for TIM_TimeBaseInit
    pwm_led.o(.text) refers to pwm.o(.text) for PWM_Mode_Config
    pwm_led.o(.text) refers to pwm_led.o(.data) for _m_PWM_LED_TIMx
    usart1_test.o(.text) refers to usart_data.o(.text) for USART_Received_To_Buffer
    usart1_test.o(.text) refers to usart.o(.text) for USART_Send_Byte
    usart1_test.o(.text) refers to flash_led.o(.text) for Led_Auto_Off
    usart1_test.o(.text) refers to timx.o(.text) for TIMx_With_NVIC_Config
    usart1_test.o(.text) refers to usart1_test.o(.bss) for _m_USART1_Data
    usart1_test.o(.text) refers to usart1_test.o(.data) for _m_USART1_Prompt_Counter
    i2c_eeprom.o(.text) refers to i2c.o(.text) for I2Cx_Wait
    i2c_eeprom.o(.text) refers to i2c_eeprom.o(.data) for _m_I2C_EE_Error_Code
    i2c.o(.text) refers to stm32f10x_rcc.o(.text) for RCC_APB2PeriphClockCmd
    i2c.o(.text) refers to stm32f10x_gpio.o(.text) for GPIO_Init
    i2c.o(.text) refers to stm32f10x_i2c.o(.text) for I2C_DeInit
    usart_data.o(.text) refers to linked_list.o(.text) for Linked_Add_Last
    usart_data.o(.text) refers to linked_list_data.o(.text) for Linked_List_Data_Add_Char
    usart.o(.text) refers to misc.o(.text) for NVIC_PriorityGroupConfig
    usart.o(.text) refers to stm32f10x_rcc.o(.text) for RCC_APB2PeriphClockCmd
    usart.o(.text) refers to gpio.o(.text) for GPIO_Config
    usart.o(.text) refers to stm32f10x_usart.o(.text) for USART_Init
    usart.o(.text) refers to usart.o(.bss) for _m_USART1_IRQHandler_Ptr
    i2c_eeprom_test.o(.text) refers to usart_data.o(.text) for USART_Read_From_Buffer
    i2c_eeprom_test.o(.text) refers to i2c_eeprom.o(.text) for I2Cx_EE_ReadByte
    i2c_eeprom_test.o(.text) refers to usart.o(.text) for USART_Send_Byte
    i2c_eeprom_test.o(.text) refers to timx.o(.text) for TIMx_With_NVIC_Config
    i2c_eeprom_test.o(.text) refers to i2c.o(.text) for I2C1_Conf_Init
    i2c_eeprom_test.o(.text) refers to i2c_eeprom_test.o(.bss) for _m_I2C_EE_USART1_Data
    i2c_eeprom_test.o(.text) refers to i2c_eeprom_test.o(.data) for _m_Read_EE_Chip_Address
    stm32f10x_gpio.o(.text) refers to stm32f10x_rcc.o(.text) for RCC_APB2PeriphResetCmd
    stm32f10x_rcc.o(.text) refers to stm32f10x_rcc.o(.data) for APBAHBPrescTable
    stm32f10x_usart.o(.text) refers to stm32f10x_rcc.o(.text) for RCC_APB2PeriphResetCmd
    stm32f10x_tim.o(.text) refers to stm32f10x_rcc.o(.text) for RCC_APB2PeriphResetCmd
    stm32f10x_i2c.o(.text) refers to stm32f10x_rcc.o(.text) for RCC_APB1PeriphResetCmd
    entry.o(.ARM.Collect$$$$00000000) refers (Special) to entry10a.o(.ARM.Collect$$$$0000000D) for __rt_final_cpp
    entry.o(.ARM.Collect$$$$00000000) refers (Special) to entry11a.o(.ARM.Collect$$$$0000000F) for __rt_final_exit
    entry.o(.ARM.Collect$$$$00000000) refers (Special) to entry7b.o(.ARM.Collect$$$$00000008) for _main_clock
    entry.o(.ARM.Collect$$$$00000000) refers (Special) to entry8b.o(.ARM.Collect$$$$0000000A) for _main_cpp_init
    entry.o(.ARM.Collect$$$$00000000) refers (Special) to entry9a.o(.ARM.Collect$$$$0000000B) for _main_init
    entry.o(.ARM.Collect$$$$00000000) refers (Special) to entry5.o(.ARM.Collect$$$$00000004) for _main_scatterload
    entry.o(.ARM.Collect$$$$00000000) refers (Special) to entry2.o(.ARM.Collect$$$$00000001) for _main_stk
    entry2.o(.ARM.Collect$$$$00000001) refers to entry2.o(.ARM.Collect$$$$00002712) for __lit__00000000
    entry2.o(.ARM.Collect$$$$00002712) refers to startup_stm32f10x_hd.o(STACK) for __initial_sp
    entry2.o(__vectab_stack_and_reset_area) refers to startup_stm32f10x_hd.o(STACK) for __initial_sp
    entry2.o(__vectab_stack_and_reset_area) refers to entry.o(.ARM.Collect$$$$00000000) for __main
    entry5.o(.ARM.Collect$$$$00000004) refers to init.o(.text) for __scatterload
    entry9a.o(.ARM.Collect$$$$0000000B) refers to main.o(.text) for main
    entry9b.o(.ARM.Collect$$$$0000000C) refers to main.o(.text) for main
    init.o(.text) refers to entry5.o(.ARM.Collect$$$$00000004) for __main_after_scatterload


==============================================================================

Removing Unused input sections from the image.

    Removing startup_stm32f10x_hd.o(HEAP), (0 bytes).
    Removing pwm.o(.text), (344 bytes).
    Removing pwm_led.o(.text), (124 bytes).
    Removing pwm_led.o(.data), (10 bytes).
    Removing i2c_eeprom.o(.text), (372 bytes).
    Removing i2c_eeprom.o(.data), (1 bytes).
    Removing i2c.o(.text), (808 bytes).
    Removing i2c_eeprom_test.o(.text), (460 bytes).
    Removing i2c_eeprom_test.o(.bss), (132 bytes).
    Removing i2c_eeprom_test.o(.data), (30 bytes).
    Removing stm32f10x_i2c.o(.text), (996 bytes).
    Removing core_cm3.o(.emb_text), (32 bytes).
    Removing system_stm32f10x.o(.constdata), (20 bytes).

13 unused section(s) (total 3329 bytes) removed from the image.

==============================================================================

Image Symbol Table

    Local Symbols

    Symbol Name                              Value     Ov Type        Size  Object(Section)

    ../clib/microlib/init/entry.s            0x00000000   Number         0  entry8b.o ABSOLUTE
    ../clib/microlib/init/entry.s            0x00000000   Number         0  entry8a.o ABSOLUTE
    ../clib/microlib/init/entry.s            0x00000000   Number         0  entry7b.o ABSOLUTE
    ../clib/microlib/init/entry.s            0x00000000   Number         0  entry7a.o ABSOLUTE
    ../clib/microlib/init/entry.s            0x00000000   Number         0  entry5.o ABSOLUTE
    ../clib/microlib/init/entry.s            0x00000000   Number         0  entry2.o ABSOLUTE
    ../clib/microlib/init/entry.s            0x00000000   Number         0  entry10a.o ABSOLUTE
    ../clib/microlib/init/entry.s            0x00000000   Number         0  entry.o ABSOLUTE
    ../clib/microlib/init/entry.s            0x00000000   Number         0  entry11b.o ABSOLUTE
    ../clib/microlib/init/entry.s            0x00000000   Number         0  entry11a.o ABSOLUTE
    ../clib/microlib/init/entry.s            0x00000000   Number         0  entry10b.o ABSOLUTE
    ../clib/microlib/init/entry.s            0x00000000   Number         0  entry9b.o ABSOLUTE
    ../clib/microlib/init/entry.s            0x00000000   Number         0  entry9a.o ABSOLUTE
    ../clib/microlib/string/memcpy.c         0x00000000   Number         0  memcpyb.o ABSOLUTE
    ../clib/microlib/string/memcpy.c         0x00000000   Number         0  memcpya.o ABSOLUTE
    ..\CMSIS\core_cm3.c                      0x00000000   Number         0  core_cm3.o ABSOLUTE
    ..\CMSIS\startup\startup_stm32f10x_hd.s  0x00000000   Number         0  startup_stm32f10x_hd.o ABSOLUTE
    ..\CMSIS\system_stm32f10x.c              0x00000000   Number         0  system_stm32f10x.o ABSOLUTE
    ..\FWlib\src\misc.c                      0x00000000   Number         0  misc.o ABSOLUTE
    ..\FWlib\src\stm32f10x_gpio.c            0x00000000   Number         0  stm32f10x_gpio.o ABSOLUTE
    ..\FWlib\src\stm32f10x_i2c.c             0x00000000   Number         0  stm32f10x_i2c.o ABSOLUTE
    ..\FWlib\src\stm32f10x_rcc.c             0x00000000   Number         0  stm32f10x_rcc.o ABSOLUTE
    ..\FWlib\src\stm32f10x_tim.c             0x00000000   Number         0  stm32f10x_tim.o ABSOLUTE
    ..\FWlib\src\stm32f10x_usart.c           0x00000000   Number         0  stm32f10x_usart.o ABSOLUTE
    ..\\CMSIS\\core_cm3.c                    0x00000000   Number         0  core_cm3.o ABSOLUTE
    dc.s                                     0x00000000   Number         0  dc.o ABSOLUTE
    flash_led.c                              0x00000000   Number         0  flash_led.o ABSOLUTE
    gpio.c                                   0x00000000   Number         0  gpio.o ABSOLUTE
    handlers.s                               0x00000000   Number         0  handlers.o ABSOLUTE
    i2c.c                                    0x00000000   Number         0  i2c.o ABSOLUTE
    i2c_eeprom.c                             0x00000000   Number         0  i2c_eeprom.o ABSOLUTE
    i2c_eeprom_test.c                        0x00000000   Number         0  i2c_eeprom_test.o ABSOLUTE
    init.s                                   0x00000000   Number         0  init.o ABSOLUTE
    linked_list.c                            0x00000000   Number         0  linked_list.o ABSOLUTE
    linked_list_data.c                       0x00000000   Number         0  linked_list_data.o ABSOLUTE
    main.c                                   0x00000000   Number         0  main.o ABSOLUTE
    pwm.c                                    0x00000000   Number         0  pwm.o ABSOLUTE
    pwm_led.c                                0x00000000   Number         0  pwm_led.o ABSOLUTE
    stm32f10x_it.c                           0x00000000   Number         0  stm32f10x_it.o ABSOLUTE
    timx.c                                   0x00000000   Number         0  timx.o ABSOLUTE
    usart.c                                  0x00000000   Number         0  usart.o ABSOLUTE
    usart1_test.c                            0x00000000   Number         0  usart1_test.o ABSOLUTE
    usart_data.c                             0x00000000   Number         0  usart_data.o ABSOLUTE
    RESET                                    0x08000000   Section      304  startup_stm32f10x_hd.o(RESET)
    .ARM.Collect$$$$00000000                 0x08000130   Section        0  entry.o(.ARM.Collect$$$$00000000)
    .ARM.Collect$$$$00000001                 0x08000130   Section        4  entry2.o(.ARM.Collect$$$$00000001)
    .ARM.Collect$$$$00000004                 0x08000134   Section        4  entry5.o(.ARM.Collect$$$$00000004)
    .ARM.Collect$$$$00000008                 0x08000138   Section        0  entry7b.o(.ARM.Collect$$$$00000008)
    .ARM.Collect$$$$0000000A                 0x08000138   Section        0  entry8b.o(.ARM.Collect$$$$0000000A)
    .ARM.Collect$$$$0000000B                 0x08000138   Section        8  entry9a.o(.ARM.Collect$$$$0000000B)
    .ARM.Collect$$$$0000000D                 0x08000140   Section        0  entry10a.o(.ARM.Collect$$$$0000000D)
    .ARM.Collect$$$$0000000F                 0x08000140   Section        0  entry11a.o(.ARM.Collect$$$$0000000F)
    .ARM.Collect$$$$00002712                 0x08000140   Section        4  entry2.o(.ARM.Collect$$$$00002712)
    __lit__00000000                          0x08000140   Data           4  entry2.o(.ARM.Collect$$$$00002712)
    .text                                    0x08000144   Section       48  startup_stm32f10x_hd.o(.text)
    .text                                    0x08000174   Section        0  main.o(.text)
    .text                                    0x08000180   Section        0  stm32f10x_it.o(.text)
    .text                                    0x0800019c   Section        0  timx.o(.text)
    .text                                    0x080003e8   Section        0  gpio.o(.text)
    .text                                    0x0800049c   Section        0  flash_led.o(.text)
    .text                                    0x08000580   Section        0  linked_list.o(.text)
    .text                                    0x080005f0   Section        0  linked_list_data.o(.text)
    .text                                    0x08000778   Section        0  usart1_test.o(.text)
    .text                                    0x08000ac4   Section        0  usart_data.o(.text)
    .text                                    0x08000b44   Section        0  usart.o(.text)
    .text                                    0x08000d0c   Section        0  stm32f10x_gpio.o(.text)
    .text                                    0x0800103c   Section        0  stm32f10x_rcc.o(.text)
    .text                                    0x080013dc   Section        0  stm32f10x_usart.o(.text)
    .text                                    0x0800174c   Section        0  stm32f10x_tim.o(.text)
    TI4_Config                               0x08001a6b   Thumb Code    82  stm32f10x_tim.o(.text)
    TI3_Config                               0x08001acf   Thumb Code    72  stm32f10x_tim.o(.text)
    TI2_Config                               0x08001b41   Thumb Code    80  stm32f10x_tim.o(.text)
    TI1_Config                               0x08001ba3   Thumb Code    56  stm32f10x_tim.o(.text)
    .text                                    0x08002314   Section        0  misc.o(.text)
    .text                                    0x080023f0   Section        0  system_stm32f10x.o(.text)
    SetSysClockTo72                          0x080023f1   Thumb Code   220  system_stm32f10x.o(.text)
    SetSysClock                              0x080024cd   Thumb Code     8  system_stm32f10x.o(.text)
    .text                                    0x08002528   Section        0  memcpya.o(.text)
    .text                                    0x0800254c   Section       36  init.o(.text)
    i.__scatterload_copy                     0x08002570   Section       14  handlers.o(i.__scatterload_copy)
    i.__scatterload_null                     0x0800257e   Section        2  handlers.o(i.__scatterload_null)
    i.__scatterload_zeroinit                 0x08002580   Section       14  handlers.o(i.__scatterload_zeroinit)
    .data                                    0x20000000   Section        2  gpio.o(.data)
    .data                                    0x20000004   Section       82  usart1_test.o(.data)
    .data                                    0x20000056   Section       20  stm32f10x_rcc.o(.data)
    APBAHBPrescTable                         0x20000056   Data          16  stm32f10x_rcc.o(.data)
    ADCPrescTable                            0x20000066   Data           4  stm32f10x_rcc.o(.data)
    .bss                                     0x2000006c   Section      160  timx.o(.bss)
    .bss                                     0x2000010c   Section      100  flash_led.o(.bss)
    .bss                                     0x20000170   Section      224  usart1_test.o(.bss)
    .bss                                     0x20000250   Section       80  usart.o(.bss)
    STACK                                    0x200002a0   Section      512  startup_stm32f10x_hd.o(STACK)

    Global Symbols

    Symbol Name                              Value     Ov Type        Size  Object(Section)

    BuildAttributes$$THM_ISAv4$P$D$K$B$S$PE$A:L22UL41UL21$X:L11$S22US41US21$IEEE1$IW$USESV6$~STKCKD$USESV7$~SHL$OSPACE$EBA8$MICROLIB$REQ8$PRES8$EABIv2 0x00000000   Number         0  anon$$obj.o ABSOLUTE
    __ARM_use_no_argv                        0x00000000   Number         0  main.o ABSOLUTE
    __cpp_initialize__aeabi_                  - Undefined Weak Reference
    __cxa_finalize                            - Undefined Weak Reference
    __decompress                              - Undefined Weak Reference
    _clock_init                               - Undefined Weak Reference
    _microlib_exit                            - Undefined Weak Reference
    __Vectors_Size                           0x00000130   Number         0  startup_stm32f10x_hd.o ABSOLUTE
    __Vectors                                0x08000000   Data           4  startup_stm32f10x_hd.o(RESET)
    __Vectors_End                            0x08000130   Data           0  startup_stm32f10x_hd.o(RESET)
    __main                                   0x08000131   Thumb Code     0  entry.o(.ARM.Collect$$$$00000000)
    _main_stk                                0x08000131   Thumb Code     0  entry2.o(.ARM.Collect$$$$00000001)
    _main_scatterload                        0x08000135   Thumb Code     0  entry5.o(.ARM.Collect$$$$00000004)
    __main_after_scatterload                 0x08000139   Thumb Code     0  entry5.o(.ARM.Collect$$$$00000004)
    _main_clock                              0x08000139   Thumb Code     0  entry7b.o(.ARM.Collect$$$$00000008)
    _main_cpp_init                           0x08000139   Thumb Code     0  entry8b.o(.ARM.Collect$$$$0000000A)
    _main_init                               0x08000139   Thumb Code     0  entry9a.o(.ARM.Collect$$$$0000000B)
    __rt_final_cpp                           0x08000141   Thumb Code     0  entry10a.o(.ARM.Collect$$$$0000000D)
    __rt_final_exit                          0x08000141   Thumb Code     0  entry11a.o(.ARM.Collect$$$$0000000F)
    SystemInit_ExtMemCtl                     0x08000145   Thumb Code     2  startup_stm32f10x_hd.o(.text)
    Reset_Handler                            0x08000147   Thumb Code    14  startup_stm32f10x_hd.o(.text)
    ADC1_2_IRQHandler                        0x08000167   Thumb Code     0  startup_stm32f10x_hd.o(.text)
    ADC3_IRQHandler                          0x08000167   Thumb Code     0  startup_stm32f10x_hd.o(.text)
    CAN1_RX1_IRQHandler                      0x08000167   Thumb Code     0  startup_stm32f10x_hd.o(.text)
    CAN1_SCE_IRQHandler                      0x08000167   Thumb Code     0  startup_stm32f10x_hd.o(.text)
    DMA1_Channel1_IRQHandler                 0x08000167   Thumb Code     0  startup_stm32f10x_hd.o(.text)
    DMA1_Channel2_IRQHandler                 0x08000167   Thumb Code     0  startup_stm32f10x_hd.o(.text)
    DMA1_Channel3_IRQHandler                 0x08000167   Thumb Code     0  startup_stm32f10x_hd.o(.text)
    DMA1_Channel4_IRQHandler                 0x08000167   Thumb Code     0  startup_stm32f10x_hd.o(.text)
    DMA1_Channel5_IRQHandler                 0x08000167   Thumb Code     0  startup_stm32f10x_hd.o(.text)
    DMA1_Channel6_IRQHandler                 0x08000167   Thumb Code     0  startup_stm32f10x_hd.o(.text)
    DMA1_Channel7_IRQHandler                 0x08000167   Thumb Code     0  startup_stm32f10x_hd.o(.text)
    DMA2_Channel1_IRQHandler                 0x08000167   Thumb Code     0  startup_stm32f10x_hd.o(.text)
    DMA2_Channel2_IRQHandler                 0x08000167   Thumb Code     0  startup_stm32f10x_hd.o(.text)
    DMA2_Channel3_IRQHandler                 0x08000167   Thumb Code     0  startup_stm32f10x_hd.o(.text)
    DMA2_Channel4_5_IRQHandler               0x08000167   Thumb Code     0  startup_stm32f10x_hd.o(.text)
    EXTI0_IRQHandler                         0x08000167   Thumb Code     0  startup_stm32f10x_hd.o(.text)
    EXTI15_10_IRQHandler                     0x08000167   Thumb Code     0  startup_stm32f10x_hd.o(.text)
    EXTI1_IRQHandler                         0x08000167   Thumb Code     0  startup_stm32f10x_hd.o(.text)
    EXTI2_IRQHandler                         0x08000167   Thumb Code     0  startup_stm32f10x_hd.o(.text)
    EXTI3_IRQHandler                         0x08000167   Thumb Code     0  startup_stm32f10x_hd.o(.text)
    EXTI4_IRQHandler                         0x08000167   Thumb Code     0  startup_stm32f10x_hd.o(.text)
    EXTI9_5_IRQHandler                       0x08000167   Thumb Code     0  startup_stm32f10x_hd.o(.text)
    FLASH_IRQHandler                         0x08000167   Thumb Code     0  startup_stm32f10x_hd.o(.text)
    FSMC_IRQHandler                          0x08000167   Thumb Code     0  startup_stm32f10x_hd.o(.text)
    I2C1_ER_IRQHandler                       0x08000167   Thumb Code     0  startup_stm32f10x_hd.o(.text)
    I2C1_EV_IRQHandler                       0x08000167   Thumb Code     0  startup_stm32f10x_hd.o(.text)
    I2C2_ER_IRQHandler                       0x08000167   Thumb Code     0  startup_stm32f10x_hd.o(.text)
    I2C2_EV_IRQHandler                       0x08000167   Thumb Code     0  startup_stm32f10x_hd.o(.text)
    PVD_IRQHandler                           0x08000167   Thumb Code     0  startup_stm32f10x_hd.o(.text)
    RCC_IRQHandler                           0x08000167   Thumb Code     0  startup_stm32f10x_hd.o(.text)
    RTCAlarm_IRQHandler                      0x08000167   Thumb Code     0  startup_stm32f10x_hd.o(.text)
    RTC_IRQHandler                           0x08000167   Thumb Code     0  startup_stm32f10x_hd.o(.text)
    SDIO_IRQHandler                          0x08000167   Thumb Code     0  startup_stm32f10x_hd.o(.text)
    SPI1_IRQHandler                          0x08000167   Thumb Code     0  startup_stm32f10x_hd.o(.text)
    SPI2_IRQHandler                          0x08000167   Thumb Code     0  startup_stm32f10x_hd.o(.text)
    SPI3_IRQHandler                          0x08000167   Thumb Code     0  startup_stm32f10x_hd.o(.text)
    TAMPER_IRQHandler                        0x08000167   Thumb Code     0  startup_stm32f10x_hd.o(.text)
    TIM1_BRK_IRQHandler                      0x08000167   Thumb Code     0  startup_stm32f10x_hd.o(.text)
    TIM1_CC_IRQHandler                       0x08000167   Thumb Code     0  startup_stm32f10x_hd.o(.text)
    TIM1_TRG_COM_IRQHandler                  0x08000167   Thumb Code     0  startup_stm32f10x_hd.o(.text)
    TIM1_UP_IRQHandler                       0x08000167   Thumb Code     0  startup_stm32f10x_hd.o(.text)
    TIM6_IRQHandler                          0x08000167   Thumb Code     0  startup_stm32f10x_hd.o(.text)
    TIM7_IRQHandler                          0x08000167   Thumb Code     0  startup_stm32f10x_hd.o(.text)
    TIM8_BRK_IRQHandler                      0x08000167   Thumb Code     0  startup_stm32f10x_hd.o(.text)
    TIM8_CC_IRQHandler                       0x08000167   Thumb Code     0  startup_stm32f10x_hd.o(.text)
    TIM8_TRG_COM_IRQHandler                  0x08000167   Thumb Code     0  startup_stm32f10x_hd.o(.text)
    TIM8_UP_IRQHandler                       0x08000167   Thumb Code     0  startup_stm32f10x_hd.o(.text)
    UART4_IRQHandler                         0x08000167   Thumb Code     0  startup_stm32f10x_hd.o(.text)
    UART5_IRQHandler                         0x08000167   Thumb Code     0  startup_stm32f10x_hd.o(.text)
    USART3_IRQHandler                        0x08000167   Thumb Code     0  startup_stm32f10x_hd.o(.text)
    USBWakeUp_IRQHandler                     0x08000167   Thumb Code     0  startup_stm32f10x_hd.o(.text)
    USB_HP_CAN1_TX_IRQHandler                0x08000167   Thumb Code     0  startup_stm32f10x_hd.o(.text)
    USB_LP_CAN1_RX0_IRQHandler               0x08000167   Thumb Code     0  startup_stm32f10x_hd.o(.text)
    WWDG_IRQHandler                          0x08000167   Thumb Code     0  startup_stm32f10x_hd.o(.text)
    main                                     0x08000175   Thumb Code    12  main.o(.text)
    NMI_Handler                              0x08000181   Thumb Code     2  stm32f10x_it.o(.text)
    HardFault_Handler                        0x08000183   Thumb Code     4  stm32f10x_it.o(.text)
    MemManage_Handler                        0x08000187   Thumb Code     4  stm32f10x_it.o(.text)
    BusFault_Handler                         0x0800018b   Thumb Code     4  stm32f10x_it.o(.text)
    UsageFault_Handler                       0x0800018f   Thumb Code     4  stm32f10x_it.o(.text)
    SVC_Handler                              0x08000193   Thumb Code     2  stm32f10x_it.o(.text)
    DebugMon_Handler                         0x08000195   Thumb Code     2  stm32f10x_it.o(.text)
    PendSV_Handler                           0x08000197   Thumb Code     2  stm32f10x_it.o(.text)
    SysTick_Handler                          0x08000199   Thumb Code     2  stm32f10x_it.o(.text)
    TIMx_Config                              0x0800019d   Thumb Code   124  timx.o(.text)
    TIMx_With_NVIC_Config                    0x08000219   Thumb Code   110  timx.o(.text)
    Register_TIMx_Callback                   0x08000287   Thumb Code    80  timx.o(.text)
    TIM2_IRQHandler                          0x080002d7   Thumb Code    42  timx.o(.text)
    TIM3_IRQHandler                          0x08000301   Thumb Code    42  timx.o(.text)
    TIM4_IRQHandler                          0x0800032b   Thumb Code    42  timx.o(.text)
    TIM5_IRQHandler                          0x08000355   Thumb Code    42  timx.o(.text)
    Delay_Nus                                0x0800037f   Thumb Code    54  timx.o(.text)
    Delay_Nms                                0x080003b5   Thumb Code    24  timx.o(.text)
    GPIO_Config                              0x080003e9   Thumb Code   144  gpio.o(.text)
    Out_PP_GPIO_Config                       0x08000479   Thumb Code    20  gpio.o(.text)
    Led_Auto_Off                             0x0800049d   Thumb Code   106  flash_led.o(.text)
    Auto_Off_TIMx_CallBack                   0x08000507   Thumb Code    74  flash_led.o(.text)
    Flash_Led_Config                         0x08000551   Thumb Code    36  flash_led.o(.text)
    Linked_Add_Last                          0x08000581   Thumb Code    44  linked_list.o(.text)
    Linked_Remove_First                      0x080005ad   Thumb Code    40  linked_list.o(.text)
    Linked_Size                              0x080005d5   Thumb Code    28  linked_list.o(.text)
    Linked_List_Data_Add_Char0               0x080005f1   Thumb Code   204  linked_list_data.o(.text)
    Linked_List_Data_Add_Char                0x080006bd   Thumb Code   112  linked_list_data.o(.text)
    Linked_List_Data_Read                    0x0800072d   Thumb Code    74  linked_list_data.o(.text)
    USART_Received_Data                      0x08000779   Thumb Code   104  usart1_test.o(.text)
    USART_Send_Buffer_Data                   0x080007e1   Thumb Code   278  usart1_test.o(.text)
    USART_Received_Count                     0x080008f7   Thumb Code    70  usart1_test.o(.text)
    usart1_test                              0x0800093d   Thumb Code   262  usart1_test.o(.text)
    USART_Data_Init                          0x08000ac5   Thumb Code    80  usart_data.o(.text)
    USART_Received_To_Buffer_Ignore_Error    0x08000b15   Thumb Code    16  usart_data.o(.text)
    USART_Received_To_Buffer                 0x08000b25   Thumb Code    16  usart_data.o(.text)
    USART_Read_From_Buffer                   0x08000b35   Thumb Code    16  usart_data.o(.text)
    USART_Config                             0x08000b45   Thumb Code   200  usart.o(.text)
    USART_Send_Byte                          0x08000c0d   Thumb Code    30  usart.o(.text)
    USART_Get_Byte                           0x08000c2b   Thumb Code    32  usart.o(.text)
    USART1_IRQHandler                        0x08000c4b   Thumb Code    58  usart.o(.text)
    USART2_IRQHandler                        0x08000c85   Thumb Code    58  usart.o(.text)
    Register_USART_Callback                  0x08000cbf   Thumb Code    60  usart.o(.text)
    GPIO_DeInit                              0x08000d0d   Thumb Code   188  stm32f10x_gpio.o(.text)
    GPIO_AFIODeInit                          0x08000dc9   Thumb Code    20  stm32f10x_gpio.o(.text)
    GPIO_Init                                0x08000ddd   Thumb Code   278  stm32f10x_gpio.o(.text)
    GPIO_StructInit                          0x08000ef3   Thumb Code    16  stm32f10x_gpio.o(.text)
    GPIO_ReadInputDataBit                    0x08000f03   Thumb Code    18  stm32f10x_gpio.o(.text)
    GPIO_ReadInputData                       0x08000f15   Thumb Code     8  stm32f10x_gpio.o(.text)
    GPIO_ReadOutputDataBit                   0x08000f1d   Thumb Code    18  stm32f10x_gpio.o(.text)
    GPIO_ReadOutputData                      0x08000f2f   Thumb Code     8  stm32f10x_gpio.o(.text)
    GPIO_SetBits                             0x08000f37   Thumb Code     4  stm32f10x_gpio.o(.text)
    GPIO_ResetBits                           0x08000f3b   Thumb Code     4  stm32f10x_gpio.o(.text)
    GPIO_WriteBit                            0x08000f3f   Thumb Code    10  stm32f10x_gpio.o(.text)
    GPIO_Write                               0x08000f49   Thumb Code     4  stm32f10x_gpio.o(.text)
    GPIO_PinLockConfig                       0x08000f4d   Thumb Code    18  stm32f10x_gpio.o(.text)
    GPIO_EventOutputConfig                   0x08000f5f   Thumb Code    26  stm32f10x_gpio.o(.text)
    GPIO_EventOutputCmd                      0x08000f79   Thumb Code     6  stm32f10x_gpio.o(.text)
    GPIO_PinRemapConfig                      0x08000f7f   Thumb Code   106  stm32f10x_gpio.o(.text)
    GPIO_EXTILineConfig                      0x08000fe9   Thumb Code    66  stm32f10x_gpio.o(.text)
    RCC_DeInit                               0x0800103d   Thumb Code    62  stm32f10x_rcc.o(.text)
    RCC_HSEConfig                            0x0800107b   Thumb Code    70  stm32f10x_rcc.o(.text)
    RCC_GetFlagStatus                        0x080010c1   Thumb Code    56  stm32f10x_rcc.o(.text)
    RCC_WaitForHSEStartUp                    0x080010f9   Thumb Code    54  stm32f10x_rcc.o(.text)
    RCC_AdjustHSICalibrationValue            0x0800112f   Thumb Code    20  stm32f10x_rcc.o(.text)
    RCC_HSICmd                               0x08001143   Thumb Code     6  stm32f10x_rcc.o(.text)
    RCC_PLLConfig                            0x08001149   Thumb Code    24  stm32f10x_rcc.o(.text)
    RCC_PLLCmd                               0x08001161   Thumb Code     6  stm32f10x_rcc.o(.text)
    RCC_SYSCLKConfig                         0x08001167   Thumb Code    18  stm32f10x_rcc.o(.text)
    RCC_GetSYSCLKSource                      0x08001179   Thumb Code    10  stm32f10x_rcc.o(.text)
    RCC_HCLKConfig                           0x08001183   Thumb Code    18  stm32f10x_rcc.o(.text)
    RCC_PCLK1Config                          0x08001195   Thumb Code    18  stm32f10x_rcc.o(.text)
    RCC_PCLK2Config                          0x080011a7   Thumb Code    20  stm32f10x_rcc.o(.text)
    RCC_ITConfig                             0x080011bb   Thumb Code    26  stm32f10x_rcc.o(.text)
    RCC_USBCLKConfig                         0x080011d5   Thumb Code     8  stm32f10x_rcc.o(.text)
    RCC_ADCCLKConfig                         0x080011dd   Thumb Code    18  stm32f10x_rcc.o(.text)
    RCC_LSEConfig                            0x080011ef   Thumb Code    50  stm32f10x_rcc.o(.text)
    RCC_LSICmd                               0x08001221   Thumb Code     6  stm32f10x_rcc.o(.text)
    RCC_RTCCLKConfig                         0x08001227   Thumb Code    12  stm32f10x_rcc.o(.text)
    RCC_RTCCLKCmd                            0x08001233   Thumb Code     8  stm32f10x_rcc.o(.text)
    RCC_GetClocksFreq                        0x0800123b   Thumb Code   192  stm32f10x_rcc.o(.text)
    RCC_AHBPeriphClockCmd                    0x080012fb   Thumb Code    26  stm32f10x_rcc.o(.text)
    RCC_APB2PeriphClockCmd                   0x08001315   Thumb Code    26  stm32f10x_rcc.o(.text)
    RCC_APB1PeriphClockCmd                   0x0800132f   Thumb Code    26  stm32f10x_rcc.o(.text)
    RCC_APB2PeriphResetCmd                   0x08001349   Thumb Code    26  stm32f10x_rcc.o(.text)
    RCC_APB1PeriphResetCmd                   0x08001363   Thumb Code    26  stm32f10x_rcc.o(.text)
    RCC_BackupResetCmd                       0x0800137d   Thumb Code     8  stm32f10x_rcc.o(.text)
    RCC_ClockSecuritySystemCmd               0x08001385   Thumb Code     6  stm32f10x_rcc.o(.text)
    RCC_MCOConfig                            0x0800138b   Thumb Code     6  stm32f10x_rcc.o(.text)
    RCC_ClearFlag                            0x08001391   Thumb Code    14  stm32f10x_rcc.o(.text)
    RCC_GetITStatus                          0x0800139f   Thumb Code    20  stm32f10x_rcc.o(.text)
    RCC_ClearITPendingBit                    0x080013b3   Thumb Code     6  stm32f10x_rcc.o(.text)
    USART_DeInit                             0x080013dd   Thumb Code   146  stm32f10x_usart.o(.text)
    USART_Init                               0x0800146f   Thumb Code   150  stm32f10x_usart.o(.text)
    USART_StructInit                         0x08001505   Thumb Code    24  stm32f10x_usart.o(.text)
    USART_ClockInit                          0x0800151d   Thumb Code    34  stm32f10x_usart.o(.text)
    USART_ClockStructInit                    0x0800153f   Thumb Code    12  stm32f10x_usart.o(.text)
    USART_Cmd                                0x0800154b   Thumb Code    24  stm32f10x_usart.o(.text)
    USART_ITConfig                           0x08001563   Thumb Code    64  stm32f10x_usart.o(.text)
    USART_DMACmd                             0x080015a3   Thumb Code    18  stm32f10x_usart.o(.text)
    USART_SetAddress                         0x080015b5   Thumb Code    18  stm32f10x_usart.o(.text)
    USART_WakeUpConfig                       0x080015c7   Thumb Code    18  stm32f10x_usart.o(.text)
    USART_ReceiverWakeUpCmd                  0x080015d9   Thumb Code    24  stm32f10x_usart.o(.text)
    USART_LINBreakDetectLengthConfig         0x080015f1   Thumb Code    18  stm32f10x_usart.o(.text)
    USART_LINCmd                             0x08001603   Thumb Code    24  stm32f10x_usart.o(.text)
    USART_SendData                           0x0800161b   Thumb Code     8  stm32f10x_usart.o(.text)
    USART_ReceiveData                        0x08001623   Thumb Code    10  stm32f10x_usart.o(.text)
    USART_SendBreak                          0x0800162d   Thumb Code    10  stm32f10x_usart.o(.text)
    USART_SetGuardTime                       0x08001637   Thumb Code    16  stm32f10x_usart.o(.text)
    USART_SetPrescaler                       0x08001647   Thumb Code    16  stm32f10x_usart.o(.text)
    USART_SmartCardCmd                       0x08001657   Thumb Code    24  stm32f10x_usart.o(.text)
    USART_SmartCardNACKCmd                   0x0800166f   Thumb Code    24  stm32f10x_usart.o(.text)
    USART_HalfDuplexCmd                      0x08001687   Thumb Code    24  stm32f10x_usart.o(.text)
    USART_IrDAConfig                         0x0800169f   Thumb Code    18  stm32f10x_usart.o(.text)
    USART_IrDACmd                            0x080016b1   Thumb Code    24  stm32f10x_usart.o(.text)
    USART_GetFlagStatus                      0x080016c9   Thumb Code    18  stm32f10x_usart.o(.text)
    USART_ClearFlag                          0x080016db   Thumb Code     6  stm32f10x_usart.o(.text)
    USART_GetITStatus                        0x080016e1   Thumb Code    76  stm32f10x_usart.o(.text)
    USART_ClearITPendingBit                  0x0800172d   Thumb Code    20  stm32f10x_usart.o(.text)
    TIM_DeInit                               0x0800174d   Thumb Code   214  stm32f10x_tim.o(.text)
    TIM_TimeBaseInit                         0x08001823   Thumb Code    50  stm32f10x_tim.o(.text)
    TIM_OC1Init                              0x08001855   Thumb Code   110  stm32f10x_tim.o(.text)
    TIM_OC2Init                              0x080018c3   Thumb Code   148  stm32f10x_tim.o(.text)
    TIM_OC3Init                              0x08001957   Thumb Code   144  stm32f10x_tim.o(.text)
    TIM_OC4Init                              0x080019e7   Thumb Code   106  stm32f10x_tim.o(.text)
    TIM_SetIC4Prescaler                      0x08001a51   Thumb Code    26  stm32f10x_tim.o(.text)
    TIM_SetIC3Prescaler                      0x08001abd   Thumb Code    18  stm32f10x_tim.o(.text)
    TIM_SetIC2Prescaler                      0x08001b17   Thumb Code    42  stm32f10x_tim.o(.text)
    TIM_SetIC1Prescaler                      0x08001b91   Thumb Code    18  stm32f10x_tim.o(.text)
    TIM_ICInit                               0x08001bdb   Thumb Code   110  stm32f10x_tim.o(.text)
    TIM_PWMIConfig                           0x08001c49   Thumb Code   124  stm32f10x_tim.o(.text)
    TIM_BDTRConfig                           0x08001cc5   Thumb Code    32  stm32f10x_tim.o(.text)
    TIM_TimeBaseStructInit                   0x08001ce5   Thumb Code    18  stm32f10x_tim.o(.text)
    TIM_OCStructInit                         0x08001cf7   Thumb Code    20  stm32f10x_tim.o(.text)
    TIM_ICStructInit                         0x08001d0b   Thumb Code    18  stm32f10x_tim.o(.text)
    TIM_BDTRStructInit                       0x08001d1d   Thumb Code    18  stm32f10x_tim.o(.text)
    TIM_Cmd                                  0x08001d2f   Thumb Code    24  stm32f10x_tim.o(.text)
    TIM_CtrlPWMOutputs                       0x08001d47   Thumb Code    30  stm32f10x_tim.o(.text)
    TIM_ITConfig                             0x08001d65   Thumb Code    18  stm32f10x_tim.o(.text)
    TIM_GenerateEvent                        0x08001d77   Thumb Code     4  stm32f10x_tim.o(.text)
    TIM_DMAConfig                            0x08001d7b   Thumb Code    10  stm32f10x_tim.o(.text)
    TIM_DMACmd                               0x08001d85   Thumb Code    18  stm32f10x_tim.o(.text)
    TIM_InternalClockConfig                  0x08001d97   Thumb Code    12  stm32f10x_tim.o(.text)
    TIM_SelectInputTrigger                   0x08001da3   Thumb Code    18  stm32f10x_tim.o(.text)
    TIM_ITRxExternalClockConfig              0x08001db5   Thumb Code    24  stm32f10x_tim.o(.text)
    TIM_TIxExternalClockConfig               0x08001dcd   Thumb Code    62  stm32f10x_tim.o(.text)
    TIM_ETRConfig                            0x08001e0b   Thumb Code    30  stm32f10x_tim.o(.text)
    TIM_ETRClockMode1Config                  0x08001e29   Thumb Code    54  stm32f10x_tim.o(.text)
    TIM_ETRClockMode2Config                  0x08001e5f   Thumb Code    32  stm32f10x_tim.o(.text)
    TIM_PrescalerConfig                      0x08001e7f   Thumb Code     6  stm32f10x_tim.o(.text)
    TIM_CounterModeConfig                    0x08001e85   Thumb Code    18  stm32f10x_tim.o(.text)
    TIM_EncoderInterfaceConfig               0x08001e97   Thumb Code    66  stm32f10x_tim.o(.text)
    TIM_ForcedOC1Config                      0x08001ed9   Thumb Code    18  stm32f10x_tim.o(.text)
    TIM_ForcedOC2Config                      0x08001eeb   Thumb Code    26  stm32f10x_tim.o(.text)
    TIM_ForcedOC3Config                      0x08001f05   Thumb Code    18  stm32f10x_tim.o(.text)
    TIM_ForcedOC4Config                      0x08001f17   Thumb Code    26  stm32f10x_tim.o(.text)
    TIM_ARRPreloadConfig                     0x08001f31   Thumb Code    24  stm32f10x_tim.o(.text)
    TIM_SelectCOM                            0x08001f49   Thumb Code    24  stm32f10x_tim.o(.text)
    TIM_SelectCCDMA                          0x08001f61   Thumb Code    24  stm32f10x_tim.o(.text)
    TIM_CCPreloadControl                     0x08001f79   Thumb Code    24  stm32f10x_tim.o(.text)
    TIM_OC1PreloadConfig                     0x08001f91   Thumb Code    18  stm32f10x_tim.o(.text)
    TIM_OC2PreloadConfig                     0x08001fa3   Thumb Code    26  stm32f10x_tim.o(.text)
    TIM_OC3PreloadConfig                     0x08001fbd   Thumb Code    18  stm32f10x_tim.o(.text)
    TIM_OC4PreloadConfig                     0x08001fcf   Thumb Code    26  stm32f10x_tim.o(.text)
    TIM_OC1FastConfig                        0x08001fe9   Thumb Code    18  stm32f10x_tim.o(.text)
    TIM_OC2FastConfig                        0x08001ffb   Thumb Code    26  stm32f10x_tim.o(.text)
    TIM_OC3FastConfig                        0x08002015   Thumb Code    18  stm32f10x_tim.o(.text)
    TIM_OC4FastConfig                        0x08002027   Thumb Code    26  stm32f10x_tim.o(.text)
    TIM_ClearOC1Ref                          0x08002041   Thumb Code    18  stm32f10x_tim.o(.text)
    TIM_ClearOC2Ref                          0x08002053   Thumb Code    24  stm32f10x_tim.o(.text)
    TIM_ClearOC3Ref                          0x0800206b   Thumb Code    18  stm32f10x_tim.o(.text)
    TIM_ClearOC4Ref                          0x0800207d   Thumb Code    24  stm32f10x_tim.o(.text)
    TIM_OC1PolarityConfig                    0x08002095   Thumb Code    18  stm32f10x_tim.o(.text)
    TIM_OC1NPolarityConfig                   0x080020a7   Thumb Code    18  stm32f10x_tim.o(.text)
    TIM_OC2PolarityConfig                    0x080020b9   Thumb Code    26  stm32f10x_tim.o(.text)
    TIM_OC2NPolarityConfig                   0x080020d3   Thumb Code    26  stm32f10x_tim.o(.text)
    TIM_OC3PolarityConfig                    0x080020ed   Thumb Code    26  stm32f10x_tim.o(.text)
    TIM_OC3NPolarityConfig                   0x08002107   Thumb Code    26  stm32f10x_tim.o(.text)
    TIM_OC4PolarityConfig                    0x08002121   Thumb Code    26  stm32f10x_tim.o(.text)
    TIM_CCxCmd                               0x0800213b   Thumb Code    26  stm32f10x_tim.o(.text)
    TIM_CCxNCmd                              0x08002155   Thumb Code    26  stm32f10x_tim.o(.text)
    TIM_SelectOCxM                           0x0800216f   Thumb Code   134  stm32f10x_tim.o(.text)
    TIM_UpdateDisableConfig                  0x080021f5   Thumb Code    24  stm32f10x_tim.o(.text)
    TIM_UpdateRequestConfig                  0x0800220d   Thumb Code    24  stm32f10x_tim.o(.text)
    TIM_SelectHallSensor                     0x08002225   Thumb Code    24  stm32f10x_tim.o(.text)
    TIM_SelectOnePulseMode                   0x0800223d   Thumb Code    18  stm32f10x_tim.o(.text)
    TIM_SelectOutputTrigger                  0x0800224f   Thumb Code    18  stm32f10x_tim.o(.text)
    TIM_SelectSlaveMode                      0x08002261   Thumb Code    18  stm32f10x_tim.o(.text)
    TIM_SelectMasterSlaveMode                0x08002273   Thumb Code    18  stm32f10x_tim.o(.text)
    TIM_SetCounter                           0x08002285   Thumb Code     4  stm32f10x_tim.o(.text)
    TIM_SetAutoreload                        0x08002289   Thumb Code     4  stm32f10x_tim.o(.text)
    TIM_SetCompare1                          0x0800228d   Thumb Code     4  stm32f10x_tim.o(.text)
    TIM_SetCompare2                          0x08002291   Thumb Code     4  stm32f10x_tim.o(.text)
    TIM_SetCompare3                          0x08002295   Thumb Code     4  stm32f10x_tim.o(.text)
    TIM_SetCompare4                          0x08002299   Thumb Code     6  stm32f10x_tim.o(.text)
    TIM_SetClockDivision                     0x0800229f   Thumb Code    14  stm32f10x_tim.o(.text)
    TIM_GetCapture1                          0x080022ad   Thumb Code     6  stm32f10x_tim.o(.text)
    TIM_GetCapture2                          0x080022b3   Thumb Code     6  stm32f10x_tim.o(.text)
    TIM_GetCapture3                          0x080022b9   Thumb Code     6  stm32f10x_tim.o(.text)
    TIM_GetCapture4                          0x080022bf   Thumb Code     8  stm32f10x_tim.o(.text)
    TIM_GetCounter                           0x080022c7   Thumb Code     6  stm32f10x_tim.o(.text)
    TIM_GetPrescaler                         0x080022cd   Thumb Code     6  stm32f10x_tim.o(.text)
    TIM_GetFlagStatus                        0x080022d3   Thumb Code    18  stm32f10x_tim.o(.text)
    TIM_ClearFlag                            0x080022e5   Thumb Code     6  stm32f10x_tim.o(.text)
    TIM_GetITStatus                          0x080022eb   Thumb Code    34  stm32f10x_tim.o(.text)
    TIM_ClearITPendingBit                    0x0800230d   Thumb Code     6  stm32f10x_tim.o(.text)
    NVIC_PriorityGroupConfig                 0x08002315   Thumb Code    10  misc.o(.text)
    NVIC_Init                                0x0800231f   Thumb Code   100  misc.o(.text)
    NVIC_SetVectorTable                      0x08002383   Thumb Code    14  misc.o(.text)
    NVIC_SystemLPConfig                      0x08002391   Thumb Code    34  misc.o(.text)
    SysTick_CLKSourceConfig                  0x080023b3   Thumb Code    40  misc.o(.text)
    SystemInit                               0x080024d5   Thumb Code    68  system_stm32f10x.o(.text)
    __aeabi_memcpy                           0x08002529   Thumb Code    36  memcpya.o(.text)
    __aeabi_memcpy4                          0x08002529   Thumb Code     0  memcpya.o(.text)
    __aeabi_memcpy8                          0x08002529   Thumb Code     0  memcpya.o(.text)
    __scatterload                            0x0800254d   Thumb Code    28  init.o(.text)
    __scatterload_rt2                        0x0800254d   Thumb Code     0  init.o(.text)
    __scatterload_copy                       0x08002571   Thumb Code    14  handlers.o(i.__scatterload_copy)
    __scatterload_null                       0x0800257f   Thumb Code     2  handlers.o(i.__scatterload_null)
    __scatterload_zeroinit                   0x08002581   Thumb Code    14  handlers.o(i.__scatterload_zeroinit)
    Region$$Table$$Base                      0x08002590   Number         0  anon$$obj.o(Region$$Table)
    Region$$Table$$Limit                     0x080025b0   Number         0  anon$$obj.o(Region$$Table)
    _m_GPIOx_Enable                          0x20000000   Data           2  gpio.o(.data)
    _m_USART1_Received_Count                 0x20000004   Data           4  usart1_test.o(.data)
    _m_USART2_Received_Count                 0x20000008   Data           4  usart1_test.o(.data)
    _m_USART1_Prompt_Counter                 0x2000000c   Data           2  usart1_test.o(.data)
    _m_USART2_Prompt_Counter                 0x2000000e   Data           2  usart1_test.o(.data)
    _m_LED_TIMx                              0x20000010   Data           4  usart1_test.o(.data)
    _m_USART_R_LED_GPIOx                     0x20000014   Data           4  usart1_test.o(.data)
    _m_USART_R_LED_GPIO_Pin                  0x20000018   Data           2  usart1_test.o(.data)
    _m_USART_E_LED_GPIOx                     0x2000001c   Data           4  usart1_test.o(.data)
    _m_USART_E_LED_GPIO_Pin                  0x20000020   Data           2  usart1_test.o(.data)
    _m_USART_Callback_TIMx                   0x20000024   Data           4  usart1_test.o(.data)
    _m_USART1_BaudRate                       0x20000028   Data           4  usart1_test.o(.data)
    _m_USART1_Tx_GPIOx                       0x2000002c   Data           4  usart1_test.o(.data)
    _m_USART1_Tx_GPIO_Pin                    0x20000030   Data           2  usart1_test.o(.data)
    _m_USART1_Rx_GPIOx                       0x20000034   Data           4  usart1_test.o(.data)
    _m_USART1_Rx_GPIO_Pin                    0x20000038   Data           2  usart1_test.o(.data)
    _m_USART1_Data_Eof                       0x2000003a   Data           2  usart1_test.o(.data)
    _m_USART1_Eof_Len                        0x2000003c   Data           2  usart1_test.o(.data)
    _m_USART2_BaudRate                       0x20000040   Data           4  usart1_test.o(.data)
    _m_USART2_Tx_GPIOx                       0x20000044   Data           4  usart1_test.o(.data)
    _m_USART2_Tx_GPIO_Pin                    0x20000048   Data           2  usart1_test.o(.data)
    _m_USART2_Rx_GPIOx                       0x2000004c   Data           4  usart1_test.o(.data)
    _m_USART2_Rx_GPIO_Pin                    0x20000050   Data           2  usart1_test.o(.data)
    _m_USART2_Data_Eof                       0x20000052   Data           2  usart1_test.o(.data)
    _m_USART2_Eof_Len                        0x20000054   Data           2  usart1_test.o(.data)
    _m_TIM2_IRQHandler_Ptr                   0x2000006c   Data          40  timx.o(.bss)
    _m_TIM3_IRQHandler_Ptr                   0x20000094   Data          40  timx.o(.bss)
    _m_TIM4_IRQHandler_Ptr                   0x200000bc   Data          40  timx.o(.bss)
    _m_TIM5_IRQHandler_Ptr                   0x200000e4   Data          40  timx.o(.bss)
    _m_Flash_LED_GPIO_Pin                    0x2000010c   Data          20  flash_led.o(.bss)
    _m_Flash_LED_GPIOx                       0x20000120   Data          40  flash_led.o(.bss)
    _m_Flash_LED_Delay                       0x20000148   Data          40  flash_led.o(.bss)
    _m_USART1_Data                           0x20000170   Data          48  usart1_test.o(.bss)
    _m_USART1_Data_Nodes                     0x200001a0   Data          32  usart1_test.o(.bss)
    _m_USART1_Data_Node_Chars                0x200001c0   Data          32  usart1_test.o(.bss)
    _m_USART2_Data                           0x200001e0   Data          48  usart1_test.o(.bss)
    _m_USART2_Data_Nodes                     0x20000210   Data          32  usart1_test.o(.bss)
    _m_USART2_Data_Node_Chars                0x20000230   Data          32  usart1_test.o(.bss)
    _m_USART1_IRQHandler_Ptr                 0x20000250   Data          40  usart.o(.bss)
    _m_USART2_IRQHandler_Ptr                 0x20000278   Data          40  usart.o(.bss)
    __initial_sp                             0x200004a0   Data           0  startup_stm32f10x_hd.o(STACK)



==============================================================================

Memory Map of the image

  Image Entry point : 0x08000147

  Load Region LR_1 (Base: 0x08000000, Size: 0x0000261c, Max: 0xffffffff, ABSOLUTE)

    Execution Region ER_RO (Base: 0x08000000, Size: 0x000025b0, Max: 0xffffffff, ABSOLUTE)

    Base Addr    Size         Type   Attr      Idx    E Section Name        Object

    0x08000000   0x00000130   Data   RO            3    RESET               startup_stm32f10x_hd.o
    0x08000130   0x00000000   Code   RO          414  * .ARM.Collect$$$$00000000  mc_w.l(entry.o)
    0x08000130   0x00000004   Code   RO          421    .ARM.Collect$$$$00000001  mc_w.l(entry2.o)
    0x08000134   0x00000004   Code   RO          424    .ARM.Collect$$$$00000004  mc_w.l(entry5.o)
    0x08000138   0x00000000   Code   RO          426    .ARM.Collect$$$$00000008  mc_w.l(entry7b.o)
    0x08000138   0x00000000   Code   RO          428    .ARM.Collect$$$$0000000A  mc_w.l(entry8b.o)
    0x08000138   0x00000008   Code   RO          429    .ARM.Collect$$$$0000000B  mc_w.l(entry9a.o)
    0x08000140   0x00000000   Code   RO          431    .ARM.Collect$$$$0000000D  mc_w.l(entry10a.o)
    0x08000140   0x00000000   Code   RO          433    .ARM.Collect$$$$0000000F  mc_w.l(entry11a.o)
    0x08000140   0x00000004   Code   RO          422    .ARM.Collect$$$$00002712  mc_w.l(entry2.o)
    0x08000144   0x00000030   Code   RO            4  * .text               startup_stm32f10x_hd.o
    0x08000174   0x0000000c   Code   RO           10    .text               main.o
    0x08000180   0x0000001a   Code   RO           88    .text               stm32f10x_it.o
    0x0800019a   0x00000002   PAD
    0x0800019c   0x0000024c   Code   RO          103    .text               timx.o
    0x080003e8   0x000000b4   Code   RO          118    .text               gpio.o
    0x0800049c   0x000000e4   Code   RO          133    .text               flash_led.o
    0x08000580   0x00000070   Code   RO          148    .text               linked_list.o
    0x080005f0   0x00000186   Code   RO          163    .text               linked_list_data.o
    0x08000776   0x00000002   PAD
    0x08000778   0x0000034c   Code   RO          214    .text               usart1_test.o
    0x08000ac4   0x00000080   Code   RO          266    .text               usart_data.o
    0x08000b44   0x000001c8   Code   RO          278    .text               usart.o
    0x08000d0c   0x00000330   Code   RO          312    .text               stm32f10x_gpio.o
    0x0800103c   0x000003a0   Code   RO          324    .text               stm32f10x_rcc.o
    0x080013dc   0x00000370   Code   RO          338    .text               stm32f10x_usart.o
    0x0800174c   0x00000bc6   Code   RO          350    .text               stm32f10x_tim.o
    0x08002312   0x00000002   PAD
    0x08002314   0x000000dc   Code   RO          362    .text               misc.o
    0x080023f0   0x00000138   Code   RO          396    .text               system_stm32f10x.o
    0x08002528   0x00000024   Code   RO          417    .text               mc_w.l(memcpya.o)
    0x0800254c   0x00000024   Code   RO          435    .text               mc_w.l(init.o)
    0x08002570   0x0000000e   Code   RO          439    i.__scatterload_copy  mc_w.l(handlers.o)
    0x0800257e   0x00000002   Code   RO          440    i.__scatterload_null  mc_w.l(handlers.o)
    0x08002580   0x0000000e   Code   RO          441    i.__scatterload_zeroinit  mc_w.l(handlers.o)
    0x0800258e   0x00000002   PAD
    0x08002590   0x00000020   Data   RO          437    Region$$Table       anon$$obj.o


    Execution Region ER_RW (Base: 0x20000000, Size: 0x0000006c, Max: 0xffffffff, ABSOLUTE)

    Base Addr    Size         Type   Attr      Idx    E Section Name        Object

    0x20000000   0x00000002   Data   RW          119    .data               gpio.o
    0x20000002   0x00000002   PAD
    0x20000004   0x00000052   Data   RW          216    .data               usart1_test.o
    0x20000056   0x00000014   Data   RW          325    .data               stm32f10x_rcc.o


    Execution Region ER_ZI (Base: 0x2000006c, Size: 0x00000434, Max: 0xffffffff, ABSOLUTE)

    Base Addr    Size         Type   Attr      Idx    E Section Name        Object

    0x2000006c   0x000000a0   Zero   RW          104    .bss                timx.o
    0x2000010c   0x00000064   Zero   RW          134    .bss                flash_led.o
    0x20000170   0x000000e0   Zero   RW          215    .bss                usart1_test.o
    0x20000250   0x00000050   Zero   RW          279    .bss                usart.o
    0x200002a0   0x00000200   Zero   RW            1    STACK               startup_stm32f10x_hd.o


==============================================================================

Image component sizes


      Code (inc. data)   RO Data    RW Data    ZI Data      Debug   Object Name

       228         12          0          0        100       1761   flash_led.o
       180         16          0          2          0       1363   gpio.o
       112          0          0          0          0       1358   linked_list.o
       390          0          0          0          0       1921   linked_list_data.o
        12          0          0          0          0     250747   main.o
       220         22          0          0          0       1689   misc.o
        48         12        304          0        512        864   startup_stm32f10x_hd.o
       816         18          0          0          0       5147   stm32f10x_gpio.o
        26          0          0          0          0       1158   stm32f10x_it.o
       928         36          0         20          0       8760   stm32f10x_rcc.o
      3014         16          0          0          0      24468   stm32f10x_tim.o
       880         12          0          0          0       7779   stm32f10x_usart.o
       312         16          0          0          0       1121   system_stm32f10x.o
       588         28          0          0        160       3381   timx.o
       456         18          0          0         80       2842   usart.o
       844        130          0         82        224       3841   usart1_test.o
       128          0          0          0          0       1984   usart_data.o

    ----------------------------------------------------------------------
      9188        336        336        108       1076     320184   Object Totals
         0          0         32          0          0          0   (incl. Generated)
         6          0          0          4          0          0   (incl. Padding)

    ----------------------------------------------------------------------

      Code (inc. data)   RO Data    RW Data    ZI Data      Debug   Library Member Name

         0          0          0          0          0          0   entry.o
         0          0          0          0          0          0   entry10a.o
         0          0          0          0          0          0   entry11a.o
         8          4          0          0          0          0   entry2.o
         4          0          0          0          0          0   entry5.o
         0          0          0          0          0          0   entry7b.o
         0          0          0          0          0          0   entry8b.o
         8          4          0          0          0          0   entry9a.o
        30          0          0          0          0          0   handlers.o
        36          8          0          0          0         68   init.o
        36          0          0          0          0         68   memcpya.o

    ----------------------------------------------------------------------
       124         16          0          0          0        136   Library Totals
         2          0          0          0          0          0   (incl. Padding)

    ----------------------------------------------------------------------

      Code (inc. data)   RO Data    RW Data    ZI Data      Debug   Library Name

       122         16          0          0          0        136   mc_w.l

    ----------------------------------------------------------------------
       124         16          0          0          0        136   Library Totals

    ----------------------------------------------------------------------

==============================================================================


      Code (inc. data)   RO Data    RW Data    ZI Data      Debug   

      9312        352        336        108       1076     319380   Grand Totals
      9312        352        336        108       1076     319380   ELF Image Totals
      9312        352        336        108          0          0   ROM Totals

==============================================================================

    Total RO  Size (Code + RO Data)                 9648 (   9.42kB)
    Total RW  Size (RW Data + ZI Data)              1184 (   1.16kB)
    Total ROM Size (Code + RO Data + RW Data)       9756 (   9.53kB)

==============================================================================

