Component: ARM Compiler 5.06 update 4 (build 422) Tool: armlink [4d35d2]

==============================================================================

Section Cross References

    startup_stm32f10x_hd.o(RESET) refers to startup_stm32f10x_hd.o(.text) for Reset_Handler
    startup_stm32f10x_hd.o(RESET) refers to stm32f10x_it.o(.text) for NMI_Handler
    startup_stm32f10x_hd.o(RESET) refers to timx.o(.text) for TIM2_IRQHandler
    startup_stm32f10x_hd.o(RESET) refers to usart1.o(.text) for USART1_IRQHandler
    startup_stm32f10x_hd.o(.text) refers to startup_stm32f10x_hd.o(STACK) for __initial_sp
    startup_stm32f10x_hd.o(.text) refers to entry.o(.ARM.Collect$$$$00000000) for __main
    main.o(.text) refers to led.o(.text) for LED_On
    main.o(.text) refers to timx.o(.text) for Register_TIMx_Callback
    main.o(.text) refers to memcpya.o(.text) for __aeabi_memcpy
    main.o(.text) refers to stm32f10x_rcc.o(.text) for RCC_APB1PeriphClockCmd
    main.o(.text) refers to stm32f10x_gpio.o(.text) for GPIO_Init
    main.o(.text) refers to stm32f10x_tim.o(.text) for TIM_TimeBaseInit
    main.o(.text) refers to main.o(.bss) for _m_Flash_LED_GPIO_Pin
    main.o(.text) refers to main.o(.data) for usart1_data_eof
    main.o(.text) refers to usart1.o(.text) for UART1_Send_Byte
    main.o(.text) refers to system_stm32f10x.o(.text) for SystemInit
    main.o(.text) refers to gpio.o(.text) for GPIO_Config
    usart1.o(.text) refers to misc.o(.text) for NVIC_PriorityGroupConfig
    usart1.o(.text) refers to stm32f10x_rcc.o(.text) for RCC_APB2PeriphClockCmd
    usart1.o(.text) refers to stm32f10x_gpio.o(.text) for GPIO_Init
    usart1.o(.text) refers to stm32f10x_usart.o(.text) for USART_Init
    usart1.o(.text) refers to usart1.o(.bss) for _m_usart1_irqhandler_ptr
    led.o(.text) refers to gpio.o(.text) for GPIO_Config
    led.o(.text) refers to stm32f10x_gpio.o(.text) for GPIO_ResetBits
    timx.o(.text) refers to stm32f10x_rcc.o(.text) for RCC_APB1PeriphClockCmd
    timx.o(.text) refers to stm32f10x_tim.o(.text) for TIM_ClearITPendingBit
    timx.o(.text) refers to misc.o(.text) for NVIC_PriorityGroupConfig
    timx.o(.text) refers to timx.o(.bss) for _m_tim2_irqhandler_ptr
    gpio.o(.text) refers to stm32f10x_rcc.o(.text) for RCC_APB2PeriphClockCmd
    gpio.o(.text) refers to stm32f10x_gpio.o(.text) for GPIO_Init
    gpio.o(.text) refers to gpio.o(.data) for GPIOx_Enable
    stm32f10x_gpio.o(.text) refers to stm32f10x_rcc.o(.text) for RCC_APB2PeriphResetCmd
    stm32f10x_rcc.o(.text) refers to stm32f10x_rcc.o(.data) for APBAHBPrescTable
    stm32f10x_usart.o(.text) refers to stm32f10x_rcc.o(.text) for RCC_APB2PeriphResetCmd
    stm32f10x_tim.o(.text) refers to stm32f10x_rcc.o(.text) for RCC_APB2PeriphResetCmd
    entry.o(.ARM.Collect$$$$00000000) refers (Special) to entry10a.o(.ARM.Collect$$$$0000000D) for __rt_final_cpp
    entry.o(.ARM.Collect$$$$00000000) refers (Special) to entry11a.o(.ARM.Collect$$$$0000000F) for __rt_final_exit
    entry.o(.ARM.Collect$$$$00000000) refers (Special) to entry7b.o(.ARM.Collect$$$$00000008) for _main_clock
    entry.o(.ARM.Collect$$$$00000000) refers (Special) to entry8b.o(.ARM.Collect$$$$0000000A) for _main_cpp_init
    entry.o(.ARM.Collect$$$$00000000) refers (Special) to entry9a.o(.ARM.Collect$$$$0000000B) for _main_init
    entry.o(.ARM.Collect$$$$00000000) refers (Special) to entry5.o(.ARM.Collect$$$$00000004) for _main_scatterload
    entry.o(.ARM.Collect$$$$00000000) refers (Special) to entry2.o(.ARM.Collect$$$$00000001) for _main_stk
    entry2.o(.ARM.Collect$$$$00000001) refers to entry2.o(.ARM.Collect$$$$00002712) for __lit__00000000
    entry2.o(.ARM.Collect$$$$00002712) refers to startup_stm32f10x_hd.o(STACK) for __initial_sp
    entry2.o(__vectab_stack_and_reset_area) refers to startup_stm32f10x_hd.o(STACK) for __initial_sp
    entry2.o(__vectab_stack_and_reset_area) refers to entry.o(.ARM.Collect$$$$00000000) for __main
    entry5.o(.ARM.Collect$$$$00000004) refers to init.o(.text) for __scatterload
    entry9a.o(.ARM.Collect$$$$0000000B) refers to main.o(.text) for main
    entry9b.o(.ARM.Collect$$$$0000000C) refers to main.o(.text) for main
    init.o(.text) refers to entry5.o(.ARM.Collect$$$$00000004) for __main_after_scatterload


==============================================================================

Removing Unused input sections from the image.

    Removing startup_stm32f10x_hd.o(HEAP), (0 bytes).
    Removing main.o(.constdata), (8 bytes).
    Removing core_cm3.o(.emb_text), (32 bytes).
    Removing system_stm32f10x.o(.constdata), (20 bytes).

4 unused section(s) (total 60 bytes) removed from the image.

==============================================================================

Image Symbol Table

    Local Symbols

    Symbol Name                              Value     Ov Type        Size  Object(Section)

    ../clib/microlib/init/entry.s            0x00000000   Number         0  entry7b.o ABSOLUTE
    ../clib/microlib/init/entry.s            0x00000000   Number         0  entry7a.o ABSOLUTE
    ../clib/microlib/init/entry.s            0x00000000   Number         0  entry5.o ABSOLUTE
    ../clib/microlib/init/entry.s            0x00000000   Number         0  entry2.o ABSOLUTE
    ../clib/microlib/init/entry.s            0x00000000   Number         0  entry.o ABSOLUTE
    ../clib/microlib/init/entry.s            0x00000000   Number         0  entry11b.o ABSOLUTE
    ../clib/microlib/init/entry.s            0x00000000   Number         0  entry11a.o ABSOLUTE
    ../clib/microlib/init/entry.s            0x00000000   Number         0  entry10a.o ABSOLUTE
    ../clib/microlib/init/entry.s            0x00000000   Number         0  entry9b.o ABSOLUTE
    ../clib/microlib/init/entry.s            0x00000000   Number         0  entry9a.o ABSOLUTE
    ../clib/microlib/init/entry.s            0x00000000   Number         0  entry8b.o ABSOLUTE
    ../clib/microlib/init/entry.s            0x00000000   Number         0  entry8a.o ABSOLUTE
    ../clib/microlib/init/entry.s            0x00000000   Number         0  entry10b.o ABSOLUTE
    ../clib/microlib/string/memcpy.c         0x00000000   Number         0  memcpya.o ABSOLUTE
    ../clib/microlib/string/memcpy.c         0x00000000   Number         0  memcpyb.o ABSOLUTE
    ..\CMSIS\core_cm3.c                      0x00000000   Number         0  core_cm3.o ABSOLUTE
    ..\CMSIS\startup\startup_stm32f10x_hd.s  0x00000000   Number         0  startup_stm32f10x_hd.o ABSOLUTE
    ..\CMSIS\system_stm32f10x.c              0x00000000   Number         0  system_stm32f10x.o ABSOLUTE
    ..\FWlib\src\misc.c                      0x00000000   Number         0  misc.o ABSOLUTE
    ..\FWlib\src\stm32f10x_gpio.c            0x00000000   Number         0  stm32f10x_gpio.o ABSOLUTE
    ..\FWlib\src\stm32f10x_rcc.c             0x00000000   Number         0  stm32f10x_rcc.o ABSOLUTE
    ..\FWlib\src\stm32f10x_tim.c             0x00000000   Number         0  stm32f10x_tim.o ABSOLUTE
    ..\FWlib\src\stm32f10x_usart.c           0x00000000   Number         0  stm32f10x_usart.o ABSOLUTE
    ..\\CMSIS\\core_cm3.c                    0x00000000   Number         0  core_cm3.o ABSOLUTE
    dc.s                                     0x00000000   Number         0  dc.o ABSOLUTE
    gpio.c                                   0x00000000   Number         0  gpio.o ABSOLUTE
    handlers.s                               0x00000000   Number         0  handlers.o ABSOLUTE
    init.s                                   0x00000000   Number         0  init.o ABSOLUTE
    led.c                                    0x00000000   Number         0  led.o ABSOLUTE
    main.c                                   0x00000000   Number         0  main.o ABSOLUTE
    stm32f10x_it.c                           0x00000000   Number         0  stm32f10x_it.o ABSOLUTE
    timx.c                                   0x00000000   Number         0  timx.o ABSOLUTE
    usart1.c                                 0x00000000   Number         0  usart1.o ABSOLUTE
    RESET                                    0x08000000   Section      304  startup_stm32f10x_hd.o(RESET)
    .ARM.Collect$$$$00000000                 0x08000130   Section        0  entry.o(.ARM.Collect$$$$00000000)
    .ARM.Collect$$$$00000001                 0x08000130   Section        4  entry2.o(.ARM.Collect$$$$00000001)
    .ARM.Collect$$$$00000004                 0x08000134   Section        4  entry5.o(.ARM.Collect$$$$00000004)
    .ARM.Collect$$$$00000008                 0x08000138   Section        0  entry7b.o(.ARM.Collect$$$$00000008)
    .ARM.Collect$$$$0000000A                 0x08000138   Section        0  entry8b.o(.ARM.Collect$$$$0000000A)
    .ARM.Collect$$$$0000000B                 0x08000138   Section        8  entry9a.o(.ARM.Collect$$$$0000000B)
    .ARM.Collect$$$$0000000D                 0x08000140   Section        0  entry10a.o(.ARM.Collect$$$$0000000D)
    .ARM.Collect$$$$0000000F                 0x08000140   Section        0  entry11a.o(.ARM.Collect$$$$0000000F)
    .ARM.Collect$$$$00002712                 0x08000140   Section        4  entry2.o(.ARM.Collect$$$$00002712)
    __lit__00000000                          0x08000140   Data           4  entry2.o(.ARM.Collect$$$$00002712)
    .text                                    0x08000144   Section       48  startup_stm32f10x_hd.o(.text)
    .text                                    0x08000174   Section        0  main.o(.text)
    .text                                    0x080007f4   Section        0  stm32f10x_it.o(.text)
    .text                                    0x08000810   Section        0  usart1.o(.text)
    .text                                    0x08000958   Section        0  led.o(.text)
    .text                                    0x0800098c   Section        0  timx.o(.text)
    .text                                    0x08000b78   Section        0  gpio.o(.text)
    .text                                    0x08000c18   Section        0  stm32f10x_gpio.o(.text)
    .text                                    0x08000f48   Section        0  stm32f10x_rcc.o(.text)
    .text                                    0x080012e8   Section        0  stm32f10x_usart.o(.text)
    .text                                    0x08001658   Section        0  stm32f10x_tim.o(.text)
    TI4_Config                               0x08001977   Thumb Code    82  stm32f10x_tim.o(.text)
    TI3_Config                               0x080019db   Thumb Code    72  stm32f10x_tim.o(.text)
    TI2_Config                               0x08001a4d   Thumb Code    80  stm32f10x_tim.o(.text)
    TI1_Config                               0x08001aaf   Thumb Code    56  stm32f10x_tim.o(.text)
    .text                                    0x08002220   Section        0  misc.o(.text)
    .text                                    0x080022fc   Section        0  system_stm32f10x.o(.text)
    SetSysClockTo72                          0x080022fd   Thumb Code   220  system_stm32f10x.o(.text)
    SetSysClock                              0x080023d9   Thumb Code     8  system_stm32f10x.o(.text)
    .text                                    0x08002434   Section        0  memcpya.o(.text)
    .text                                    0x08002458   Section       36  init.o(.text)
    i.__scatterload_copy                     0x0800247c   Section       14  handlers.o(i.__scatterload_copy)
    i.__scatterload_null                     0x0800248a   Section        2  handlers.o(i.__scatterload_null)
    i.__scatterload_zeroinit                 0x0800248c   Section       14  handlers.o(i.__scatterload_zeroinit)
    .data                                    0x20000000   Section       24  main.o(.data)
    .data                                    0x20000018   Section        2  gpio.o(.data)
    .data                                    0x2000001a   Section       20  stm32f10x_rcc.o(.data)
    APBAHBPrescTable                         0x2000001a   Data          16  stm32f10x_rcc.o(.data)
    ADCPrescTable                            0x2000002a   Data           4  stm32f10x_rcc.o(.data)
    .bss                                     0x20000030   Section      404  main.o(.bss)
    .bss                                     0x200001c4   Section       40  usart1.o(.bss)
    .bss                                     0x200001ec   Section      160  timx.o(.bss)
    STACK                                    0x20000290   Section      512  startup_stm32f10x_hd.o(STACK)

    Global Symbols

    Symbol Name                              Value     Ov Type        Size  Object(Section)

    BuildAttributes$$THM_ISAv4$P$D$K$B$S$PE$A:L22UL41UL21$X:L11$S22US41US21$IEEE1$IW$USESV6$~STKCKD$USESV7$~SHL$OSPACE$EBA8$MICROLIB$REQ8$PRES8$EABIv2 0x00000000   Number         0  anon$$obj.o ABSOLUTE
    __ARM_use_no_argv                        0x00000000   Number         0  main.o ABSOLUTE
    __cpp_initialize__aeabi_                  - Undefined Weak Reference
    __cxa_finalize                            - Undefined Weak Reference
    __decompress                              - Undefined Weak Reference
    _clock_init                               - Undefined Weak Reference
    _microlib_exit                            - Undefined Weak Reference
    __Vectors_Size                           0x00000130   Number         0  startup_stm32f10x_hd.o ABSOLUTE
    __Vectors                                0x08000000   Data           4  startup_stm32f10x_hd.o(RESET)
    __Vectors_End                            0x08000130   Data           0  startup_stm32f10x_hd.o(RESET)
    __main                                   0x08000131   Thumb Code     0  entry.o(.ARM.Collect$$$$00000000)
    _main_stk                                0x08000131   Thumb Code     0  entry2.o(.ARM.Collect$$$$00000001)
    _main_scatterload                        0x08000135   Thumb Code     0  entry5.o(.ARM.Collect$$$$00000004)
    __main_after_scatterload                 0x08000139   Thumb Code     0  entry5.o(.ARM.Collect$$$$00000004)
    _main_clock                              0x08000139   Thumb Code     0  entry7b.o(.ARM.Collect$$$$00000008)
    _main_cpp_init                           0x08000139   Thumb Code     0  entry8b.o(.ARM.Collect$$$$0000000A)
    _main_init                               0x08000139   Thumb Code     0  entry9a.o(.ARM.Collect$$$$0000000B)
    __rt_final_cpp                           0x08000141   Thumb Code     0  entry10a.o(.ARM.Collect$$$$0000000D)
    __rt_final_exit                          0x08000141   Thumb Code     0  entry11a.o(.ARM.Collect$$$$0000000F)
    SystemInit_ExtMemCtl                     0x08000145   Thumb Code     2  startup_stm32f10x_hd.o(.text)
    Reset_Handler                            0x08000147   Thumb Code    14  startup_stm32f10x_hd.o(.text)
    ADC1_2_IRQHandler                        0x08000167   Thumb Code     0  startup_stm32f10x_hd.o(.text)
    ADC3_IRQHandler                          0x08000167   Thumb Code     0  startup_stm32f10x_hd.o(.text)
    CAN1_RX1_IRQHandler                      0x08000167   Thumb Code     0  startup_stm32f10x_hd.o(.text)
    CAN1_SCE_IRQHandler                      0x08000167   Thumb Code     0  startup_stm32f10x_hd.o(.text)
    DMA1_Channel1_IRQHandler                 0x08000167   Thumb Code     0  startup_stm32f10x_hd.o(.text)
    DMA1_Channel2_IRQHandler                 0x08000167   Thumb Code     0  startup_stm32f10x_hd.o(.text)
    DMA1_Channel3_IRQHandler                 0x08000167   Thumb Code     0  startup_stm32f10x_hd.o(.text)
    DMA1_Channel4_IRQHandler                 0x08000167   Thumb Code     0  startup_stm32f10x_hd.o(.text)
    DMA1_Channel5_IRQHandler                 0x08000167   Thumb Code     0  startup_stm32f10x_hd.o(.text)
    DMA1_Channel6_IRQHandler                 0x08000167   Thumb Code     0  startup_stm32f10x_hd.o(.text)
    DMA1_Channel7_IRQHandler                 0x08000167   Thumb Code     0  startup_stm32f10x_hd.o(.text)
    DMA2_Channel1_IRQHandler                 0x08000167   Thumb Code     0  startup_stm32f10x_hd.o(.text)
    DMA2_Channel2_IRQHandler                 0x08000167   Thumb Code     0  startup_stm32f10x_hd.o(.text)
    DMA2_Channel3_IRQHandler                 0x08000167   Thumb Code     0  startup_stm32f10x_hd.o(.text)
    DMA2_Channel4_5_IRQHandler               0x08000167   Thumb Code     0  startup_stm32f10x_hd.o(.text)
    EXTI0_IRQHandler                         0x08000167   Thumb Code     0  startup_stm32f10x_hd.o(.text)
    EXTI15_10_IRQHandler                     0x08000167   Thumb Code     0  startup_stm32f10x_hd.o(.text)
    EXTI1_IRQHandler                         0x08000167   Thumb Code     0  startup_stm32f10x_hd.o(.text)
    EXTI2_IRQHandler                         0x08000167   Thumb Code     0  startup_stm32f10x_hd.o(.text)
    EXTI3_IRQHandler                         0x08000167   Thumb Code     0  startup_stm32f10x_hd.o(.text)
    EXTI4_IRQHandler                         0x08000167   Thumb Code     0  startup_stm32f10x_hd.o(.text)
    EXTI9_5_IRQHandler                       0x08000167   Thumb Code     0  startup_stm32f10x_hd.o(.text)
    FLASH_IRQHandler                         0x08000167   Thumb Code     0  startup_stm32f10x_hd.o(.text)
    FSMC_IRQHandler                          0x08000167   Thumb Code     0  startup_stm32f10x_hd.o(.text)
    I2C1_ER_IRQHandler                       0x08000167   Thumb Code     0  startup_stm32f10x_hd.o(.text)
    I2C1_EV_IRQHandler                       0x08000167   Thumb Code     0  startup_stm32f10x_hd.o(.text)
    I2C2_ER_IRQHandler                       0x08000167   Thumb Code     0  startup_stm32f10x_hd.o(.text)
    I2C2_EV_IRQHandler                       0x08000167   Thumb Code     0  startup_stm32f10x_hd.o(.text)
    PVD_IRQHandler                           0x08000167   Thumb Code     0  startup_stm32f10x_hd.o(.text)
    RCC_IRQHandler                           0x08000167   Thumb Code     0  startup_stm32f10x_hd.o(.text)
    RTCAlarm_IRQHandler                      0x08000167   Thumb Code     0  startup_stm32f10x_hd.o(.text)
    RTC_IRQHandler                           0x08000167   Thumb Code     0  startup_stm32f10x_hd.o(.text)
    SDIO_IRQHandler                          0x08000167   Thumb Code     0  startup_stm32f10x_hd.o(.text)
    SPI1_IRQHandler                          0x08000167   Thumb Code     0  startup_stm32f10x_hd.o(.text)
    SPI2_IRQHandler                          0x08000167   Thumb Code     0  startup_stm32f10x_hd.o(.text)
    SPI3_IRQHandler                          0x08000167   Thumb Code     0  startup_stm32f10x_hd.o(.text)
    TAMPER_IRQHandler                        0x08000167   Thumb Code     0  startup_stm32f10x_hd.o(.text)
    TIM1_BRK_IRQHandler                      0x08000167   Thumb Code     0  startup_stm32f10x_hd.o(.text)
    TIM1_CC_IRQHandler                       0x08000167   Thumb Code     0  startup_stm32f10x_hd.o(.text)
    TIM1_TRG_COM_IRQHandler                  0x08000167   Thumb Code     0  startup_stm32f10x_hd.o(.text)
    TIM1_UP_IRQHandler                       0x08000167   Thumb Code     0  startup_stm32f10x_hd.o(.text)
    TIM6_IRQHandler                          0x08000167   Thumb Code     0  startup_stm32f10x_hd.o(.text)
    TIM7_IRQHandler                          0x08000167   Thumb Code     0  startup_stm32f10x_hd.o(.text)
    TIM8_BRK_IRQHandler                      0x08000167   Thumb Code     0  startup_stm32f10x_hd.o(.text)
    TIM8_CC_IRQHandler                       0x08000167   Thumb Code     0  startup_stm32f10x_hd.o(.text)
    TIM8_TRG_COM_IRQHandler                  0x08000167   Thumb Code     0  startup_stm32f10x_hd.o(.text)
    TIM8_UP_IRQHandler                       0x08000167   Thumb Code     0  startup_stm32f10x_hd.o(.text)
    UART4_IRQHandler                         0x08000167   Thumb Code     0  startup_stm32f10x_hd.o(.text)
    UART5_IRQHandler                         0x08000167   Thumb Code     0  startup_stm32f10x_hd.o(.text)
    USART2_IRQHandler                        0x08000167   Thumb Code     0  startup_stm32f10x_hd.o(.text)
    USART3_IRQHandler                        0x08000167   Thumb Code     0  startup_stm32f10x_hd.o(.text)
    USBWakeUp_IRQHandler                     0x08000167   Thumb Code     0  startup_stm32f10x_hd.o(.text)
    USB_HP_CAN1_TX_IRQHandler                0x08000167   Thumb Code     0  startup_stm32f10x_hd.o(.text)
    USB_LP_CAN1_RX0_IRQHandler               0x08000167   Thumb Code     0  startup_stm32f10x_hd.o(.text)
    WWDG_IRQHandler                          0x08000167   Thumb Code     0  startup_stm32f10x_hd.o(.text)
    Led_Auto_Off                             0x08000175   Thumb Code   106  main.o(.text)
    Auto_Off_TIMx_CallBack                   0x080001df   Thumb Code    74  main.o(.text)
    Flash_Led_Config                         0x08000229   Thumb Code    26  main.o(.text)
    linked_add_last                          0x08000243   Thumb Code    44  main.o(.text)
    linked_remove_first                      0x0800026f   Thumb Code    40  main.o(.text)
    linked_size                              0x08000297   Thumb Code    28  main.o(.text)
    linked_list_data_add_char0               0x080002b3   Thumb Code   200  main.o(.text)
    linked_list_data_add_char                0x0800037b   Thumb Code   112  main.o(.text)
    linked_list_data_read                    0x080003eb   Thumb Code    74  main.o(.text)
    usart1_data_init                         0x08000435   Thumb Code    70  main.o(.text)
    _UART1_Received_To_Buffer                0x0800047b   Thumb Code    14  main.o(.text)
    _UART1_Read_To_Buffer                    0x08000489   Thumb Code    14  main.o(.text)
    PWM_LED_Config                           0x08000497   Thumb Code   186  main.o(.text)
    PWM_LED_Mode_Config                      0x08000551   Thumb Code   200  main.o(.text)
    PWM_LED_Callback                         0x08000619   Thumb Code    98  main.o(.text)
    UART1_Flash_LED_On_Received              0x0800067b   Thumb Code    18  main.o(.text)
    UART1_Received_To_Buffer                 0x0800068d   Thumb Code    62  main.o(.text)
    UART1_Received_Count                     0x080006cb   Thumb Code    30  main.o(.text)
    UART1_Send_Buffer_Data                   0x080006e9   Thumb Code    54  main.o(.text)
    main                                     0x0800071f   Thumb Code   170  main.o(.text)
    NMI_Handler                              0x080007f5   Thumb Code     2  stm32f10x_it.o(.text)
    HardFault_Handler                        0x080007f7   Thumb Code     4  stm32f10x_it.o(.text)
    MemManage_Handler                        0x080007fb   Thumb Code     4  stm32f10x_it.o(.text)
    BusFault_Handler                         0x080007ff   Thumb Code     4  stm32f10x_it.o(.text)
    UsageFault_Handler                       0x08000803   Thumb Code     4  stm32f10x_it.o(.text)
    SVC_Handler                              0x08000807   Thumb Code     2  stm32f10x_it.o(.text)
    DebugMon_Handler                         0x08000809   Thumb Code     2  stm32f10x_it.o(.text)
    PendSV_Handler                           0x0800080b   Thumb Code     2  stm32f10x_it.o(.text)
    SysTick_Handler                          0x0800080d   Thumb Code     2  stm32f10x_it.o(.text)
    USART1_Config                            0x08000811   Thumb Code   158  usart1.o(.text)
    UART1_Send_Byte                          0x080008af   Thumb Code    28  usart1.o(.text)
    UART1_Get_Byte                           0x080008cb   Thumb Code    30  usart1.o(.text)
    USART1_IRQHandler                        0x080008e9   Thumb Code    54  usart1.o(.text)
    Register_USART1_Callback                 0x0800091f   Thumb Code    44  usart1.o(.text)
    LED_Config                               0x08000959   Thumb Code    20  led.o(.text)
    LED_On                                   0x0800096d   Thumb Code    16  led.o(.text)
    LED_Off                                  0x0800097d   Thumb Code    16  led.o(.text)
    TIMx_Configuration                       0x0800098d   Thumb Code   214  timx.o(.text)
    Register_TIMx_Callback                   0x08000a63   Thumb Code    80  timx.o(.text)
    TIM2_IRQHandler                          0x08000ab3   Thumb Code    42  timx.o(.text)
    TIM3_IRQHandler                          0x08000add   Thumb Code    42  timx.o(.text)
    TIM4_IRQHandler                          0x08000b07   Thumb Code    42  timx.o(.text)
    TIM5_IRQHandler                          0x08000b31   Thumb Code    42  timx.o(.text)
    GPIO_Config                              0x08000b79   Thumb Code   144  gpio.o(.text)
    GPIO_DeInit                              0x08000c19   Thumb Code   188  stm32f10x_gpio.o(.text)
    GPIO_AFIODeInit                          0x08000cd5   Thumb Code    20  stm32f10x_gpio.o(.text)
    GPIO_Init                                0x08000ce9   Thumb Code   278  stm32f10x_gpio.o(.text)
    GPIO_StructInit                          0x08000dff   Thumb Code    16  stm32f10x_gpio.o(.text)
    GPIO_ReadInputDataBit                    0x08000e0f   Thumb Code    18  stm32f10x_gpio.o(.text)
    GPIO_ReadInputData                       0x08000e21   Thumb Code     8  stm32f10x_gpio.o(.text)
    GPIO_ReadOutputDataBit                   0x08000e29   Thumb Code    18  stm32f10x_gpio.o(.text)
    GPIO_ReadOutputData                      0x08000e3b   Thumb Code     8  stm32f10x_gpio.o(.text)
    GPIO_SetBits                             0x08000e43   Thumb Code     4  stm32f10x_gpio.o(.text)
    GPIO_ResetBits                           0x08000e47   Thumb Code     4  stm32f10x_gpio.o(.text)
    GPIO_WriteBit                            0x08000e4b   Thumb Code    10  stm32f10x_gpio.o(.text)
    GPIO_Write                               0x08000e55   Thumb Code     4  stm32f10x_gpio.o(.text)
    GPIO_PinLockConfig                       0x08000e59   Thumb Code    18  stm32f10x_gpio.o(.text)
    GPIO_EventOutputConfig                   0x08000e6b   Thumb Code    26  stm32f10x_gpio.o(.text)
    GPIO_EventOutputCmd                      0x08000e85   Thumb Code     6  stm32f10x_gpio.o(.text)
    GPIO_PinRemapConfig                      0x08000e8b   Thumb Code   106  stm32f10x_gpio.o(.text)
    GPIO_EXTILineConfig                      0x08000ef5   Thumb Code    66  stm32f10x_gpio.o(.text)
    RCC_DeInit                               0x08000f49   Thumb Code    62  stm32f10x_rcc.o(.text)
    RCC_HSEConfig                            0x08000f87   Thumb Code    70  stm32f10x_rcc.o(.text)
    RCC_GetFlagStatus                        0x08000fcd   Thumb Code    56  stm32f10x_rcc.o(.text)
    RCC_WaitForHSEStartUp                    0x08001005   Thumb Code    54  stm32f10x_rcc.o(.text)
    RCC_AdjustHSICalibrationValue            0x0800103b   Thumb Code    20  stm32f10x_rcc.o(.text)
    RCC_HSICmd                               0x0800104f   Thumb Code     6  stm32f10x_rcc.o(.text)
    RCC_PLLConfig                            0x08001055   Thumb Code    24  stm32f10x_rcc.o(.text)
    RCC_PLLCmd                               0x0800106d   Thumb Code     6  stm32f10x_rcc.o(.text)
    RCC_SYSCLKConfig                         0x08001073   Thumb Code    18  stm32f10x_rcc.o(.text)
    RCC_GetSYSCLKSource                      0x08001085   Thumb Code    10  stm32f10x_rcc.o(.text)
    RCC_HCLKConfig                           0x0800108f   Thumb Code    18  stm32f10x_rcc.o(.text)
    RCC_PCLK1Config                          0x080010a1   Thumb Code    18  stm32f10x_rcc.o(.text)
    RCC_PCLK2Config                          0x080010b3   Thumb Code    20  stm32f10x_rcc.o(.text)
    RCC_ITConfig                             0x080010c7   Thumb Code    26  stm32f10x_rcc.o(.text)
    RCC_USBCLKConfig                         0x080010e1   Thumb Code     8  stm32f10x_rcc.o(.text)
    RCC_ADCCLKConfig                         0x080010e9   Thumb Code    18  stm32f10x_rcc.o(.text)
    RCC_LSEConfig                            0x080010fb   Thumb Code    50  stm32f10x_rcc.o(.text)
    RCC_LSICmd                               0x0800112d   Thumb Code     6  stm32f10x_rcc.o(.text)
    RCC_RTCCLKConfig                         0x08001133   Thumb Code    12  stm32f10x_rcc.o(.text)
    RCC_RTCCLKCmd                            0x0800113f   Thumb Code     8  stm32f10x_rcc.o(.text)
    RCC_GetClocksFreq                        0x08001147   Thumb Code   192  stm32f10x_rcc.o(.text)
    RCC_AHBPeriphClockCmd                    0x08001207   Thumb Code    26  stm32f10x_rcc.o(.text)
    RCC_APB2PeriphClockCmd                   0x08001221   Thumb Code    26  stm32f10x_rcc.o(.text)
    RCC_APB1PeriphClockCmd                   0x0800123b   Thumb Code    26  stm32f10x_rcc.o(.text)
    RCC_APB2PeriphResetCmd                   0x08001255   Thumb Code    26  stm32f10x_rcc.o(.text)
    RCC_APB1PeriphResetCmd                   0x0800126f   Thumb Code    26  stm32f10x_rcc.o(.text)
    RCC_BackupResetCmd                       0x08001289   Thumb Code     8  stm32f10x_rcc.o(.text)
    RCC_ClockSecuritySystemCmd               0x08001291   Thumb Code     6  stm32f10x_rcc.o(.text)
    RCC_MCOConfig                            0x08001297   Thumb Code     6  stm32f10x_rcc.o(.text)
    RCC_ClearFlag                            0x0800129d   Thumb Code    14  stm32f10x_rcc.o(.text)
    RCC_GetITStatus                          0x080012ab   Thumb Code    20  stm32f10x_rcc.o(.text)
    RCC_ClearITPendingBit                    0x080012bf   Thumb Code     6  stm32f10x_rcc.o(.text)
    USART_DeInit                             0x080012e9   Thumb Code   146  stm32f10x_usart.o(.text)
    USART_Init                               0x0800137b   Thumb Code   150  stm32f10x_usart.o(.text)
    USART_StructInit                         0x08001411   Thumb Code    24  stm32f10x_usart.o(.text)
    USART_ClockInit                          0x08001429   Thumb Code    34  stm32f10x_usart.o(.text)
    USART_ClockStructInit                    0x0800144b   Thumb Code    12  stm32f10x_usart.o(.text)
    USART_Cmd                                0x08001457   Thumb Code    24  stm32f10x_usart.o(.text)
    USART_ITConfig                           0x0800146f   Thumb Code    64  stm32f10x_usart.o(.text)
    USART_DMACmd                             0x080014af   Thumb Code    18  stm32f10x_usart.o(.text)
    USART_SetAddress                         0x080014c1   Thumb Code    18  stm32f10x_usart.o(.text)
    USART_WakeUpConfig                       0x080014d3   Thumb Code    18  stm32f10x_usart.o(.text)
    USART_ReceiverWakeUpCmd                  0x080014e5   Thumb Code    24  stm32f10x_usart.o(.text)
    USART_LINBreakDetectLengthConfig         0x080014fd   Thumb Code    18  stm32f10x_usart.o(.text)
    USART_LINCmd                             0x0800150f   Thumb Code    24  stm32f10x_usart.o(.text)
    USART_SendData                           0x08001527   Thumb Code     8  stm32f10x_usart.o(.text)
    USART_ReceiveData                        0x0800152f   Thumb Code    10  stm32f10x_usart.o(.text)
    USART_SendBreak                          0x08001539   Thumb Code    10  stm32f10x_usart.o(.text)
    USART_SetGuardTime                       0x08001543   Thumb Code    16  stm32f10x_usart.o(.text)
    USART_SetPrescaler                       0x08001553   Thumb Code    16  stm32f10x_usart.o(.text)
    USART_SmartCardCmd                       0x08001563   Thumb Code    24  stm32f10x_usart.o(.text)
    USART_SmartCardNACKCmd                   0x0800157b   Thumb Code    24  stm32f10x_usart.o(.text)
    USART_HalfDuplexCmd                      0x08001593   Thumb Code    24  stm32f10x_usart.o(.text)
    USART_IrDAConfig                         0x080015ab   Thumb Code    18  stm32f10x_usart.o(.text)
    USART_IrDACmd                            0x080015bd   Thumb Code    24  stm32f10x_usart.o(.text)
    USART_GetFlagStatus                      0x080015d5   Thumb Code    18  stm32f10x_usart.o(.text)
    USART_ClearFlag                          0x080015e7   Thumb Code     6  stm32f10x_usart.o(.text)
    USART_GetITStatus                        0x080015ed   Thumb Code    76  stm32f10x_usart.o(.text)
    USART_ClearITPendingBit                  0x08001639   Thumb Code    20  stm32f10x_usart.o(.text)
    TIM_DeInit                               0x08001659   Thumb Code   214  stm32f10x_tim.o(.text)
    TIM_TimeBaseInit                         0x0800172f   Thumb Code    50  stm32f10x_tim.o(.text)
    TIM_OC1Init                              0x08001761   Thumb Code   110  stm32f10x_tim.o(.text)
    TIM_OC2Init                              0x080017cf   Thumb Code   148  stm32f10x_tim.o(.text)
    TIM_OC3Init                              0x08001863   Thumb Code   144  stm32f10x_tim.o(.text)
    TIM_OC4Init                              0x080018f3   Thumb Code   106  stm32f10x_tim.o(.text)
    TIM_SetIC4Prescaler                      0x0800195d   Thumb Code    26  stm32f10x_tim.o(.text)
    TIM_SetIC3Prescaler                      0x080019c9   Thumb Code    18  stm32f10x_tim.o(.text)
    TIM_SetIC2Prescaler                      0x08001a23   Thumb Code    42  stm32f10x_tim.o(.text)
    TIM_SetIC1Prescaler                      0x08001a9d   Thumb Code    18  stm32f10x_tim.o(.text)
    TIM_ICInit                               0x08001ae7   Thumb Code   110  stm32f10x_tim.o(.text)
    TIM_PWMIConfig                           0x08001b55   Thumb Code   124  stm32f10x_tim.o(.text)
    TIM_BDTRConfig                           0x08001bd1   Thumb Code    32  stm32f10x_tim.o(.text)
    TIM_TimeBaseStructInit                   0x08001bf1   Thumb Code    18  stm32f10x_tim.o(.text)
    TIM_OCStructInit                         0x08001c03   Thumb Code    20  stm32f10x_tim.o(.text)
    TIM_ICStructInit                         0x08001c17   Thumb Code    18  stm32f10x_tim.o(.text)
    TIM_BDTRStructInit                       0x08001c29   Thumb Code    18  stm32f10x_tim.o(.text)
    TIM_Cmd                                  0x08001c3b   Thumb Code    24  stm32f10x_tim.o(.text)
    TIM_CtrlPWMOutputs                       0x08001c53   Thumb Code    30  stm32f10x_tim.o(.text)
    TIM_ITConfig                             0x08001c71   Thumb Code    18  stm32f10x_tim.o(.text)
    TIM_GenerateEvent                        0x08001c83   Thumb Code     4  stm32f10x_tim.o(.text)
    TIM_DMAConfig                            0x08001c87   Thumb Code    10  stm32f10x_tim.o(.text)
    TIM_DMACmd                               0x08001c91   Thumb Code    18  stm32f10x_tim.o(.text)
    TIM_InternalClockConfig                  0x08001ca3   Thumb Code    12  stm32f10x_tim.o(.text)
    TIM_SelectInputTrigger                   0x08001caf   Thumb Code    18  stm32f10x_tim.o(.text)
    TIM_ITRxExternalClockConfig              0x08001cc1   Thumb Code    24  stm32f10x_tim.o(.text)
    TIM_TIxExternalClockConfig               0x08001cd9   Thumb Code    62  stm32f10x_tim.o(.text)
    TIM_ETRConfig                            0x08001d17   Thumb Code    30  stm32f10x_tim.o(.text)
    TIM_ETRClockMode1Config                  0x08001d35   Thumb Code    54  stm32f10x_tim.o(.text)
    TIM_ETRClockMode2Config                  0x08001d6b   Thumb Code    32  stm32f10x_tim.o(.text)
    TIM_PrescalerConfig                      0x08001d8b   Thumb Code     6  stm32f10x_tim.o(.text)
    TIM_CounterModeConfig                    0x08001d91   Thumb Code    18  stm32f10x_tim.o(.text)
    TIM_EncoderInterfaceConfig               0x08001da3   Thumb Code    66  stm32f10x_tim.o(.text)
    TIM_ForcedOC1Config                      0x08001de5   Thumb Code    18  stm32f10x_tim.o(.text)
    TIM_ForcedOC2Config                      0x08001df7   Thumb Code    26  stm32f10x_tim.o(.text)
    TIM_ForcedOC3Config                      0x08001e11   Thumb Code    18  stm32f10x_tim.o(.text)
    TIM_ForcedOC4Config                      0x08001e23   Thumb Code    26  stm32f10x_tim.o(.text)
    TIM_ARRPreloadConfig                     0x08001e3d   Thumb Code    24  stm32f10x_tim.o(.text)
    TIM_SelectCOM                            0x08001e55   Thumb Code    24  stm32f10x_tim.o(.text)
    TIM_SelectCCDMA                          0x08001e6d   Thumb Code    24  stm32f10x_tim.o(.text)
    TIM_CCPreloadControl                     0x08001e85   Thumb Code    24  stm32f10x_tim.o(.text)
    TIM_OC1PreloadConfig                     0x08001e9d   Thumb Code    18  stm32f10x_tim.o(.text)
    TIM_OC2PreloadConfig                     0x08001eaf   Thumb Code    26  stm32f10x_tim.o(.text)
    TIM_OC3PreloadConfig                     0x08001ec9   Thumb Code    18  stm32f10x_tim.o(.text)
    TIM_OC4PreloadConfig                     0x08001edb   Thumb Code    26  stm32f10x_tim.o(.text)
    TIM_OC1FastConfig                        0x08001ef5   Thumb Code    18  stm32f10x_tim.o(.text)
    TIM_OC2FastConfig                        0x08001f07   Thumb Code    26  stm32f10x_tim.o(.text)
    TIM_OC3FastConfig                        0x08001f21   Thumb Code    18  stm32f10x_tim.o(.text)
    TIM_OC4FastConfig                        0x08001f33   Thumb Code    26  stm32f10x_tim.o(.text)
    TIM_ClearOC1Ref                          0x08001f4d   Thumb Code    18  stm32f10x_tim.o(.text)
    TIM_ClearOC2Ref                          0x08001f5f   Thumb Code    24  stm32f10x_tim.o(.text)
    TIM_ClearOC3Ref                          0x08001f77   Thumb Code    18  stm32f10x_tim.o(.text)
    TIM_ClearOC4Ref                          0x08001f89   Thumb Code    24  stm32f10x_tim.o(.text)
    TIM_OC1PolarityConfig                    0x08001fa1   Thumb Code    18  stm32f10x_tim.o(.text)
    TIM_OC1NPolarityConfig                   0x08001fb3   Thumb Code    18  stm32f10x_tim.o(.text)
    TIM_OC2PolarityConfig                    0x08001fc5   Thumb Code    26  stm32f10x_tim.o(.text)
    TIM_OC2NPolarityConfig                   0x08001fdf   Thumb Code    26  stm32f10x_tim.o(.text)
    TIM_OC3PolarityConfig                    0x08001ff9   Thumb Code    26  stm32f10x_tim.o(.text)
    TIM_OC3NPolarityConfig                   0x08002013   Thumb Code    26  stm32f10x_tim.o(.text)
    TIM_OC4PolarityConfig                    0x0800202d   Thumb Code    26  stm32f10x_tim.o(.text)
    TIM_CCxCmd                               0x08002047   Thumb Code    26  stm32f10x_tim.o(.text)
    TIM_CCxNCmd                              0x08002061   Thumb Code    26  stm32f10x_tim.o(.text)
    TIM_SelectOCxM                           0x0800207b   Thumb Code   134  stm32f10x_tim.o(.text)
    TIM_UpdateDisableConfig                  0x08002101   Thumb Code    24  stm32f10x_tim.o(.text)
    TIM_UpdateRequestConfig                  0x08002119   Thumb Code    24  stm32f10x_tim.o(.text)
    TIM_SelectHallSensor                     0x08002131   Thumb Code    24  stm32f10x_tim.o(.text)
    TIM_SelectOnePulseMode                   0x08002149   Thumb Code    18  stm32f10x_tim.o(.text)
    TIM_SelectOutputTrigger                  0x0800215b   Thumb Code    18  stm32f10x_tim.o(.text)
    TIM_SelectSlaveMode                      0x0800216d   Thumb Code    18  stm32f10x_tim.o(.text)
    TIM_SelectMasterSlaveMode                0x0800217f   Thumb Code    18  stm32f10x_tim.o(.text)
    TIM_SetCounter                           0x08002191   Thumb Code     4  stm32f10x_tim.o(.text)
    TIM_SetAutoreload                        0x08002195   Thumb Code     4  stm32f10x_tim.o(.text)
    TIM_SetCompare1                          0x08002199   Thumb Code     4  stm32f10x_tim.o(.text)
    TIM_SetCompare2                          0x0800219d   Thumb Code     4  stm32f10x_tim.o(.text)
    TIM_SetCompare3                          0x080021a1   Thumb Code     4  stm32f10x_tim.o(.text)
    TIM_SetCompare4                          0x080021a5   Thumb Code     6  stm32f10x_tim.o(.text)
    TIM_SetClockDivision                     0x080021ab   Thumb Code    14  stm32f10x_tim.o(.text)
    TIM_GetCapture1                          0x080021b9   Thumb Code     6  stm32f10x_tim.o(.text)
    TIM_GetCapture2                          0x080021bf   Thumb Code     6  stm32f10x_tim.o(.text)
    TIM_GetCapture3                          0x080021c5   Thumb Code     6  stm32f10x_tim.o(.text)
    TIM_GetCapture4                          0x080021cb   Thumb Code     8  stm32f10x_tim.o(.text)
    TIM_GetCounter                           0x080021d3   Thumb Code     6  stm32f10x_tim.o(.text)
    TIM_GetPrescaler                         0x080021d9   Thumb Code     6  stm32f10x_tim.o(.text)
    TIM_GetFlagStatus                        0x080021df   Thumb Code    18  stm32f10x_tim.o(.text)
    TIM_ClearFlag                            0x080021f1   Thumb Code     6  stm32f10x_tim.o(.text)
    TIM_GetITStatus                          0x080021f7   Thumb Code    34  stm32f10x_tim.o(.text)
    TIM_ClearITPendingBit                    0x08002219   Thumb Code     6  stm32f10x_tim.o(.text)
    NVIC_PriorityGroupConfig                 0x08002221   Thumb Code    10  misc.o(.text)
    NVIC_Init                                0x0800222b   Thumb Code   100  misc.o(.text)
    NVIC_SetVectorTable                      0x0800228f   Thumb Code    14  misc.o(.text)
    NVIC_SystemLPConfig                      0x0800229d   Thumb Code    34  misc.o(.text)
    SysTick_CLKSourceConfig                  0x080022bf   Thumb Code    40  misc.o(.text)
    SystemInit                               0x080023e1   Thumb Code    68  system_stm32f10x.o(.text)
    __aeabi_memcpy                           0x08002435   Thumb Code    36  memcpya.o(.text)
    __aeabi_memcpy4                          0x08002435   Thumb Code     0  memcpya.o(.text)
    __aeabi_memcpy8                          0x08002435   Thumb Code     0  memcpya.o(.text)
    __scatterload                            0x08002459   Thumb Code    28  init.o(.text)
    __scatterload_rt2                        0x08002459   Thumb Code     0  init.o(.text)
    __scatterload_copy                       0x0800247d   Thumb Code    14  handlers.o(i.__scatterload_copy)
    __scatterload_null                       0x0800248b   Thumb Code     2  handlers.o(i.__scatterload_null)
    __scatterload_zeroinit                   0x0800248d   Thumb Code    14  handlers.o(i.__scatterload_zeroinit)
    Region$$Table$$Base                      0x0800249c   Number         0  anon$$obj.o(Region$$Table)
    Region$$Table$$Limit                     0x080024bc   Number         0  anon$$obj.o(Region$$Table)
    usart1_data_eof                          0x20000000   Data           2  main.o(.data)
    _m_PWM_LED_CCR_Val                       0x20000002   Data           2  main.o(.data)
    _m_PWM_LED_Counter                       0x20000004   Data           2  main.o(.data)
    _m_PWM_LED_TIMx                          0x20000008   Data           4  main.o(.data)
    _m_PWM_LED_TIM_Output_Compare            0x2000000c   Data           2  main.o(.data)
    UART1_R_LED_GPIO_Pin                     0x2000000e   Data           2  main.o(.data)
    UART1_W_LED_GPIO_Pin                     0x20000010   Data           2  main.o(.data)
    uart1_received_count                     0x20000014   Data           4  main.o(.data)
    GPIOx_Enable                             0x20000018   Data           2  gpio.o(.data)
    _m_Flash_LED_GPIO_Pin                    0x20000030   Data          20  main.o(.bss)
    _m_Flash_LED_GPIOx                       0x20000044   Data          40  main.o(.bss)
    _m_Flash_LED_Delay                       0x2000006c   Data          40  main.o(.bss)
    usart1_data                              0x20000094   Data          48  main.o(.bss)
    usart1_data_nodes                        0x200000c4   Data         128  main.o(.bss)
    usart1_data_node_chars                   0x20000144   Data         128  main.o(.bss)
    _m_usart1_irqhandler_ptr                 0x200001c4   Data          40  usart1.o(.bss)
    _m_tim2_irqhandler_ptr                   0x200001ec   Data          40  timx.o(.bss)
    _m_tim3_irqhandler_ptr                   0x20000214   Data          40  timx.o(.bss)
    _m_tim4_irqhandler_ptr                   0x2000023c   Data          40  timx.o(.bss)
    _m_tim5_irqhandler_ptr                   0x20000264   Data          40  timx.o(.bss)
    __initial_sp                             0x20000490   Data           0  startup_stm32f10x_hd.o(STACK)



==============================================================================

Memory Map of the image

  Image Entry point : 0x08000147

  Load Region LR_1 (Base: 0x08000000, Size: 0x000024ec, Max: 0xffffffff, ABSOLUTE)

    Execution Region ER_RO (Base: 0x08000000, Size: 0x000024bc, Max: 0xffffffff, ABSOLUTE)

    Base Addr    Size         Type   Attr      Idx    E Section Name        Object

    0x08000000   0x00000130   Data   RO            3    RESET               startup_stm32f10x_hd.o
    0x08000130   0x00000000   Code   RO          265  * .ARM.Collect$$$$00000000  mc_w.l(entry.o)
    0x08000130   0x00000004   Code   RO          272    .ARM.Collect$$$$00000001  mc_w.l(entry2.o)
    0x08000134   0x00000004   Code   RO          275    .ARM.Collect$$$$00000004  mc_w.l(entry5.o)
    0x08000138   0x00000000   Code   RO          277    .ARM.Collect$$$$00000008  mc_w.l(entry7b.o)
    0x08000138   0x00000000   Code   RO          279    .ARM.Collect$$$$0000000A  mc_w.l(entry8b.o)
    0x08000138   0x00000008   Code   RO          280    .ARM.Collect$$$$0000000B  mc_w.l(entry9a.o)
    0x08000140   0x00000000   Code   RO          282    .ARM.Collect$$$$0000000D  mc_w.l(entry10a.o)
    0x08000140   0x00000000   Code   RO          284    .ARM.Collect$$$$0000000F  mc_w.l(entry11a.o)
    0x08000140   0x00000004   Code   RO          273    .ARM.Collect$$$$00002712  mc_w.l(entry2.o)
    0x08000144   0x00000030   Code   RO            4  * .text               startup_stm32f10x_hd.o
    0x08000174   0x00000680   Code   RO           10    .text               main.o
    0x080007f4   0x0000001a   Code   RO           96    .text               stm32f10x_it.o
    0x0800080e   0x00000002   PAD
    0x08000810   0x00000148   Code   RO          111    .text               usart1.o
    0x08000958   0x00000034   Code   RO          126    .text               led.o
    0x0800098c   0x000001ec   Code   RO          145    .text               timx.o
    0x08000b78   0x000000a0   Code   RO          160    .text               gpio.o
    0x08000c18   0x00000330   Code   RO          175    .text               stm32f10x_gpio.o
    0x08000f48   0x000003a0   Code   RO          187    .text               stm32f10x_rcc.o
    0x080012e8   0x00000370   Code   RO          201    .text               stm32f10x_usart.o
    0x08001658   0x00000bc6   Code   RO          213    .text               stm32f10x_tim.o
    0x0800221e   0x00000002   PAD
    0x08002220   0x000000dc   Code   RO          225    .text               misc.o
    0x080022fc   0x00000138   Code   RO          247    .text               system_stm32f10x.o
    0x08002434   0x00000024   Code   RO          268    .text               mc_w.l(memcpya.o)
    0x08002458   0x00000024   Code   RO          286    .text               mc_w.l(init.o)
    0x0800247c   0x0000000e   Code   RO          290    i.__scatterload_copy  mc_w.l(handlers.o)
    0x0800248a   0x00000002   Code   RO          291    i.__scatterload_null  mc_w.l(handlers.o)
    0x0800248c   0x0000000e   Code   RO          292    i.__scatterload_zeroinit  mc_w.l(handlers.o)
    0x0800249a   0x00000002   PAD
    0x0800249c   0x00000020   Data   RO          288    Region$$Table       anon$$obj.o


    Execution Region ER_RW (Base: 0x20000000, Size: 0x00000030, Max: 0xffffffff, ABSOLUTE)

    Base Addr    Size         Type   Attr      Idx    E Section Name        Object

    0x20000000   0x00000018   Data   RW           13    .data               main.o
    0x20000018   0x00000002   Data   RW          161    .data               gpio.o
    0x2000001a   0x00000014   Data   RW          188    .data               stm32f10x_rcc.o


    Execution Region ER_ZI (Base: 0x20000030, Size: 0x00000460, Max: 0xffffffff, ABSOLUTE)

    Base Addr    Size         Type   Attr      Idx    E Section Name        Object

    0x20000030   0x00000194   Zero   RW           11    .bss                main.o
    0x200001c4   0x00000028   Zero   RW          112    .bss                usart1.o
    0x200001ec   0x000000a0   Zero   RW          146    .bss                timx.o
    0x2000028c   0x00000004   PAD
    0x20000290   0x00000200   Zero   RW            1    STACK               startup_stm32f10x_hd.o


==============================================================================

Image component sizes


      Code (inc. data)   RO Data    RW Data    ZI Data      Debug   Object Name

       160         16          0          2          0       1113   gpio.o
        52          0          0          0          0       1160   led.o
      1664        104          0         24        404     258634   main.o
       220         22          0          0          0       1681   misc.o
        48         12        304          0        512        860   startup_stm32f10x_hd.o
       816         18          0          0          0       5139   stm32f10x_gpio.o
        26          0          0          0          0       1154   stm32f10x_it.o
       928         36          0         20          0       8744   stm32f10x_rcc.o
      3014         16          0          0          0      24460   stm32f10x_tim.o
       880         12          0          0          0       7763   stm32f10x_usart.o
       312         16          0          0          0       1109   system_stm32f10x.o
       492         30          0          0        160       2706   timx.o
       328         14          0          0         40       2009   usart1.o

    ----------------------------------------------------------------------
      8944        296        336         48       1120     316532   Object Totals
         0          0         32          0          0          0   (incl. Generated)
         4          0          0          2          4          0   (incl. Padding)

    ----------------------------------------------------------------------

      Code (inc. data)   RO Data    RW Data    ZI Data      Debug   Library Member Name

         0          0          0          0          0          0   entry.o
         0          0          0          0          0          0   entry10a.o
         0          0          0          0          0          0   entry11a.o
         8          4          0          0          0          0   entry2.o
         4          0          0          0          0          0   entry5.o
         0          0          0          0          0          0   entry7b.o
         0          0          0          0          0          0   entry8b.o
         8          4          0          0          0          0   entry9a.o
        30          0          0          0          0          0   handlers.o
        36          8          0          0          0         68   init.o
        36          0          0          0          0         68   memcpya.o

    ----------------------------------------------------------------------
       124         16          0          0          0        136   Library Totals
         2          0          0          0          0          0   (incl. Padding)

    ----------------------------------------------------------------------

      Code (inc. data)   RO Data    RW Data    ZI Data      Debug   Library Name

       122         16          0          0          0        136   mc_w.l

    ----------------------------------------------------------------------
       124         16          0          0          0        136   Library Totals

    ----------------------------------------------------------------------

==============================================================================


      Code (inc. data)   RO Data    RW Data    ZI Data      Debug   

      9068        312        336         48       1120     315832   Grand Totals
      9068        312        336         48       1120     315832   ELF Image Totals
      9068        312        336         48          0          0   ROM Totals

==============================================================================

    Total RO  Size (Code + RO Data)                 9404 (   9.18kB)
    Total RW  Size (RW Data + ZI Data)              1168 (   1.14kB)
    Total ROM Size (Code + RO Data + RW Data)       9452 (   9.23kB)

==============================================================================

